../ugui/src/ugui_ST7789.c:49:6:parallelWriteDC0	4	static
../ugui/src/ugui_ST7789.c:58:6:opt_delay	0	static
../ugui/src/ugui_ST7789.c:62:6:parallelWriteDC1	4	static
../ugui/src/ugui_ST7789.c:78:6:parallelMultiWriteDC1	8	static
../ugui/src/ugui_ST7789.c:85:7:Display_WriteCommand	4	static
../ugui/src/ugui_ST7789.c:90:7:Display_WriteData	4	static
../ugui/src/ugui_ST7789.c:95:7:Display_WriteMultiData	8	static
../ugui/src/ugui_ST7789.c:104:7:Display_Reset	8	static
../ugui/src/ugui_ST7789.c:110:6:Display_Init	40	static
../ugui/src/ugui_ST7789.c:203:6:Display_WindowSet	32	static
../ugui/src/ugui_ST7789.c:224:6:Display_PSet	16	static
../ugui/src/ugui_ST7789.c:255:11:HW_FillFrame	32	static
../ugui/src/ugui_ST7789.c:292:11:HW_DrawLine	16	static
../ugui/src/ugui_ST7789.c:308:11:HW_DrawImage	24	dynamic
