../ugui/src/ugui.c:4777:6:UG_DrawCircle.part.0	64	static
../ugui/src/ugui.c:8228:6:_UG_ImageUpdate	48	static
../ugui/src/ugui.c:4567:8:UG_Init	20	static
../ugui/src/ugui.c:4611:8:UG_SelectGUI	0	static
../ugui/src/ugui.c:4617:6:UG_FontSelect	4	static
../ugui/src/ugui.c:4622:6:UG_FillScreen	40	static
../ugui/src/ugui.c:4627:6:UG_FillFrame	40	static
../ugui/src/ugui.c:4709:6:UG_DrawMesh	32	static
../ugui/src/ugui.c:4772:6:UG_DrawPixel	0	static
../ugui/src/ugui.c:4777:6:UG_DrawCircle	4	static
../ugui/src/ugui.c:4852:6:UG_DrawArc	80	static
../ugui/src/ugui.c:4896:6:UG_DrawLine	64	static
../ugui/src/ugui.c:4659:6:UG_FillRoundFrame	80	static
../ugui/src/ugui.c:4735:6:UG_DrawFrame	32	static
../ugui/src/ugui.c:4743:6:UG_DrawRoundFrame	88	static
../ugui/src/ugui.c:4814:6:UG_FillCircle	72	static
../ugui/src/ugui.c:5021:6:UG_ConsoleSetArea	4	static
../ugui/src/ugui.c:5029:6:UG_ConsoleSetForecolor	0	static
../ugui/src/ugui.c:5034:6:UG_ConsoleSetBackcolor	0	static
../ugui/src/ugui.c:5039:6:UG_SetForecolor	0	static
../ugui/src/ugui.c:5044:6:UG_SetBackcolor	0	static
../ugui/src/ugui.c:5049:8:UG_GetXDim	0	static
../ugui/src/ugui.c:5054:8:UG_GetYDim	0	static
../ugui/src/ugui.c:5059:6:UG_FontSetHSpace	0	static
../ugui/src/ugui.c:5064:6:UG_FontSetVSpace	0	static
../ugui/src/ugui.c:5266:6:_UG_PutChar	72	static
../ugui/src/ugui.c:4981:6:UG_PutChar	16	static
../ugui/src/ugui.c:4949:6:UG_PutString	40	static
../ugui/src/ugui.c:4986:6:UG_ConsolePutString	56	static
../ugui/src/ugui.c:5399:6:_UG_PutText	80	static
../ugui/src/ugui.c:8078:6:_UG_TextboxUpdate	96	static
../ugui/src/ugui.c:5475:12:_UG_GetFreeObject	0	static
../ugui/src/ugui.c:5492:12:_UG_SearchObject	4	static
../ugui/src/ugui.c:5512:11:_UG_DeleteObject	8	static
../ugui/src/ugui.c:5535:6:_UG_ProcessTouchData	20	static
../ugui/src/ugui.c:5607:6:_UG_UpdateObjects	32	static
../ugui/src/ugui.c:5638:6:_UG_HandleEvents	40	static
../ugui/src/ugui.c:5674:6:_UG_DrawObjectFrame	64	static
../ugui/src/ugui.c:7070:6:_UG_ButtonUpdate	104	static
../ugui/src/ugui.c:7640:6:_UG_CheckboxUpdate	112	static
../ugui/src/ugui.c:5694:6:_UG_SendObjectPrerenderEvent	16	static
../ugui/src/ugui.c:5708:6:_UG_SendObjectPostrenderEvent	16	static
../ugui/src/ugui.c:5724:6:UG_DriverRegister	0	static
../ugui/src/ugui.c:5732:6:UG_DriverEnable	0	static
../ugui/src/ugui.c:5741:6:UG_DriverDisable	0	static
../ugui/src/ugui.c:5805:6:UG_WaitForUpdate	0	static
../ugui/src/ugui.c:5816:6:UG_DrawBMP	24	static
../ugui/src/ugui.c:5887:6:UG_TouchUpdate	0	static
../ugui/src/ugui.c:5897:11:UG_WindowCreate	20	static
../ugui/src/ugui.c:5947:11:UG_WindowDelete	0	static
../ugui/src/ugui.c:5968:11:UG_WindowShow	0	static
../ugui/src/ugui.c:5981:11:UG_WindowHide	48	static
../ugui/src/ugui.c:6012:11:UG_WindowResize	64	static
../ugui/src/ugui.c:6053:11:UG_WindowAlert	0	static
../ugui/src/ugui.c:6062:11:UG_WindowSetForeColor	0	static
../ugui/src/ugui.c:6073:11:UG_WindowSetBackColor	0	static
../ugui/src/ugui.c:6084:11:UG_WindowSetTitleTextColor	0	static
../ugui/src/ugui.c:6095:11:UG_WindowSetTitleColor	0	static
../ugui/src/ugui.c:6106:11:UG_WindowSetTitleInactiveTextColor	0	static
../ugui/src/ugui.c:6117:11:UG_WindowSetTitleInactiveColor	0	static
../ugui/src/ugui.c:6128:11:UG_WindowSetTitleText	0	static
../ugui/src/ugui.c:6139:11:UG_WindowSetTitleTextFont	0	static
../ugui/src/ugui.c:6155:11:UG_WindowSetTitleTextHSpace	0	static
../ugui/src/ugui.c:6166:11:UG_WindowSetTitleTextVSpace	0	static
../ugui/src/ugui.c:6177:11:UG_WindowSetTitleTextAlignment	0	static
../ugui/src/ugui.c:6188:11:UG_WindowSetTitleHeight	0	static
../ugui/src/ugui.c:6200:11:UG_WindowSetXStart	64	static
../ugui/src/ugui.c:6211:11:UG_WindowSetYStart	64	static
../ugui/src/ugui.c:6222:11:UG_WindowSetXEnd	64	static
../ugui/src/ugui.c:6233:11:UG_WindowSetYEnd	64	static
../ugui/src/ugui.c:6244:11:UG_WindowSetStyle	0	static
../ugui/src/ugui.c:6272:10:UG_WindowGetForeColor	0	static
../ugui/src/ugui.c:6282:10:UG_WindowGetBackColor	0	static
../ugui/src/ugui.c:6292:10:UG_WindowGetTitleTextColor	0	static
../ugui/src/ugui.c:6302:10:UG_WindowGetTitleColor	0	static
../ugui/src/ugui.c:6312:10:UG_WindowGetTitleInactiveTextColor	0	static
../ugui/src/ugui.c:6322:10:UG_WindowGetTitleInactiveColor	0	static
../ugui/src/ugui.c:6332:7:UG_WindowGetTitleText	0	static
../ugui/src/ugui.c:6342:10:UG_WindowGetTitleTextFont	0	static
../ugui/src/ugui.c:6352:7:UG_WindowGetTitleTextHSpace	0	static
../ugui/src/ugui.c:6362:7:UG_WindowGetTitleTextVSpace	0	static
../ugui/src/ugui.c:6372:7:UG_WindowGetTitleTextAlignment	0	static
../ugui/src/ugui.c:6382:7:UG_WindowGetTitleHeight	0	static
../ugui/src/ugui.c:6392:8:UG_WindowGetXStart	0	static
../ugui/src/ugui.c:6402:8:UG_WindowGetYStart	0	static
../ugui/src/ugui.c:6412:8:UG_WindowGetXEnd	0	static
../ugui/src/ugui.c:6422:8:UG_WindowGetYEnd	0	static
../ugui/src/ugui.c:6432:7:UG_WindowGetStyle	0	static
../ugui/src/ugui.c:6442:11:UG_WindowGetArea	12	static
../ugui/src/ugui.c:6466:8:UG_WindowGetInnerWidth	0	static
../ugui/src/ugui.c:6481:8:UG_WindowGetOuterWidth	0	static
../ugui/src/ugui.c:6493:8:UG_WindowGetInnerHeight	0	static
../ugui/src/ugui.c:6511:8:UG_WindowGetOuterHeight	0	static
../ugui/src/ugui.c:6523:11:_UG_WindowDrawTitle	104	static
../ugui/src/ugui.c:6578:6:_UG_WindowUpdate	48	static
../ugui/src/ugui.c:5753:6:UG_Update	40	static
../ugui/src/ugui.c:6630:11:_UG_WindowClear	48	static
../ugui/src/ugui.c:6657:11:UG_ButtonCreate	28	static
../ugui/src/ugui.c:6699:11:UG_ButtonDelete	0	static
../ugui/src/ugui.c:6704:11:UG_ButtonShow	0	static
../ugui/src/ugui.c:6717:11:UG_ButtonHide	4	static
../ugui/src/ugui.c:6736:11:UG_ButtonSetForeColor	8	static
../ugui/src/ugui.c:6751:11:UG_ButtonSetBackColor	8	static
../ugui/src/ugui.c:6766:11:UG_ButtonSetAlternateForeColor	8	static
../ugui/src/ugui.c:6781:11:UG_ButtonSetAlternateBackColor	8	static
../ugui/src/ugui.c:6796:11:UG_ButtonSetText	8	static
../ugui/src/ugui.c:6811:11:UG_ButtonSetFont	8	static
../ugui/src/ugui.c:6826:11:UG_ButtonSetStyle	8	static
../ugui/src/ugui.c:6874:11:UG_ButtonSetHSpace	8	static
../ugui/src/ugui.c:6889:11:UG_ButtonSetVSpace	8	static
../ugui/src/ugui.c:6904:11:UG_ButtonSetAlignment	8	static
../ugui/src/ugui.c:6919:10:UG_ButtonGetForeColor	0	static
../ugui/src/ugui.c:6934:10:UG_ButtonGetBackColor	0	static
../ugui/src/ugui.c:6949:10:UG_ButtonGetAlternateForeColor	0	static
../ugui/src/ugui.c:6964:10:UG_ButtonGetAlternateBackColor	0	static
../ugui/src/ugui.c:6979:7:UG_ButtonGetText	0	static
../ugui/src/ugui.c:6994:10:UG_ButtonGetFont	0	static
../ugui/src/ugui.c:7009:7:UG_ButtonGetStyle	0	static
../ugui/src/ugui.c:7024:7:UG_ButtonGetHSpace	0	static
../ugui/src/ugui.c:7039:7:UG_ButtonGetVSpace	0	static
../ugui/src/ugui.c:7054:7:UG_ButtonGetAlignment	0	static
../ugui/src/ugui.c:7195:11:UG_CheckboxCreate	28	static
../ugui/src/ugui.c:7238:11:UG_CheckboxDelete	0	static
../ugui/src/ugui.c:7243:11:UG_CheckboxShow	0	static
../ugui/src/ugui.c:7256:11:UG_CheckboxHide	4	static
../ugui/src/ugui.c:7275:11:UG_CheckboxSetCheched	8	static
../ugui/src/ugui.c:7291:11:UG_CheckboxSetForeColor	8	static
../ugui/src/ugui.c:7306:11:UG_CheckboxSetBackColor	8	static
../ugui/src/ugui.c:7321:11:UG_CheckboxSetAlternateForeColor	8	static
../ugui/src/ugui.c:7336:11:UG_CheckboxSetAlternateBackColor	8	static
../ugui/src/ugui.c:7351:11:UG_CheckboxSetText	8	static
../ugui/src/ugui.c:7366:11:UG_CheckboxSetFont	8	static
../ugui/src/ugui.c:7381:11:UG_CheckboxSetStyle	8	static
../ugui/src/ugui.c:7429:11:UG_CheckboxSetHSpace	8	static
../ugui/src/ugui.c:7444:11:UG_CheckboxSetVSpace	8	static
../ugui/src/ugui.c:7459:11:UG_CheckboxSetAlignment	8	static
../ugui/src/ugui.c:7474:7:UG_CheckboxGetChecked	0	static
../ugui/src/ugui.c:7489:10:UG_CheckboxGetForeColor	0	static
../ugui/src/ugui.c:7504:10:UG_CheckboxGetBackColor	0	static
../ugui/src/ugui.c:7519:10:UG_CheckboxGetAlternateForeColor	0	static
../ugui/src/ugui.c:7534:10:UG_CheckboxGetAlternateBackColor	0	static
../ugui/src/ugui.c:7549:7:UG_CheckboxGetText	0	static
../ugui/src/ugui.c:7564:10:UG_CheckboxGetFont	0	static
../ugui/src/ugui.c:7579:7:UG_CheckboxGetStyle	0	static
../ugui/src/ugui.c:7594:7:UG_CheckboxGetHSpace	0	static
../ugui/src/ugui.c:7609:7:UG_CheckboxGetVSpace	0	static
../ugui/src/ugui.c:7624:7:UG_CheckboxGetAlignment	0	static
../ugui/src/ugui.c:7796:11:UG_TextboxCreate	36	static
../ugui/src/ugui.c:7837:11:UG_TextboxDelete	0	static
../ugui/src/ugui.c:7842:11:UG_TextboxShow	0	static
../ugui/src/ugui.c:7855:11:UG_TextboxHide	0	static
../ugui/src/ugui.c:7868:11:UG_TextboxSetForeColor	8	static
../ugui/src/ugui.c:7883:11:UG_TextboxSetBackColor	8	static
../ugui/src/ugui.c:7898:11:UG_TextboxSetText	8	static
../ugui/src/ugui.c:7913:11:UG_TextboxSetFont	8	static
../ugui/src/ugui.c:7928:11:UG_TextboxSetHSpace	8	static
../ugui/src/ugui.c:7943:11:UG_TextboxSetVSpace	8	static
../ugui/src/ugui.c:7958:11:UG_TextboxSetAlignment	8	static
../ugui/src/ugui.c:7973:10:UG_TextboxGetForeColor	0	static
../ugui/src/ugui.c:7988:10:UG_TextboxGetBackColor	0	static
../ugui/src/ugui.c:8003:7:UG_TextboxGetText	0	static
../ugui/src/ugui.c:8018:10:UG_TextboxGetFont	0	static
../ugui/src/ugui.c:8033:7:UG_TextboxGetHSpace	0	static
../ugui/src/ugui.c:8048:7:UG_TextboxGetVSpace	0	static
../ugui/src/ugui.c:8063:7:UG_TextboxGetAlignment	0	static
../ugui/src/ugui.c:8147:11:UG_ImageCreate	28	static
../ugui/src/ugui.c:8181:11:UG_ImageDelete	4	static
../ugui/src/ugui.c:8186:11:UG_ImageShow	0	static
../ugui/src/ugui.c:8199:11:UG_ImageHide	0	static
../ugui/src/ugui.c:8212:11:UG_ImageSetBMP	8	static
