../Core/Src/stm32f1xx_hal_msp.c:65:6:HAL_MspInit	8	static
../Core/Src/stm32f1xx_hal_msp.c:87:6:HAL_ADC_MspInit	40	static
../Core/Src/stm32f1xx_hal_msp.c:121:6:HAL_ADC_MspDeInit	0	static
../Core/Src/stm32f1xx_hal_msp.c:151:6:HAL_I2C_MspInit	40	static
../Core/Src/stm32f1xx_hal_msp.c:185:6:HAL_I2C_MspDeInit	8	static
../Core/Src/stm32f1xx_hal_msp.c:216:6:HAL_TIM_Base_MspInit	16	static
../Core/Src/stm32f1xx_hal_msp.c:241:6:HAL_TIM_PWM_MspInit	8	static
../Core/Src/stm32f1xx_hal_msp.c:257:6:HAL_TIM_MspPostInit	40	static
../Core/Src/stm32f1xx_hal_msp.c:288:6:HAL_TIM_Base_MspDeInit	0	static
../Core/Src/stm32f1xx_hal_msp.c:313:6:HAL_TIM_PWM_MspDeInit	0	static
