Archive member included to satisfy reference by file (symbol)

c:/st/stm32cubeide_1.10.1/stm32cubeide/plugins/com.st.stm32cube.ide.mcu.externaltools.gnu-tools-for-stm32.10.3-2021.10.win32_1.0.0.202111181127/tools/bin/../lib/gcc/arm-none-eabi/10.3.1/../../../../arm-none-eabi/lib/thumb/v7-m/nofp\libc_nano.a(lib_a-errno.o)
                              ./Core/Src/syscalls.o (__errno)
c:/st/stm32cubeide_1.10.1/stm32cubeide/plugins/com.st.stm32cube.ide.mcu.externaltools.gnu-tools-for-stm32.10.3-2021.10.win32_1.0.0.202111181127/tools/bin/../lib/gcc/arm-none-eabi/10.3.1/../../../../arm-none-eabi/lib/thumb/v7-m/nofp\libc_nano.a(lib_a-exit.o)
                              c:/st/stm32cubeide_1.10.1/stm32cubeide/plugins/com.st.stm32cube.ide.mcu.externaltools.gnu-tools-for-stm32.10.3-2021.10.win32_1.0.0.202111181127/tools/bin/../lib/gcc/arm-none-eabi/10.3.1/../../../../arm-none-eabi/lib/thumb/v7-m/nofp/crt0.o (exit)
c:/st/stm32cubeide_1.10.1/stm32cubeide/plugins/com.st.stm32cube.ide.mcu.externaltools.gnu-tools-for-stm32.10.3-2021.10.win32_1.0.0.202111181127/tools/bin/../lib/gcc/arm-none-eabi/10.3.1/../../../../arm-none-eabi/lib/thumb/v7-m/nofp\libc_nano.a(lib_a-impure.o)
                              c:/st/stm32cubeide_1.10.1/stm32cubeide/plugins/com.st.stm32cube.ide.mcu.externaltools.gnu-tools-for-stm32.10.3-2021.10.win32_1.0.0.202111181127/tools/bin/../lib/gcc/arm-none-eabi/10.3.1/../../../../arm-none-eabi/lib/thumb/v7-m/nofp\libc_nano.a(lib_a-exit.o) (_global_impure_ptr)
c:/st/stm32cubeide_1.10.1/stm32cubeide/plugins/com.st.stm32cube.ide.mcu.externaltools.gnu-tools-for-stm32.10.3-2021.10.win32_1.0.0.202111181127/tools/bin/../lib/gcc/arm-none-eabi/10.3.1/../../../../arm-none-eabi/lib/thumb/v7-m/nofp\libc_nano.a(lib_a-init.o)
                              c:/st/stm32cubeide_1.10.1/stm32cubeide/plugins/com.st.stm32cube.ide.mcu.externaltools.gnu-tools-for-stm32.10.3-2021.10.win32_1.0.0.202111181127/tools/bin/../lib/gcc/arm-none-eabi/10.3.1/../../../../arm-none-eabi/lib/thumb/v7-m/nofp/crt0.o (__libc_init_array)
c:/st/stm32cubeide_1.10.1/stm32cubeide/plugins/com.st.stm32cube.ide.mcu.externaltools.gnu-tools-for-stm32.10.3-2021.10.win32_1.0.0.202111181127/tools/bin/../lib/gcc/arm-none-eabi/10.3.1/../../../../arm-none-eabi/lib/thumb/v7-m/nofp\libc_nano.a(lib_a-memset.o)
                              c:/st/stm32cubeide_1.10.1/stm32cubeide/plugins/com.st.stm32cube.ide.mcu.externaltools.gnu-tools-for-stm32.10.3-2021.10.win32_1.0.0.202111181127/tools/bin/../lib/gcc/arm-none-eabi/10.3.1/../../../../arm-none-eabi/lib/thumb/v7-m/nofp/crt0.o (memset)
c:/st/stm32cubeide_1.10.1/stm32cubeide/plugins/com.st.stm32cube.ide.mcu.externaltools.gnu-tools-for-stm32.10.3-2021.10.win32_1.0.0.202111181127/tools/bin/../lib/gcc/arm-none-eabi/10.3.1/thumb/v7-m/nofp\libgcc.a(_arm_muldf3.o)
                              ./Core/Src/SW3516.o (__aeabi_dmul)
c:/st/stm32cubeide_1.10.1/stm32cubeide/plugins/com.st.stm32cube.ide.mcu.externaltools.gnu-tools-for-stm32.10.3-2021.10.win32_1.0.0.202111181127/tools/bin/../lib/gcc/arm-none-eabi/10.3.1/thumb/v7-m/nofp\libgcc.a(_arm_addsubdf3.o)
                              ./Core/Src/SW3516.o (__aeabi_i2d)
c:/st/stm32cubeide_1.10.1/stm32cubeide/plugins/com.st.stm32cube.ide.mcu.externaltools.gnu-tools-for-stm32.10.3-2021.10.win32_1.0.0.202111181127/tools/bin/../lib/gcc/arm-none-eabi/10.3.1/thumb/v7-m/nofp\libgcc.a(_arm_muldivdf3.o)
                              ./Core/Src/SW3516.o (__aeabi_ddiv)
c:/st/stm32cubeide_1.10.1/stm32cubeide/plugins/com.st.stm32cube.ide.mcu.externaltools.gnu-tools-for-stm32.10.3-2021.10.win32_1.0.0.202111181127/tools/bin/../lib/gcc/arm-none-eabi/10.3.1/thumb/v7-m/nofp\libgcc.a(_arm_truncdfsf2.o)
                              ./Core/Src/SW3516.o (__aeabi_d2f)
c:/st/stm32cubeide_1.10.1/stm32cubeide/plugins/com.st.stm32cube.ide.mcu.externaltools.gnu-tools-for-stm32.10.3-2021.10.win32_1.0.0.202111181127/tools/bin/../lib/gcc/arm-none-eabi/10.3.1/thumb/v7-m/nofp\libgcc.a(_arm_addsubsf3.o)
                              ./Core/Src/SW3516.o (__aeabi_i2f)

Discarded input sections

 .text          0x0000000000000000        0x0 c:/st/stm32cubeide_1.10.1/stm32cubeide/plugins/com.st.stm32cube.ide.mcu.externaltools.gnu-tools-for-stm32.10.3-2021.10.win32_1.0.0.202111181127/tools/bin/../lib/gcc/arm-none-eabi/10.3.1/thumb/v7-m/nofp/crti.o
 .data          0x0000000000000000        0x0 c:/st/stm32cubeide_1.10.1/stm32cubeide/plugins/com.st.stm32cube.ide.mcu.externaltools.gnu-tools-for-stm32.10.3-2021.10.win32_1.0.0.202111181127/tools/bin/../lib/gcc/arm-none-eabi/10.3.1/thumb/v7-m/nofp/crti.o
 .bss           0x0000000000000000        0x0 c:/st/stm32cubeide_1.10.1/stm32cubeide/plugins/com.st.stm32cube.ide.mcu.externaltools.gnu-tools-for-stm32.10.3-2021.10.win32_1.0.0.202111181127/tools/bin/../lib/gcc/arm-none-eabi/10.3.1/thumb/v7-m/nofp/crti.o
[...]
Memory Configuration

Name             Origin             Length             Attributes
RAM              0x0000000020000000 0x0000000000005000 xrw
FLASH            0x0000000008000000 0x0000000000010000 xr
*default*        0x0000000000000000 0xffffffffffffffff

Linker script and memory map

LOAD c:/st/stm32cubeide_1.10.1/stm32cubeide/plugins/com.st.stm32cube.ide.mcu.externaltools.gnu-tools-for-stm32.10.3-2021.10.win32_1.0.0.202111181127/tools/bin/../lib/gcc/arm-none-eabi/10.3.1/thumb/v7-m/nofp/crti.o
LOAD c:/st/stm32cubeide_1.10.1/stm32cubeide/plugins/com.st.stm32cube.ide.mcu.externaltools.gnu-tools-for-stm32.10.3-2021.10.win32_1.0.0.202111181127/tools/bin/../lib/gcc/arm-none-eabi/10.3.1/thumb/v7-m/nofp/crtbegin.o
LOAD c:/st/stm32cubeide_1.10.1/stm32cubeide/plugins/com.st.stm32cube.ide.mcu.externaltools.gnu-tools-for-stm32.10.3-2021.10.win32_1.0.0.202111181127/tools/bin/../lib/gcc/arm-none-eabi/10.3.1/../../../../arm-none-eabi/lib/thumb/v7-m/nofp/crt0.o
LOAD ./Core/Src/SW3516.o
LOAD ./Core/Src/lcd_progm.o
LOAD ./Core/Src/main.o
LOAD ./Core/Src/stm32f1xx_hal_msp.o
LOAD ./Core/Src/stm32f1xx_it.o
LOAD ./Core/Src/syscalls.o
LOAD ./Core/Src/sysmem.o
LOAD ./Core/Src/system_stm32f1xx.o
LOAD ./Core/Startup/startup_stm32f103c8tx.o
LOAD ./Drivers/STM32F1xx_HAL_Driver/Src/stm32f1xx_hal.o
LOAD ./Drivers/STM32F1xx_HAL_Driver/Src/stm32f1xx_hal_cortex.o
LOAD ./Drivers/STM32F1xx_HAL_Driver/Src/stm32f1xx_hal_dma.o
LOAD ./Drivers/STM32F1xx_HAL_Driver/Src/stm32f1xx_hal_exti.o
LOAD ./Drivers/STM32F1xx_HAL_Driver/Src/stm32f1xx_hal_flash.o
LOAD ./Drivers/STM32F1xx_HAL_Driver/Src/stm32f1xx_hal_flash_ex.o
LOAD ./Drivers/STM32F1xx_HAL_Driver/Src/stm32f1xx_hal_gpio.o
LOAD ./Drivers/STM32F1xx_HAL_Driver/Src/stm32f1xx_hal_gpio_ex.o
LOAD ./Drivers/STM32F1xx_HAL_Driver/Src/stm32f1xx_hal_i2c.o
LOAD ./Drivers/STM32F1xx_HAL_Driver/Src/stm32f1xx_hal_pwr.o
LOAD ./Drivers/STM32F1xx_HAL_Driver/Src/stm32f1xx_hal_rcc.o
LOAD ./Drivers/STM32F1xx_HAL_Driver/Src/stm32f1xx_hal_rcc_ex.o
LOAD ./Drivers/STM32F1xx_HAL_Driver/Src/stm32f1xx_hal_tim.o
LOAD ./Drivers/STM32F1xx_HAL_Driver/Src/stm32f1xx_hal_tim_ex.o
LOAD ./ugui/src/ugui.o
LOAD ./ugui/src/ugui_ST7789.o
START GROUP
LOAD c:/st/stm32cubeide_1.10.1/stm32cubeide/plugins/com.st.stm32cube.ide.mcu.externaltools.gnu-tools-for-stm32.10.3-2021.10.win32_1.0.0.202111181127/tools/bin/../lib/gcc/arm-none-eabi/10.3.1/../../../../arm-none-eabi/lib/thumb/v7-m/nofp\libc_nano.a
LOAD c:/st/stm32cubeide_1.10.1/stm32cubeide/plugins/com.st.stm32cube.ide.mcu.externaltools.gnu-tools-for-stm32.10.3-2021.10.win32_1.0.0.202111181127/tools/bin/../lib/gcc/arm-none-eabi/10.3.1/../../../../arm-none-eabi/lib/thumb/v7-m/nofp\libm.a
END GROUP
START GROUP
LOAD c:/st/stm32cubeide_1.10.1/stm32cubeide/plugins/com.st.stm32cube.ide.mcu.externaltools.gnu-tools-for-stm32.10.3-2021.10.win32_1.0.0.202111181127/tools/bin/../lib/gcc/arm-none-eabi/10.3.1/thumb/v7-m/nofp\libgcc.a
LOAD c:/st/stm32cubeide_1.10.1/stm32cubeide/plugins/com.st.stm32cube.ide.mcu.externaltools.gnu-tools-for-stm32.10.3-2021.10.win32_1.0.0.202111181127/tools/bin/../lib/gcc/arm-none-eabi/10.3.1/../../../../arm-none-eabi/lib/thumb/v7-m/nofp\libc_nano.a
END GROUP
START GROUP
LOAD c:/st/stm32cubeide_1.10.1/stm32cubeide/plugins/com.st.stm32cube.ide.mcu.externaltools.gnu-tools-for-stm32.10.3-2021.10.win32_1.0.0.202111181127/tools/bin/../lib/gcc/arm-none-eabi/10.3.1/thumb/v7-m/nofp\libgcc.a
LOAD c:/st/stm32cubeide_1.10.1/stm32cubeide/plugins/com.st.stm32cube.ide.mcu.externaltools.gnu-tools-for-stm32.10.3-2021.10.win32_1.0.0.202111181127/tools/bin/../lib/gcc/arm-none-eabi/10.3.1/../../../../arm-none-eabi/lib/thumb/v7-m/nofp\libc_nano.a
LOAD c:/st/stm32cubeide_1.10.1/stm32cubeide/plugins/com.st.stm32cube.ide.mcu.externaltools.gnu-tools-for-stm32.10.3-2021.10.win32_1.0.0.202111181127/tools/bin/../lib/gcc/arm-none-eabi/10.3.1/../../../../arm-none-eabi/lib/thumb/v7-m/nofp\libnosys.a
END GROUP
START GROUP
LOAD c:/st/stm32cubeide_1.10.1/stm32cubeide/plugins/com.st.stm32cube.ide.mcu.externaltools.gnu-tools-for-stm32.10.3-2021.10.win32_1.0.0.202111181127/tools/bin/../lib/gcc/arm-none-eabi/10.3.1/thumb/v7-m/nofp\libgcc.a
LOAD c:/st/stm32cubeide_1.10.1/stm32cubeide/plugins/com.st.stm32cube.ide.mcu.externaltools.gnu-tools-for-stm32.10.3-2021.10.win32_1.0.0.202111181127/tools/bin/../lib/gcc/arm-none-eabi/10.3.1/../../../../arm-none-eabi/lib/thumb/v7-m/nofp\libc_nano.a
LOAD c:/st/stm32cubeide_1.10.1/stm32cubeide/plugins/com.st.stm32cube.ide.mcu.externaltools.gnu-tools-for-stm32.10.3-2021.10.win32_1.0.0.202111181127/tools/bin/../lib/gcc/arm-none-eabi/10.3.1/../../../../arm-none-eabi/lib/thumb/v7-m/nofp\libnosys.a
END GROUP
LOAD c:/st/stm32cubeide_1.10.1/stm32cubeide/plugins/com.st.stm32cube.ide.mcu.externaltools.gnu-tools-for-stm32.10.3-2021.10.win32_1.0.0.202111181127/tools/bin/../lib/gcc/arm-none-eabi/10.3.1/thumb/v7-m/nofp/crtend.o
LOAD c:/st/stm32cubeide_1.10.1/stm32cubeide/plugins/com.st.stm32cube.ide.mcu.externaltools.gnu-tools-for-stm32.10.3-2021.10.win32_1.0.0.202111181127/tools/bin/../lib/gcc/arm-none-eabi/10.3.1/thumb/v7-m/nofp/crtn.o
                0x0000000020005000                _estack = (ORIGIN (RAM) + LENGTH (RAM))
                0x0000000000000200                _Min_Heap_Size = 0x200
                0x0000000000000400                _Min_Stack_Size = 0x400

.isr_vector     0x0000000008000000      0x10c
                0x0000000008000000                . = ALIGN (0x4)
 *(.isr_vector)
 .isr_vector    0x0000000008000000      0x10c ./Core/Startup/startup_stm32f103c8tx.o
                0x0000000008000000                g_pfnVectors
                0x000000000800010c                . = ALIGN (0x4)

.text           0x000000000800010c     0x78dc
                0x000000000800010c                . = ALIGN (0x4)
 *(.text)
 .text          0x000000000800010c       0x40 c:/st/stm32cubeide_1.10.1/stm32cubeide/plugins/com.st.stm32cube.ide.mcu.externaltools.gnu-tools-for-stm32.10.3-2021.10.win32_1.0.0.202111181127/tools/bin/../lib/gcc/arm-none-eabi/10.3.1/thumb/v7-m/nofp/crtbegin.o
 .text          0x000000000800014c      0x378 c:/st/stm32cubeide_1.10.1/stm32cubeide/plugins/com.st.stm32cube.ide.mcu.externaltools.gnu-tools-for-stm32.10.3-2021.10.win32_1.0.0.202111181127/tools/bin/../lib/gcc/arm-none-eabi/10.3.1/thumb/v7-m/nofp\libgcc.a(_arm_addsubdf3.o)
                0x000000000800014c                __aeabi_drsub
                0x0000000008000154                __aeabi_dsub
                0x0000000008000154                __subdf3
                0x0000000008000158                __aeabi_dadd
                0x0000000008000158                __adddf3
                0x00000000080003d0                __floatunsidf
                0x00000000080003d0                __aeabi_ui2d
                0x00000000080003f0                __floatsidf
                0x00000000080003f0                __aeabi_i2d
                0x0000000008000414                __aeabi_f2d
                0x0000000008000414                __extendsfdf2
                0x0000000008000458                __floatundidf
                0x0000000008000458                __aeabi_ul2d
                0x0000000008000468                __floatdidf
                0x0000000008000468                __aeabi_l2d
 .text          0x00000000080004c4      0x424 c:/st/stm32cubeide_1.10.1/stm32cubeide/plugins/com.st.stm32cube.ide.mcu.externaltools.gnu-tools-for-stm32.10.3-2021.10.win32_1.0.0.202111181127/tools/bin/../lib/gcc/arm-none-eabi/10.3.1/thumb/v7-m/nofp\libgcc.a(_arm_muldivdf3.o)
                0x00000000080004c4                __aeabi_dmul
                0x00000000080004c4                __muldf3
                0x0000000008000718                __divdf3
                0x0000000008000718                __aeabi_ddiv
 .text          0x00000000080008e8       0xa0 c:/st/stm32cubeide_1.10.1/stm32cubeide/plugins/com.st.stm32cube.ide.mcu.externaltools.gnu-tools-for-stm32.10.3-2021.10.win32_1.0.0.202111181127/tools/bin/../lib/gcc/arm-none-eabi/10.3.1/thumb/v7-m/nofp\libgcc.a(_arm_truncdfsf2.o)
                0x00000000080008e8                __truncdfsf2
                0x00000000080008e8                __aeabi_d2f
 .text          0x0000000008000988      0x21c c:/st/stm32cubeide_1.10.1/stm32cubeide/plugins/com.st.stm32cube.ide.mcu.externaltools.gnu-tools-for-stm32.10.3-2021.10.win32_1.0.0.202111181127/tools/bin/../lib/gcc/arm-none-eabi/10.3.1/thumb/v7-m/nofp\libgcc.a(_arm_addsubsf3.o)
                0x0000000008000988                __aeabi_frsub
                0x0000000008000990                __subsf3
                0x0000000008000990                __aeabi_fsub
                0x0000000008000994                __aeabi_fadd
                0x0000000008000994                __addsf3
                0x0000000008000af4                __aeabi_ui2f
                0x0000000008000af4                __floatunsisf
                0x0000000008000afc                __aeabi_i2f
                0x0000000008000afc                __floatsisf
                0x0000000008000b18                __aeabi_ul2f
                0x0000000008000b18                __floatundisf
                0x0000000008000b28                __aeabi_l2f
                0x0000000008000b28                __floatdisf
 *(.text*)
 .text.SW3516_init
                0x0000000008000ba4       0x30 ./Core/Src/SW3516.o
                0x0000000008000ba4                SW3516_init
 .text.read_ADC_DATA_BUFFER
                0x0000000008000bd4       0x90 ./Core/Src/SW3516.o
                0x0000000008000bd4                read_ADC_DATA_BUFFER
 .text.convert_ADC
                0x0000000008000c64      0x198 ./Core/Src/SW3516.o
                0x0000000008000c64                convert_ADC
 .text.Page_1   0x0000000008000dfc      0x208 ./Core/Src/lcd_progm.o
                0x0000000008000dfc                Page_1
 .text.Page_2   0x0000000008001004       0x54 ./Core/Src/lcd_progm.o
                0x0000000008001004                Page_2
 .text.Page_3   0x0000000008001058       0x50 ./Core/Src/lcd_progm.o
                0x0000000008001058                Page_3
 .text.Page_logo
                0x00000000080010a8       0x2c ./Core/Src/lcd_progm.o
                0x00000000080010a8                Page_logo
 .text.begin    0x00000000080010d4      0xfa4 ./Core/Src/lcd_progm.o
                0x00000000080010d4                begin
 .text.window_page_1_callback
                0x0000000008002078       0x12 ./Core/Src/lcd_progm.o
                0x0000000008002078                window_page_1_callback
 .text.window_graph_callback
                0x000000000800208a       0x12 ./Core/Src/lcd_progm.o
                0x000000000800208a                window_graph_callback
 .text.window_logo_callback
                0x000000000800209c       0x12 ./Core/Src/lcd_progm.o
                0x000000000800209c                window_logo_callback
 .text.window_page_2_callback
                0x00000000080020ae       0x12 ./Core/Src/lcd_progm.o
                0x00000000080020ae                window_page_2_callback
 .text.main     0x00000000080020c0       0x40 ./Core/Src/main.o
                0x00000000080020c0                main
 .text.SystemClock_Config
                0x0000000008002100       0x8a ./Core/Src/main.o
                0x0000000008002100                SystemClock_Config
 *fill*         0x000000000800218a        0x2 
 .text.MX_I2C1_Init
                0x000000000800218c       0x5c ./Core/Src/main.o
 .text.MX_TIM2_Init
                0x00000000080021e8       0x9c ./Core/Src/main.o
 .text.MX_GPIO_Init
                0x0000000008002284      0x148 ./Core/Src/main.o
 .text.HAL_GPIO_EXTI_Callback
                0x00000000080023cc       0x3c ./Core/Src/main.o
                0x00000000080023cc                HAL_GPIO_EXTI_Callback
 .text.HAL_TIM_PeriodElapsedCallback
                0x0000000008002408       0x34 ./Core/Src/main.o
                0x0000000008002408                HAL_TIM_PeriodElapsedCallback
 .text.Error_Handler
                0x000000000800243c        0xa ./Core/Src/main.o
                0x000000000800243c                Error_Handler
 *fill*         0x0000000008002446        0x2 
 .text.HAL_MspInit
                0x0000000008002448       0x44 ./Core/Src/stm32f1xx_hal_msp.o
                0x0000000008002448                HAL_MspInit
 .text.HAL_I2C_MspInit
                0x000000000800248c       0x7c ./Core/Src/stm32f1xx_hal_msp.o
                0x000000000800248c                HAL_I2C_MspInit
 .text.HAL_TIM_Base_MspInit
                0x0000000008002508       0x48 ./Core/Src/stm32f1xx_hal_msp.o
                0x0000000008002508                HAL_TIM_Base_MspInit
 .text.NMI_Handler
                0x0000000008002550        0x6 ./Core/Src/stm32f1xx_it.o
                0x0000000008002550                NMI_Handler
 .text.HardFault_Handler
                0x0000000008002556        0x6 ./Core/Src/stm32f1xx_it.o
                0x0000000008002556                HardFault_Handler
 .text.MemManage_Handler
                0x000000000800255c        0x6 ./Core/Src/stm32f1xx_it.o
                0x000000000800255c                MemManage_Handler
 .text.BusFault_Handler
                0x0000000008002562        0x6 ./Core/Src/stm32f1xx_it.o
                0x0000000008002562                BusFault_Handler
 .text.UsageFault_Handler
                0x0000000008002568        0x6 ./Core/Src/stm32f1xx_it.o
                0x0000000008002568                UsageFault_Handler
 .text.SVC_Handler
                0x000000000800256e        0xc ./Core/Src/stm32f1xx_it.o
                0x000000000800256e                SVC_Handler
 .text.DebugMon_Handler
                0x000000000800257a        0xc ./Core/Src/stm32f1xx_it.o
                0x000000000800257a                DebugMon_Handler
 .text.PendSV_Handler
                0x0000000008002586        0xc ./Core/Src/stm32f1xx_it.o
                0x0000000008002586                PendSV_Handler
 .text.SysTick_Handler
                0x0000000008002592        0xc ./Core/Src/stm32f1xx_it.o
                0x0000000008002592                SysTick_Handler
 *fill*         0x000000000800259e        0x2 
 .text.TIM2_IRQHandler
                0x00000000080025a0       0x14 ./Core/Src/stm32f1xx_it.o
                0x00000000080025a0                TIM2_IRQHandler
 .text.EXTI15_10_IRQHandler
                0x00000000080025b4       0x10 ./Core/Src/stm32f1xx_it.o
                0x00000000080025b4                EXTI15_10_IRQHandler
 .text.SystemInit
                0x00000000080025c4        0xc ./Core/Src/system_stm32f1xx.o
                0x00000000080025c4                SystemInit
 .text.Reset_Handler
                0x00000000080025d0       0x48 ./Core/Startup/startup_stm32f103c8tx.o
                0x00000000080025d0                Reset_Handler
 .text.Default_Handler
                0x0000000008002618        0x2 ./Core/Startup/startup_stm32f103c8tx.o
                0x0000000008002618                RTC_Alarm_IRQHandler
                0x0000000008002618                EXTI2_IRQHandler
                0x0000000008002618                TIM1_CC_IRQHandler
                0x0000000008002618                PVD_IRQHandler
                0x0000000008002618                EXTI3_IRQHandler
                0x0000000008002618                EXTI0_IRQHandler
                0x0000000008002618                I2C2_EV_IRQHandler
                0x0000000008002618                ADC1_2_IRQHandler
                0x0000000008002618                SPI1_IRQHandler
                0x0000000008002618                TAMPER_IRQHandler
                0x0000000008002618                DMA1_Channel4_IRQHandler
                0x0000000008002618                USART3_IRQHandler
                0x0000000008002618                RTC_IRQHandler
                0x0000000008002618                DMA1_Channel7_IRQHandler
                0x0000000008002618                CAN1_RX1_IRQHandler
                0x0000000008002618                TIM4_IRQHandler
                0x0000000008002618                I2C1_EV_IRQHandler
                0x0000000008002618                DMA1_Channel6_IRQHandler
                0x0000000008002618                TIM3_IRQHandler
                0x0000000008002618                RCC_IRQHandler
                0x0000000008002618                TIM1_TRG_COM_IRQHandler
                0x0000000008002618                DMA1_Channel1_IRQHandler
                0x0000000008002618                Default_Handler
                0x0000000008002618                EXTI9_5_IRQHandler
                0x0000000008002618                SPI2_IRQHandler
                0x0000000008002618                DMA1_Channel5_IRQHandler
                0x0000000008002618                EXTI4_IRQHandler
                0x0000000008002618                USB_LP_CAN1_RX0_IRQHandler
                0x0000000008002618                USB_HP_CAN1_TX_IRQHandler
                0x0000000008002618                DMA1_Channel3_IRQHandler
                0x0000000008002618                TIM1_UP_IRQHandler
                0x0000000008002618                WWDG_IRQHandler
                0x0000000008002618                TIM1_BRK_IRQHandler
                0x0000000008002618                EXTI1_IRQHandler
                0x0000000008002618                USART2_IRQHandler
                0x0000000008002618                I2C2_ER_IRQHandler
                0x0000000008002618                DMA1_Channel2_IRQHandler
                0x0000000008002618                CAN1_SCE_IRQHandler
                0x0000000008002618                FLASH_IRQHandler
                0x0000000008002618                USART1_IRQHandler
                0x0000000008002618                I2C1_ER_IRQHandler
                0x0000000008002618                USBWakeUp_IRQHandler
 *fill*         0x000000000800261a        0x2 
 .text.HAL_Init
                0x000000000800261c       0x2c ./Drivers/STM32F1xx_HAL_Driver/Src/stm32f1xx_hal.o
                0x000000000800261c                HAL_Init
 .text.HAL_InitTick
                0x0000000008002648       0x60 ./Drivers/STM32F1xx_HAL_Driver/Src/stm32f1xx_hal.o
                0x0000000008002648                HAL_InitTick
 .text.HAL_IncTick
                0x00000000080026a8       0x24 ./Drivers/STM32F1xx_HAL_Driver/Src/stm32f1xx_hal.o
                0x00000000080026a8                HAL_IncTick
 .text.HAL_GetTick
                0x00000000080026cc       0x14 ./Drivers/STM32F1xx_HAL_Driver/Src/stm32f1xx_hal.o
                0x00000000080026cc                HAL_GetTick
 .text.HAL_Delay
                0x00000000080026e0       0x48 ./Drivers/STM32F1xx_HAL_Driver/Src/stm32f1xx_hal.o
                0x00000000080026e0                HAL_Delay
 .text.__NVIC_SetPriorityGrouping
                0x0000000008002728       0x48 ./Drivers/STM32F1xx_HAL_Driver/Src/stm32f1xx_hal_cortex.o
 .text.__NVIC_GetPriorityGrouping
                0x0000000008002770       0x1c ./Drivers/STM32F1xx_HAL_Driver/Src/stm32f1xx_hal_cortex.o
 .text.__NVIC_EnableIRQ
                0x000000000800278c       0x38 ./Drivers/STM32F1xx_HAL_Driver/Src/stm32f1xx_hal_cortex.o
 .text.__NVIC_SetPriority
                0x00000000080027c4       0x54 ./Drivers/STM32F1xx_HAL_Driver/Src/stm32f1xx_hal_cortex.o
 .text.NVIC_EncodePriority
                0x0000000008002818       0x64 ./Drivers/STM32F1xx_HAL_Driver/Src/stm32f1xx_hal_cortex.o
 .text.SysTick_Config
                0x000000000800287c       0x44 ./Drivers/STM32F1xx_HAL_Driver/Src/stm32f1xx_hal_cortex.o
 .text.HAL_NVIC_SetPriorityGrouping
                0x00000000080028c0       0x16 ./Drivers/STM32F1xx_HAL_Driver/Src/stm32f1xx_hal_cortex.o
                0x00000000080028c0                HAL_NVIC_SetPriorityGrouping
 .text.HAL_NVIC_SetPriority
                0x00000000080028d6       0x38 ./Drivers/STM32F1xx_HAL_Driver/Src/stm32f1xx_hal_cortex.o
                0x00000000080028d6                HAL_NVIC_SetPriority
 .text.HAL_NVIC_EnableIRQ
                0x000000000800290e       0x1c ./Drivers/STM32F1xx_HAL_Driver/Src/stm32f1xx_hal_cortex.o
                0x000000000800290e                HAL_NVIC_EnableIRQ
 .text.HAL_SYSTICK_Config
                0x000000000800292a       0x18 ./Drivers/STM32F1xx_HAL_Driver/Src/stm32f1xx_hal_cortex.o
                0x000000000800292a                HAL_SYSTICK_Config
 *fill*         0x0000000008002942        0x2 
 .text.HAL_GPIO_Init
                0x0000000008002944      0x308 ./Drivers/STM32F1xx_HAL_Driver/Src/stm32f1xx_hal_gpio.o
                0x0000000008002944                HAL_GPIO_Init
 .text.HAL_GPIO_WritePin
                0x0000000008002c4c       0x30 ./Drivers/STM32F1xx_HAL_Driver/Src/stm32f1xx_hal_gpio.o
                0x0000000008002c4c                HAL_GPIO_WritePin
 .text.HAL_GPIO_TogglePin
                0x0000000008002c7c       0x32 ./Drivers/STM32F1xx_HAL_Driver/Src/stm32f1xx_hal_gpio.o
                0x0000000008002c7c                HAL_GPIO_TogglePin
 *fill*         0x0000000008002cae        0x2 
 .text.HAL_GPIO_EXTI_IRQHandler
                0x0000000008002cb0       0x30 ./Drivers/STM32F1xx_HAL_Driver/Src/stm32f1xx_hal_gpio.o
                0x0000000008002cb0                HAL_GPIO_EXTI_IRQHandler
 .text.HAL_I2C_Init
                0x0000000008002ce0      0x288 ./Drivers/STM32F1xx_HAL_Driver/Src/stm32f1xx_hal_i2c.o
                0x0000000008002ce0                HAL_I2C_Init
 .text.HAL_I2C_Mem_Write
                0x0000000008002f68      0x1f4 ./Drivers/STM32F1xx_HAL_Driver/Src/stm32f1xx_hal_i2c.o
                0x0000000008002f68                HAL_I2C_Mem_Write
 .text.HAL_I2C_Mem_Read
                0x000000000800315c      0x4d0 ./Drivers/STM32F1xx_HAL_Driver/Src/stm32f1xx_hal_i2c.o
                0x000000000800315c                HAL_I2C_Mem_Read
 .text.I2C_RequestMemoryWrite
                0x000000000800362c      0x12c ./Drivers/STM32F1xx_HAL_Driver/Src/stm32f1xx_hal_i2c.o
 .text.I2C_RequestMemoryRead
                0x0000000008003758      0x1d0 ./Drivers/STM32F1xx_HAL_Driver/Src/stm32f1xx_hal_i2c.o
 .text.I2C_WaitOnFlagUntilTimeout
                0x0000000008003928       0xae ./Drivers/STM32F1xx_HAL_Driver/Src/stm32f1xx_hal_i2c.o
 .text.I2C_WaitOnMasterAddressFlagUntilTimeout
                0x00000000080039d6       0xfe ./Drivers/STM32F1xx_HAL_Driver/Src/stm32f1xx_hal_i2c.o
 .text.I2C_WaitOnTXEFlagUntilTimeout
                0x0000000008003ad4       0x82 ./Drivers/STM32F1xx_HAL_Driver/Src/stm32f1xx_hal_i2c.o
 .text.I2C_WaitOnBTFFlagUntilTimeout
                0x0000000008003b56       0x82 ./Drivers/STM32F1xx_HAL_Driver/Src/stm32f1xx_hal_i2c.o
 .text.I2C_WaitOnRXNEFlagUntilTimeout
                0x0000000008003bd8       0xac ./Drivers/STM32F1xx_HAL_Driver/Src/stm32f1xx_hal_i2c.o
 .text.I2C_IsAcknowledgeFailed
                0x0000000008003c84       0x5c ./Drivers/STM32F1xx_HAL_Driver/Src/stm32f1xx_hal_i2c.o
 .text.HAL_RCC_OscConfig
                0x0000000008003ce0      0x504 ./Drivers/STM32F1xx_HAL_Driver/Src/stm32f1xx_hal_rcc.o
                0x0000000008003ce0                HAL_RCC_OscConfig
 .text.HAL_RCC_ClockConfig
                0x00000000080041e4      0x1d4 ./Drivers/STM32F1xx_HAL_Driver/Src/stm32f1xx_hal_rcc.o
                0x00000000080041e4                HAL_RCC_ClockConfig
 .text.HAL_RCC_GetSysClockFreq
                0x00000000080043b8       0xbc ./Drivers/STM32F1xx_HAL_Driver/Src/stm32f1xx_hal_rcc.o
                0x00000000080043b8                HAL_RCC_GetSysClockFreq
 .text.HAL_RCC_GetHCLKFreq
                0x0000000008004474       0x14 ./Drivers/STM32F1xx_HAL_Driver/Src/stm32f1xx_hal_rcc.o
                0x0000000008004474                HAL_RCC_GetHCLKFreq
 .text.HAL_RCC_GetPCLK1Freq
                0x0000000008004488       0x28 ./Drivers/STM32F1xx_HAL_Driver/Src/stm32f1xx_hal_rcc.o
                0x0000000008004488                HAL_RCC_GetPCLK1Freq
 .text.RCC_Delay
                0x00000000080044b0       0x3c ./Drivers/STM32F1xx_HAL_Driver/Src/stm32f1xx_hal_rcc.o
 .text.HAL_TIM_Base_Init
                0x00000000080044ec       0x9e ./Drivers/STM32F1xx_HAL_Driver/Src/stm32f1xx_hal_tim.o
                0x00000000080044ec                HAL_TIM_Base_Init
 *fill*         0x000000000800458a        0x2 
 .text.HAL_TIM_Base_Start_IT
                0x000000000800458c       0xa4 ./Drivers/STM32F1xx_HAL_Driver/Src/stm32f1xx_hal_tim.o
                0x000000000800458c                HAL_TIM_Base_Start_IT
 .text.HAL_TIM_IRQHandler
                0x0000000008004630      0x210 ./Drivers/STM32F1xx_HAL_Driver/Src/stm32f1xx_hal_tim.o
                0x0000000008004630                HAL_TIM_IRQHandler
 .text.HAL_TIM_ConfigClockSource
                0x0000000008004840      0x188 ./Drivers/STM32F1xx_HAL_Driver/Src/stm32f1xx_hal_tim.o
                0x0000000008004840                HAL_TIM_ConfigClockSource
 .text.HAL_TIM_OC_DelayElapsedCallback
                0x00000000080049c8       0x12 ./Drivers/STM32F1xx_HAL_Driver/Src/stm32f1xx_hal_tim.o
                0x00000000080049c8                HAL_TIM_OC_DelayElapsedCallback
 .text.HAL_TIM_IC_CaptureCallback
                0x00000000080049da       0x12 ./Drivers/STM32F1xx_HAL_Driver/Src/stm32f1xx_hal_tim.o
                0x00000000080049da                HAL_TIM_IC_CaptureCallback
 .text.HAL_TIM_PWM_PulseFinishedCallback
                0x00000000080049ec       0x12 ./Drivers/STM32F1xx_HAL_Driver/Src/stm32f1xx_hal_tim.o
                0x00000000080049ec                HAL_TIM_PWM_PulseFinishedCallback
 .text.HAL_TIM_TriggerCallback
                0x00000000080049fe       0x12 ./Drivers/STM32F1xx_HAL_Driver/Src/stm32f1xx_hal_tim.o
                0x00000000080049fe                HAL_TIM_TriggerCallback
 .text.TIM_Base_SetConfig
                0x0000000008004a10       0xc4 ./Drivers/STM32F1xx_HAL_Driver/Src/stm32f1xx_hal_tim.o
                0x0000000008004a10                TIM_Base_SetConfig
 .text.TIM_TI1_ConfigInputStage
                0x0000000008004ad4       0x5c ./Drivers/STM32F1xx_HAL_Driver/Src/stm32f1xx_hal_tim.o
 .text.TIM_TI2_ConfigInputStage
                0x0000000008004b30       0x5e ./Drivers/STM32F1xx_HAL_Driver/Src/stm32f1xx_hal_tim.o
 .text.TIM_ITRx_SetConfig
                0x0000000008004b8e       0x34 ./Drivers/STM32F1xx_HAL_Driver/Src/stm32f1xx_hal_tim.o
 .text.TIM_ETR_SetConfig
                0x0000000008004bc2       0x3e ./Drivers/STM32F1xx_HAL_Driver/Src/stm32f1xx_hal_tim.o
                0x0000000008004bc2                TIM_ETR_SetConfig
 .text.HAL_TIMEx_MasterConfigSynchronization
                0x0000000008004c00       0xbc ./Drivers/STM32F1xx_HAL_Driver/Src/stm32f1xx_hal_tim_ex.o
                0x0000000008004c00                HAL_TIMEx_MasterConfigSynchronization
 .text.HAL_TIMEx_CommutCallback
                0x0000000008004cbc       0x12 ./Drivers/STM32F1xx_HAL_Driver/Src/stm32f1xx_hal_tim_ex.o
                0x0000000008004cbc                HAL_TIMEx_CommutCallback
 .text.HAL_TIMEx_BreakCallback
                0x0000000008004cce       0x12 ./Drivers/STM32F1xx_HAL_Driver/Src/stm32f1xx_hal_tim_ex.o
                0x0000000008004cce                HAL_TIMEx_BreakCallback
 .text.UG_Init  0x0000000008004ce0      0x12c ./ugui/src/ugui.o
                0x0000000008004ce0                UG_Init
 .text.UG_FillFrame
                0x0000000008004e0c       0xe0 ./ugui/src/ugui.o
                0x0000000008004e0c                UG_FillFrame
 .text.UG_DrawCircle
                0x0000000008004eec      0x1bc ./ugui/src/ugui.o
                0x0000000008004eec                UG_DrawCircle
 .text.UG_FillCircle
                0x00000000080050a8      0x1b2 ./ugui/src/ugui.o
                0x00000000080050a8                UG_FillCircle
 *fill*         0x000000000800525a        0x2 
 .text.UG_DrawLine
                0x000000000800525c      0x1b8 ./ugui/src/ugui.o
                0x000000000800525c                UG_DrawLine
 .text.UG_GetXDim
                0x0000000008005414       0x18 ./ugui/src/ugui.o
                0x0000000008005414                UG_GetXDim
 .text.UG_GetYDim
                0x000000000800542c       0x18 ./ugui/src/ugui.o
                0x000000000800542c                UG_GetYDim
 .text._UG_PutChar
                0x0000000008005444      0x514 ./ugui/src/ugui.o
                0x0000000008005444                _UG_PutChar
 .text._UG_PutText
                0x0000000008005958      0x284 ./ugui/src/ugui.o
                0x0000000008005958                _UG_PutText
 .text._UG_GetFreeObject
                0x0000000008005bdc       0x58 ./ugui/src/ugui.o
                0x0000000008005bdc                _UG_GetFreeObject
 .text._UG_SearchObject
                0x0000000008005c34       0x74 ./ugui/src/ugui.o
                0x0000000008005c34                _UG_SearchObject
 .text._UG_ProcessTouchData
                0x0000000008005ca8      0x17c ./ugui/src/ugui.o
                0x0000000008005ca8                _UG_ProcessTouchData
 .text._UG_UpdateObjects
                0x0000000008005e24       0x92 ./ugui/src/ugui.o
                0x0000000008005e24                _UG_UpdateObjects
 *fill*         0x0000000008005eb6        0x2 
 .text._UG_HandleEvents
                0x0000000008005eb8       0x98 ./ugui/src/ugui.o
                0x0000000008005eb8                _UG_HandleEvents
 .text._UG_DrawObjectFrame
                0x0000000008005f50      0x242 ./ugui/src/ugui.o
                0x0000000008005f50                _UG_DrawObjectFrame
 .text._UG_SendObjectPrerenderEvent
                0x0000000008006192       0x36 ./ugui/src/ugui.o
                0x0000000008006192                _UG_SendObjectPrerenderEvent
 .text._UG_SendObjectPostrenderEvent
                0x00000000080061c8       0x36 ./ugui/src/ugui.o
                0x00000000080061c8                _UG_SendObjectPostrenderEvent
 *fill*         0x00000000080061fe        0x2 
 .text.UG_DriverRegister
                0x0000000008006200       0x44 ./ugui/src/ugui.o
                0x0000000008006200                UG_DriverRegister
 .text.UG_Update
                0x0000000008006244      0x170 ./ugui/src/ugui.o
                0x0000000008006244                UG_Update
 .text.UG_DrawBMP
                0x00000000080063b4       0x88 ./ugui/src/ugui.o
                0x00000000080063b4                UG_DrawBMP
 .text.UG_WindowCreate
                0x000000000800643c      0x120 ./ugui/src/ugui.o
                0x000000000800643c                UG_WindowCreate
 .text.UG_WindowShow
                0x000000000800655c       0x48 ./ugui/src/ugui.o
                0x000000000800655c                UG_WindowShow
 .text.UG_WindowSetBackColor
                0x00000000080065a4       0x44 ./ugui/src/ugui.o
                0x00000000080065a4                UG_WindowSetBackColor
 .text.UG_WindowSetTitleTextColor
                0x00000000080065e8       0x44 ./ugui/src/ugui.o
                0x00000000080065e8                UG_WindowSetTitleTextColor
 .text.UG_WindowSetTitleColor
                0x000000000800662c       0x44 ./ugui/src/ugui.o
                0x000000000800662c                UG_WindowSetTitleColor
 .text.UG_WindowSetTitleText
                0x0000000008006670       0x42 ./ugui/src/ugui.o
                0x0000000008006670                UG_WindowSetTitleText
 .text.UG_WindowSetTitleTextFont
                0x00000000080066b2       0x76 ./ugui/src/ugui.o
                0x00000000080066b2                UG_WindowSetTitleTextFont
 .text.UG_WindowSetTitleTextAlignment
                0x0000000008006728       0x46 ./ugui/src/ugui.o
                0x0000000008006728                UG_WindowSetTitleTextAlignment
 .text.UG_WindowSetStyle
                0x000000000800676e       0x8e ./ugui/src/ugui.o
                0x000000000800676e                UG_WindowSetStyle
 .text.UG_WindowGetArea
                0x00000000080067fc       0xd4 ./ugui/src/ugui.o
                0x00000000080067fc                UG_WindowGetArea
 .text._UG_WindowDrawTitle
                0x00000000080068d0      0x154 ./ugui/src/ugui.o
                0x00000000080068d0                _UG_WindowDrawTitle
 .text._UG_WindowUpdate
                0x0000000008006a24      0x17c ./ugui/src/ugui.o
                0x0000000008006a24                _UG_WindowUpdate
 .text.UG_TextboxCreate
                0x0000000008006ba0      0x100 ./ugui/src/ugui.o
                0x0000000008006ba0                UG_TextboxCreate
 .text.UG_TextboxShow
                0x0000000008006ca0       0x50 ./ugui/src/ugui.o
                0x0000000008006ca0                UG_TextboxShow
 .text.UG_TextboxSetForeColor
                0x0000000008006cf0       0x56 ./ugui/src/ugui.o
                0x0000000008006cf0                UG_TextboxSetForeColor
 .text.UG_TextboxSetBackColor
                0x0000000008006d46       0x56 ./ugui/src/ugui.o
                0x0000000008006d46                UG_TextboxSetBackColor
 .text.UG_TextboxSetText
                0x0000000008006d9c       0x54 ./ugui/src/ugui.o
                0x0000000008006d9c                UG_TextboxSetText
 .text.UG_TextboxSetFont
                0x0000000008006df0       0x54 ./ugui/src/ugui.o
                0x0000000008006df0                UG_TextboxSetFont
 .text.UG_TextboxSetAlignment
                0x0000000008006e44       0x56 ./ugui/src/ugui.o
                0x0000000008006e44                UG_TextboxSetAlignment
 .text._UG_TextboxUpdate
                0x0000000008006e9a      0x1a4 ./ugui/src/ugui.o
                0x0000000008006e9a                _UG_TextboxUpdate
 *fill*         0x000000000800703e        0x2 
 .text.UG_ImageCreate
                0x0000000008007040       0xbc ./ugui/src/ugui.o
                0x0000000008007040                UG_ImageCreate
 .text.UG_ImageSetBMP
                0x00000000080070fc       0x5a ./ugui/src/ugui.o
                0x00000000080070fc                UG_ImageSetBMP
 .text._UG_ImageUpdate
                0x0000000008007156      0x150 ./ugui/src/ugui.o
                0x0000000008007156                _UG_ImageUpdate
 *fill*         0x00000000080072a6        0x2 
 .text.parallelWriteDC0
                0x00000000080072a8       0x54 ./ugui/src/ugui_ST7789.o
                0x00000000080072a8                parallelWriteDC0
 .text.parallelWriteDC1
                0x00000000080072fc       0x54 ./ugui/src/ugui_ST7789.o
                0x00000000080072fc                parallelWriteDC1
 .text.parallelMultiWriteDC1
                0x0000000008007350       0x36 ./ugui/src/ugui_ST7789.o
                0x0000000008007350                parallelMultiWriteDC1
 .text.Display_WriteCommand
                0x0000000008007386       0x1a ./ugui/src/ugui_ST7789.o
                0x0000000008007386                Display_WriteCommand
 .text.Display_WriteMultiData
                0x00000000080073a0       0x1e ./ugui/src/ugui_ST7789.o
                0x00000000080073a0                Display_WriteMultiData
 *fill*         0x00000000080073be        0x2 
 .text.Display_Init
                0x00000000080073c0      0x1fc ./ugui/src/ugui_ST7789.o
                0x00000000080073c0                Display_Init
 .text.Display_WindowSet
                0x00000000080075bc       0x72 ./ugui/src/ugui_ST7789.o
                0x00000000080075bc                Display_WindowSet
 .text.Display_PSet
                0x000000000800762e       0x7a ./ugui/src/ugui_ST7789.o
                0x000000000800762e                Display_PSet
 .text.HW_FillFrame
                0x00000000080076a8       0xda ./ugui/src/ugui_ST7789.o
                0x00000000080076a8                HW_FillFrame
 .text.HW_DrawLine
                0x0000000008007782       0xb0 ./ugui/src/ugui_ST7789.o
                0x0000000008007782                HW_DrawLine
 .text.HW_DrawImage
                0x0000000008007832      0x144 ./ugui/src/ugui_ST7789.o
                0x0000000008007832                HW_DrawImage
 *fill*         0x0000000008007976        0x2 
 .text.__libc_init_array
                0x0000000008007978       0x48 c:/st/stm32cubeide_1.10.1/stm32cubeide/plugins/com.st.stm32cube.ide.mcu.externaltools.gnu-tools-for-stm32.10.3-2021.10.win32_1.0.0.202111181127/tools/bin/../lib/gcc/arm-none-eabi/10.3.1/../../../../arm-none-eabi/lib/thumb/v7-m/nofp\libc_nano.a(lib_a-init.o)
                0x0000000008007978                __libc_init_array
 .text.memset   0x00000000080079c0       0x10 c:/st/stm32cubeide_1.10.1/stm32cubeide/plugins/com.st.stm32cube.ide.mcu.externaltools.gnu-tools-for-stm32.10.3-2021.10.win32_1.0.0.202111181127/tools/bin/../lib/gcc/arm-none-eabi/10.3.1/../../../../arm-none-eabi/lib/thumb/v7-m/nofp\libc_nano.a(lib_a-memset.o)
                0x00000000080079c0                memset
 *(.glue_7)
 .glue_7        0x00000000080079d0        0x0 linker stubs
 *(.glue_7t)
 .glue_7t       0x00000000080079d0        0x0 linker stubs
 *(.eh_frame)
 .eh_frame      0x00000000080079d0        0x0 c:/st/stm32cubeide_1.10.1/stm32cubeide/plugins/com.st.stm32cube.ide.mcu.externaltools.gnu-tools-for-stm32.10.3-2021.10.win32_1.0.0.202111181127/tools/bin/../lib/gcc/arm-none-eabi/10.3.1/thumb/v7-m/nofp/crtbegin.o
 *(.init)
 .init          0x00000000080079d0        0x4 c:/st/stm32cubeide_1.10.1/stm32cubeide/plugins/com.st.stm32cube.ide.mcu.externaltools.gnu-tools-for-stm32.10.3-2021.10.win32_1.0.0.202111181127/tools/bin/../lib/gcc/arm-none-eabi/10.3.1/thumb/v7-m/nofp/crti.o
                0x00000000080079d0                _init
 .init          0x00000000080079d4        0x8 c:/st/stm32cubeide_1.10.1/stm32cubeide/plugins/com.st.stm32cube.ide.mcu.externaltools.gnu-tools-for-stm32.10.3-2021.10.win32_1.0.0.202111181127/tools/bin/../lib/gcc/arm-none-eabi/10.3.1/thumb/v7-m/nofp/crtn.o
 *(.fini)
 .fini          0x00000000080079dc        0x4 c:/st/stm32cubeide_1.10.1/stm32cubeide/plugins/com.st.stm32cube.ide.mcu.externaltools.gnu-tools-for-stm32.10.3-2021.10.win32_1.0.0.202111181127/tools/bin/../lib/gcc/arm-none-eabi/10.3.1/thumb/v7-m/nofp/crti.o
                0x00000000080079dc                _fini
 .fini          0x00000000080079e0        0x8 c:/st/stm32cubeide_1.10.1/stm32cubeide/plugins/com.st.stm32cube.ide.mcu.externaltools.gnu-tools-for-stm32.10.3-2021.10.win32_1.0.0.202111181127/tools/bin/../lib/gcc/arm-none-eabi/10.3.1/thumb/v7-m/nofp/crtn.o
                0x00000000080079e8                . = ALIGN (0x4)
                0x00000000080079e8                _etext = .

.vfp11_veneer   0x00000000080079e8        0x0
 .vfp11_veneer  0x00000000080079e8        0x0 linker stubs

.v4_bx          0x00000000080079e8        0x0
 .v4_bx         0x00000000080079e8        0x0 linker stubs

.iplt           0x00000000080079e8        0x0
 .iplt          0x00000000080079e8        0x0 c:/st/stm32cubeide_1.10.1/stm32cubeide/plugins/com.st.stm32cube.ide.mcu.externaltools.gnu-tools-for-stm32.10.3-2021.10.win32_1.0.0.202111181127/tools/bin/../lib/gcc/arm-none-eabi/10.3.1/thumb/v7-m/nofp/crtbegin.o

.rodata         0x00000000080079e8     0x6ab0
                0x00000000080079e8                . = ALIGN (0x4)
 *(.rodata)
 .rodata        0x00000000080079e8      0x10e ./Core/Src/lcd_progm.o
 *fill*         0x0000000008007af6        0x2 
 .rodata        0x0000000008007af8       0x10 ./Drivers/STM32F1xx_HAL_Driver/Src/stm32f1xx_hal_rcc.o
 *(.rodata*)
 .rodata.logo_FNIRSI
                0x0000000008007b08        0xc ./Core/Src/lcd_progm.o
                0x0000000008007b08                logo_FNIRSI
 .rodata.LOGO_Image
                0x0000000008007b14     0x1a40 ./Core/Src/lcd_progm.o
                0x0000000008007b14                LOGO_Image
 .rodata.AHBPrescTable
                0x0000000008009554       0x10 ./Core/Src/system_stm32f1xx.o
                0x0000000008009554                AHBPrescTable
 .rodata.APBPrescTable
                0x0000000008009564        0x8 ./Core/Src/system_stm32f1xx.o
                0x0000000008009564                APBPrescTable
 .rodata.font_10x16
                0x000000000800956c      0xfe0 ./ugui/src/ugui.o
                0x000000000800956c                font_10x16
 .rodata.font_12x20
                0x000000000800a54c     0x13d8 ./ugui/src/ugui.o
                0x000000000800a54c                font_12x20
 .rodata.font_24x40
                0x000000000800b924     0x2b20 ./ugui/src/ugui.o
                0x000000000800b924                font_24x40
 .rodata.FONT_10X16
                0x000000000800e444       0x14 ./ugui/src/ugui.o
                0x000000000800e444                FONT_10X16
 .rodata.FONT_12X20
                0x000000000800e458       0x14 ./ugui/src/ugui.o
                0x000000000800e458                FONT_12X20
 .rodata.FONT_24X40
                0x000000000800e46c       0x14 ./ugui/src/ugui.o
                0x000000000800e46c                FONT_24X40
 .rodata.pal_window
                0x000000000800e480       0x18 ./ugui/src/ugui.o
                0x000000000800e480                pal_window
                0x000000000800e498                . = ALIGN (0x4)

.rel.dyn        0x000000000800e498        0x0
 .rel.iplt      0x000000000800e498        0x0 c:/st/stm32cubeide_1.10.1/stm32cubeide/plugins/com.st.stm32cube.ide.mcu.externaltools.gnu-tools-for-stm32.10.3-2021.10.win32_1.0.0.202111181127/tools/bin/../lib/gcc/arm-none-eabi/10.3.1/thumb/v7-m/nofp/crtbegin.o

.ARM.extab      0x000000000800e498        0x0
                0x000000000800e498                . = ALIGN (0x4)
 *(.ARM.extab* .gnu.linkonce.armextab.*)
                0x000000000800e498                . = ALIGN (0x4)

.ARM            0x000000000800e498        0x0
                0x000000000800e498                . = ALIGN (0x4)
                0x000000000800e498                __exidx_start = .
 *(.ARM.exidx*)
                0x000000000800e498                __exidx_end = .
                0x000000000800e498                . = ALIGN (0x4)

.preinit_array  0x000000000800e498        0x0
                0x000000000800e498                . = ALIGN (0x4)
                0x000000000800e498                PROVIDE (__preinit_array_start = .)
 *(.preinit_array*)
                0x000000000800e498                PROVIDE (__preinit_array_end = .)
                0x000000000800e498                . = ALIGN (0x4)

.init_array     0x000000000800e498        0x4
                0x000000000800e498                . = ALIGN (0x4)
                0x000000000800e498                PROVIDE (__init_array_start = .)
 *(SORT_BY_NAME(.init_array.*))
 *(.init_array*)
 .init_array    0x000000000800e498        0x4 c:/st/stm32cubeide_1.10.1/stm32cubeide/plugins/com.st.stm32cube.ide.mcu.externaltools.gnu-tools-for-stm32.10.3-2021.10.win32_1.0.0.202111181127/tools/bin/../lib/gcc/arm-none-eabi/10.3.1/thumb/v7-m/nofp/crtbegin.o
                0x000000000800e49c                PROVIDE (__init_array_end = .)
                0x000000000800e49c                . = ALIGN (0x4)

.fini_array     0x000000000800e49c        0x4
                0x000000000800e49c                . = ALIGN (0x4)
                [!provide]                        PROVIDE (__fini_array_start = .)
 *(SORT_BY_NAME(.fini_array.*))
 *(.fini_array*)
 .fini_array    0x000000000800e49c        0x4 c:/st/stm32cubeide_1.10.1/stm32cubeide/plugins/com.st.stm32cube.ide.mcu.externaltools.gnu-tools-for-stm32.10.3-2021.10.win32_1.0.0.202111181127/tools/bin/../lib/gcc/arm-none-eabi/10.3.1/thumb/v7-m/nofp/crtbegin.o
                [!provide]                        PROVIDE (__fini_array_end = .)
                0x000000000800e4a0                . = ALIGN (0x4)
                0x000000000800e4a0                _sidata = LOADADDR (.data)

.data           0x0000000020000000       0x14 load address 0x000000000800e4a0
                0x0000000020000000                . = ALIGN (0x4)
                0x0000000020000000                _sdata = .
 *(.data)
 *(.data*)
 .data.vin_buffer_enable
                0x0000000020000000        0x1 ./Core/Src/SW3516.o
                0x0000000020000000                vin_buffer_enable
 .data.vout_buffer_enable
                0x0000000020000001        0x1 ./Core/Src/SW3516.o
                0x0000000020000001                vout_buffer_enable
 .data.iout1_buffer_enable
                0x0000000020000002        0x1 ./Core/Src/SW3516.o
                0x0000000020000002                iout1_buffer_enable
 .data.iout2_buffer_enable
                0x0000000020000003        0x1 ./Core/Src/SW3516.o
                0x0000000020000003                iout2_buffer_enable
 .data.temp_buffer_enable
                0x0000000020000004        0x1 ./Core/Src/SW3516.o
                0x0000000020000004                temp_buffer_enable
 .data.Vinenable
                0x0000000020000005        0x1 ./Core/Src/SW3516.o
                0x0000000020000005                Vinenable
 .data.state    0x0000000020000006        0x1 ./Core/Src/main.o
                0x0000000020000006                state
 *fill*         0x0000000020000007        0x1 
 .data.SystemCoreClock
                0x0000000020000008        0x4 ./Core/Src/system_stm32f1xx.o
                0x0000000020000008                SystemCoreClock
 .data.uwTickPrio
                0x000000002000000c        0x4 ./Drivers/STM32F1xx_HAL_Driver/Src/stm32f1xx_hal.o
                0x000000002000000c                uwTickPrio
 .data.uwTickFreq
                0x0000000020000010        0x1 ./Drivers/STM32F1xx_HAL_Driver/Src/stm32f1xx_hal.o
                0x0000000020000010                uwTickFreq
 *(.RamFunc)
 *(.RamFunc*)
                0x0000000020000014                . = ALIGN (0x4)
 *fill*         0x0000000020000011        0x3 
                0x0000000020000014                _edata = .

.igot.plt       0x0000000020000014        0x0 load address 0x000000000800e4b4
 .igot.plt      0x0000000020000014        0x0 c:/st/stm32cubeide_1.10.1/stm32cubeide/plugins/com.st.stm32cube.ide.mcu.externaltools.gnu-tools-for-stm32.10.3-2021.10.win32_1.0.0.202111181127/tools/bin/../lib/gcc/arm-none-eabi/10.3.1/thumb/v7-m/nofp/crtbegin.o
                0x0000000020000014                . = ALIGN (0x4)

.bss            0x0000000020000014      0xf44 load address 0x000000000800e4b4
                0x0000000020000014                _sbss = .
                0x0000000020000014                __bss_start__ = _sbss
 *(.bss)
 .bss           0x0000000020000014       0x1c c:/st/stm32cubeide_1.10.1/stm32cubeide/plugins/com.st.stm32cube.ide.mcu.externaltools.gnu-tools-for-stm32.10.3-2021.10.win32_1.0.0.202111181127/tools/bin/../lib/gcc/arm-none-eabi/10.3.1/thumb/v7-m/nofp/crtbegin.o
 *(.bss*)
 .bss.reg_value
                0x0000000020000030        0x1 ./Core/Src/SW3516.o
                0x0000000020000030                reg_value
 *fill*         0x0000000020000031        0x3 
 .bss.current_ADC
                0x0000000020000034        0xa ./Core/Src/SW3516.o
                0x0000000020000034                current_ADC
 *fill*         0x000000002000003e        0x2 
 .bss.current   0x0000000020000040       0x1c ./Core/Src/SW3516.o
                0x0000000020000040                current
 .bss.window_page_1
                0x000000002000005c       0x34 ./Core/Src/lcd_progm.o
                0x000000002000005c                window_page_1
 .bss.current_V_graphic_page_1
                0x0000000020000090       0x14 ./Core/Src/lcd_progm.o
                0x0000000020000090                current_V_graphic_page_1
 .bss.current_V_graphic_page_2
                0x00000000200000a4       0x14 ./Core/Src/lcd_progm.o
                0x00000000200000a4                current_V_graphic_page_2
 .bss.current_V2_graphic
                0x00000000200000b8       0x14 ./Core/Src/lcd_progm.o
                0x00000000200000b8                current_V2_graphic
 .bss.current_CV_graphic
                0x00000000200000cc       0x14 ./Core/Src/lcd_progm.o
                0x00000000200000cc                current_CV_graphic
 .bss.current_I_graphic_page_1
                0x00000000200000e0       0x14 ./Core/Src/lcd_progm.o
                0x00000000200000e0                current_I_graphic_page_1
 .bss.current_I_graphic_page_2
                0x00000000200000f4       0x14 ./Core/Src/lcd_progm.o
                0x00000000200000f4                current_I_graphic_page_2
 .bss.current_I2_graphic
                0x0000000020000108       0x14 ./Core/Src/lcd_progm.o
                0x0000000020000108                current_I2_graphic
 .bss.current_CC_graphic
                0x000000002000011c       0x14 ./Core/Src/lcd_progm.o
                0x000000002000011c                current_CC_graphic
 .bss.current_W_graphic
                0x0000000020000130       0x14 ./Core/Src/lcd_progm.o
                0x0000000020000130                current_W_graphic
 .bss.current_W2_graphic
                0x0000000020000144       0x14 ./Core/Src/lcd_progm.o
                0x0000000020000144                current_W2_graphic
 .bss.current_CW_graphic
                0x0000000020000158       0x14 ./Core/Src/lcd_progm.o
                0x0000000020000158                current_CW_graphic
 .bss.WD_graphic
                0x000000002000016c       0x14 ./Core/Src/lcd_progm.o
                0x000000002000016c                WD_graphic
 .bss.website_graphic
                0x0000000020000180       0x14 ./Core/Src/lcd_progm.o
                0x0000000020000180                website_graphic
 .bss.window_page_2
                0x0000000020000194       0x34 ./Core/Src/lcd_progm.o
                0x0000000020000194                window_page_2
 .bss.obj_buff_window_page_2
                0x00000000200001c8      0x280 ./Core/Src/lcd_progm.o
                0x00000000200001c8                obj_buff_window_page_2
 .bss.dummy_text_1
                0x0000000020000448       0x14 ./Core/Src/lcd_progm.o
                0x0000000020000448                dummy_text_1
 .bss.dummy_text_2
                0x000000002000045c       0x14 ./Core/Src/lcd_progm.o
                0x000000002000045c                dummy_text_2
 .bss.dummy_text_3
                0x0000000020000470       0x14 ./Core/Src/lcd_progm.o
                0x0000000020000470                dummy_text_3
 .bss.dummy_text_4
                0x0000000020000484       0x14 ./Core/Src/lcd_progm.o
                0x0000000020000484                dummy_text_4
 .bss.dummy_text_5
                0x0000000020000498       0x14 ./Core/Src/lcd_progm.o
                0x0000000020000498                dummy_text_5
 .bss.dummy_text_6
                0x00000000200004ac       0x14 ./Core/Src/lcd_progm.o
                0x00000000200004ac                dummy_text_6
 .bss.dummy_text_7
                0x00000000200004c0       0x14 ./Core/Src/lcd_progm.o
                0x00000000200004c0                dummy_text_7
 .bss.dummy_text_8
                0x00000000200004d4       0x14 ./Core/Src/lcd_progm.o
                0x00000000200004d4                dummy_text_8
 .bss.dummy_text_9
                0x00000000200004e8       0x14 ./Core/Src/lcd_progm.o
                0x00000000200004e8                dummy_text_9
 .bss.dummy_text_10
                0x00000000200004fc       0x14 ./Core/Src/lcd_progm.o
                0x00000000200004fc                dummy_text_10
 .bss.dummy_text_11
                0x0000000020000510       0x14 ./Core/Src/lcd_progm.o
                0x0000000020000510                dummy_text_11
 .bss.temp_graphic
                0x0000000020000524       0x14 ./Core/Src/lcd_progm.o
                0x0000000020000524                temp_graphic
 .bss.current_T_graphic
                0x0000000020000538       0x14 ./Core/Src/lcd_progm.o
                0x0000000020000538                current_T_graphic
 .bss.USBC_graphic
                0x000000002000054c       0x14 ./Core/Src/lcd_progm.o
                0x000000002000054c                USBC_graphic
 .bss.USBB_graphic
                0x0000000020000560       0x14 ./Core/Src/lcd_progm.o
                0x0000000020000560                USBB_graphic
 .bss.set_V_graphic_page_1
                0x0000000020000574       0x14 ./Core/Src/lcd_progm.o
                0x0000000020000574                set_V_graphic_page_1
 .bss.set_V_graphic_page_2
                0x0000000020000588       0x14 ./Core/Src/lcd_progm.o
                0x0000000020000588                set_V_graphic_page_2
 .bss.set_I_graphic_page_1
                0x000000002000059c       0x14 ./Core/Src/lcd_progm.o
                0x000000002000059c                set_I_graphic_page_1
 .bss.set_I_graphic_page_2
                0x00000000200005b0       0x14 ./Core/Src/lcd_progm.o
                0x00000000200005b0                set_I_graphic_page_2
 .bss.set_V_graphic_value_page_1
                0x00000000200005c4       0x14 ./Core/Src/lcd_progm.o
                0x00000000200005c4                set_V_graphic_value_page_1
 .bss.set_V_graphic_value_page_2
                0x00000000200005d8       0x14 ./Core/Src/lcd_progm.o
                0x00000000200005d8                set_V_graphic_value_page_2
 .bss.set_I_graphic_value_page_1
                0x00000000200005ec       0x14 ./Core/Src/lcd_progm.o
                0x00000000200005ec                set_I_graphic_value_page_1
 .bss.set_I_graphic_value_page_2
                0x0000000020000600       0x14 ./Core/Src/lcd_progm.o
                0x0000000020000600                set_I_graphic_value_page_2
 .bss.obj_buff_window_page_1
                0x0000000020000614      0x280 ./Core/Src/lcd_progm.o
                0x0000000020000614                obj_buff_window_page_1
 .bss.window_graph
                0x0000000020000894       0x34 ./Core/Src/lcd_progm.o
                0x0000000020000894                window_graph
 .bss.OK_graphic
                0x00000000200008c8       0x14 ./Core/Src/lcd_progm.o
                0x00000000200008c8                OK_graphic
 .bss.CV_graphic
                0x00000000200008dc       0x14 ./Core/Src/lcd_progm.o
                0x00000000200008dc                CV_graphic
 .bss.CC_graphic
                0x00000000200008f0       0x14 ./Core/Src/lcd_progm.o
                0x00000000200008f0                CC_graphic
 .bss.obj_buff_window_graph
                0x0000000020000904      0x280 ./Core/Src/lcd_progm.o
                0x0000000020000904                obj_buff_window_graph
 .bss.LOGO      0x0000000020000b84       0x34 ./Core/Src/lcd_progm.o
                0x0000000020000b84                LOGO
 .bss.obj_buff_window_logo
                0x0000000020000bb8      0x280 ./Core/Src/lcd_progm.o
                0x0000000020000bb8                obj_buff_window_logo
 .bss.image_1   0x0000000020000e38        0x8 ./Core/Src/lcd_progm.o
                0x0000000020000e38                image_1
 .bss.hi2c1     0x0000000020000e40       0x54 ./Core/Src/main.o
                0x0000000020000e40                hi2c1
 .bss.htim2     0x0000000020000e94       0x48 ./Core/Src/main.o
                0x0000000020000e94                htim2
 .bss.uwTick    0x0000000020000edc        0x4 ./Drivers/STM32F1xx_HAL_Driver/Src/stm32f1xx_hal.o
                0x0000000020000edc                uwTick
 .bss.gui       0x0000000020000ee0        0x4 ./ugui/src/ugui.o
 .bss.msg.0     0x0000000020000ee4        0x8 ./ugui/src/ugui.o
 .bss.guiST7735
                0x0000000020000eec       0x6c ./ugui/src/ugui_ST7789.o
                0x0000000020000eec                guiST7735
 *(COMMON)
                0x0000000020000f58                . = ALIGN (0x4)
                0x0000000020000f58                _ebss = .
                0x0000000020000f58                __bss_end__ = _ebss

._user_heap_stack
                0x0000000020000f58      0x600 load address 0x000000000800e4b4
                0x0000000020000f58                . = ALIGN (0x8)
                [!provide]                        PROVIDE (end = .)
                0x0000000020000f58                PROVIDE (_end = .)
                0x0000000020001158                . = (. + _Min_Heap_Size)
 *fill*         0x0000000020000f58      0x200 
                0x0000000020001558                . = (. + _Min_Stack_Size)
 *fill*         0x0000000020001158      0x400 
                0x0000000020001558                . = ALIGN (0x8)

/DISCARD/
 libc.a(*)
 libm.a(*)
 libgcc.a(*)

.ARM.attributes
                0x0000000000000000       0x29
 *(.ARM.attributes)
 .ARM.attributes
                0x0000000000000000       0x1d c:/st/stm32cubeide_1.10.1/stm32cubeide/plugins/com.st.stm32cube.ide.mcu.externaltools.gnu-tools-for-stm32.10.3-2021.10.win32_1.0.0.202111181127/tools/bin/../lib/gcc/arm-none-eabi/10.3.1/thumb/v7-m/nofp/crti.o
 .ARM.attributes
                0x000000000000001d       0x2d c:/st/stm32cubeide_1.10.1/stm32cubeide/plugins/com.st.stm32cube.ide.mcu.externaltools.gnu-tools-for-stm32.10.3-2021.10.win32_1.0.0.202111181127/tools/bin/../lib/gcc/arm-none-eabi/10.3.1/thumb/v7-m/nofp/crtbegin.o
 .ARM.attributes
                0x000000000000004a       0x2d ./Core/Src/SW3516.o
 .ARM.attributes
                0x0000000000000077       0x2d ./Core/Src/lcd_progm.o
 .ARM.attributes
                0x00000000000000a4       0x2d ./Core/Src/main.o
 .ARM.attributes
                0x00000000000000d1       0x2d ./Core/Src/stm32f1xx_hal_msp.o
 .ARM.attributes
                0x00000000000000fe       0x2d ./Core/Src/stm32f1xx_it.o
 .ARM.attributes
                0x000000000000012b       0x2d ./Core/Src/system_stm32f1xx.o
 .ARM.attributes
                0x0000000000000158       0x21 ./Core/Startup/startup_stm32f103c8tx.o
 .ARM.attributes
                0x0000000000000179       0x2d ./Drivers/STM32F1xx_HAL_Driver/Src/stm32f1xx_hal.o
 .ARM.attributes
                0x00000000000001a6       0x2d ./Drivers/STM32F1xx_HAL_Driver/Src/stm32f1xx_hal_cortex.o
 .ARM.attributes
                0x00000000000001d3       0x2d ./Drivers/STM32F1xx_HAL_Driver/Src/stm32f1xx_hal_gpio.o
 .ARM.attributes
                0x0000000000000200       0x2d ./Drivers/STM32F1xx_HAL_Driver/Src/stm32f1xx_hal_i2c.o
 .ARM.attributes
                0x000000000000022d       0x2d ./Drivers/STM32F1xx_HAL_Driver/Src/stm32f1xx_hal_rcc.o
 .ARM.attributes
                0x000000000000025a       0x2d ./Drivers/STM32F1xx_HAL_Driver/Src/stm32f1xx_hal_tim.o
 .ARM.attributes
                0x0000000000000287       0x2d ./Drivers/STM32F1xx_HAL_Driver/Src/stm32f1xx_hal_tim_ex.o
 .ARM.attributes
                0x00000000000002b4       0x2d ./ugui/src/ugui.o
 .ARM.attributes
                0x00000000000002e1       0x2d ./ugui/src/ugui_ST7789.o
 .ARM.attributes
                0x000000000000030e       0x2d c:/st/stm32cubeide_1.10.1/stm32cubeide/plugins/com.st.stm32cube.ide.mcu.externaltools.gnu-tools-for-stm32.10.3-2021.10.win32_1.0.0.202111181127/tools/bin/../lib/gcc/arm-none-eabi/10.3.1/../../../../arm-none-eabi/lib/thumb/v7-m/nofp\libc_nano.a(lib_a-init.o)
 .ARM.attributes
                0x000000000000033b       0x2d c:/st/stm32cubeide_1.10.1/stm32cubeide/plugins/com.st.stm32cube.ide.mcu.externaltools.gnu-tools-for-stm32.10.3-2021.10.win32_1.0.0.202111181127/tools/bin/../lib/gcc/arm-none-eabi/10.3.1/../../../../arm-none-eabi/lib/thumb/v7-m/nofp\libc_nano.a(lib_a-memset.o)
 .ARM.attributes
                0x0000000000000368       0x1d c:/st/stm32cubeide_1.10.1/stm32cubeide/plugins/com.st.stm32cube.ide.mcu.externaltools.gnu-tools-for-stm32.10.3-2021.10.win32_1.0.0.202111181127/tools/bin/../lib/gcc/arm-none-eabi/10.3.1/thumb/v7-m/nofp\libgcc.a(_arm_addsubdf3.o)
 .ARM.attributes
                0x0000000000000385       0x1d c:/st/stm32cubeide_1.10.1/stm32cubeide/plugins/com.st.stm32cube.ide.mcu.externaltools.gnu-tools-for-stm32.10.3-2021.10.win32_1.0.0.202111181127/tools/bin/../lib/gcc/arm-none-eabi/10.3.1/thumb/v7-m/nofp\libgcc.a(_arm_muldivdf3.o)
 .ARM.attributes
                0x00000000000003a2       0x1d c:/st/stm32cubeide_1.10.1/stm32cubeide/plugins/com.st.stm32cube.ide.mcu.externaltools.gnu-tools-for-stm32.10.3-2021.10.win32_1.0.0.202111181127/tools/bin/../lib/gcc/arm-none-eabi/10.3.1/thumb/v7-m/nofp\libgcc.a(_arm_truncdfsf2.o)
 .ARM.attributes
                0x00000000000003bf       0x1d c:/st/stm32cubeide_1.10.1/stm32cubeide/plugins/com.st.stm32cube.ide.mcu.externaltools.gnu-tools-for-stm32.10.3-2021.10.win32_1.0.0.202111181127/tools/bin/../lib/gcc/arm-none-eabi/10.3.1/thumb/v7-m/nofp\libgcc.a(_arm_addsubsf3.o)
 .ARM.attributes
                0x00000000000003dc       0x1d c:/st/stm32cubeide_1.10.1/stm32cubeide/plugins/com.st.stm32cube.ide.mcu.externaltools.gnu-tools-for-stm32.10.3-2021.10.win32_1.0.0.202111181127/tools/bin/../lib/gcc/arm-none-eabi/10.3.1/thumb/v7-m/nofp/crtn.o
OUTPUT(lcd_program.elf elf32-littlearm)
LOAD linker stubs
LOAD c:/st/stm32cubeide_1.10.1/stm32cubeide/plugins/com.st.stm32cube.ide.mcu.externaltools.gnu-tools-for-stm32.10.3-2021.10.win32_1.0.0.202111181127/tools/bin/../lib/gcc/arm-none-eabi/10.3.1/../../../../arm-none-eabi/lib/thumb/v7-m/nofp\libc.a
LOAD c:/st/stm32cubeide_1.10.1/stm32cubeide/plugins/com.st.stm32cube.ide.mcu.externaltools.gnu-tools-for-stm32.10.3-2021.10.win32_1.0.0.202111181127/tools/bin/../lib/gcc/arm-none-eabi/10.3.1/../../../../arm-none-eabi/lib/thumb/v7-m/nofp\libm.a
LOAD c:/st/stm32cubeide_1.10.1/stm32cubeide/plugins/com.st.stm32cube.ide.mcu.externaltools.gnu-tools-for-stm32.10.3-2021.10.win32_1.0.0.202111181127/tools/bin/../lib/gcc/arm-none-eabi/10.3.1/thumb/v7-m/nofp\libgcc.a

.debug_info     0x0000000000000000    0x11bf2
 .debug_info    0x0000000000000000      0x925 ./Core/Src/SW3516.o
 .debug_info    0x0000000000000925      0xffb ./Core/Src/lcd_progm.o
 .debug_info    0x0000000000001920     0x120b ./Core/Src/main.o
 .debug_info    0x0000000000002b2b      0xd6b ./Core/Src/stm32f1xx_hal_msp.o
 .debug_info    0x0000000000003896      0x726 ./Core/Src/stm32f1xx_it.o
 .debug_info    0x0000000000003fbc      0x23d ./Core/Src/system_stm32f1xx.o
 .debug_info    0x00000000000041f9       0x22 ./Core/Startup/startup_stm32f103c8tx.o
 .debug_info    0x000000000000421b      0x734 ./Drivers/STM32F1xx_HAL_Driver/Src/stm32f1xx_hal.o
 .debug_info    0x000000000000494f      0xb20 ./Drivers/STM32F1xx_HAL_Driver/Src/stm32f1xx_hal_cortex.o
 .debug_info    0x000000000000546f      0x615 ./Drivers/STM32F1xx_HAL_Driver/Src/stm32f1xx_hal_gpio.o
 .debug_info    0x0000000000005a84     0x2734 ./Drivers/STM32F1xx_HAL_Driver/Src/stm32f1xx_hal_i2c.o
 .debug_info    0x00000000000081b8      0x860 ./Drivers/STM32F1xx_HAL_Driver/Src/stm32f1xx_hal_rcc.o
 .debug_info    0x0000000000008a18     0x29de ./Drivers/STM32F1xx_HAL_Driver/Src/stm32f1xx_hal_tim.o
 .debug_info    0x000000000000b3f6     0x1513 ./Drivers/STM32F1xx_HAL_Driver/Src/stm32f1xx_hal_tim_ex.o
 .debug_info    0x000000000000c909     0x46d0 ./ugui/src/ugui.o
 .debug_info    0x0000000000010fd9      0xc19 ./ugui/src/ugui_ST7789.o

.debug_abbrev   0x0000000000000000     0x2156
 .debug_abbrev  0x0000000000000000      0x19b ./Core/Src/SW3516.o
 .debug_abbrev  0x000000000000019b      0x236 ./Core/Src/lcd_progm.o
 .debug_abbrev  0x00000000000003d1      0x321 ./Core/Src/main.o
 .debug_abbrev  0x00000000000006f2      0x1c5 ./Core/Src/stm32f1xx_hal_msp.o
 .debug_abbrev  0x00000000000008b7      0x199 ./Core/Src/stm32f1xx_it.o
 .debug_abbrev  0x0000000000000a50      0x13b ./Core/Src/system_stm32f1xx.o
 .debug_abbrev  0x0000000000000b8b       0x12 ./Core/Startup/startup_stm32f103c8tx.o
 .debug_abbrev  0x0000000000000b9d      0x1fb ./Drivers/STM32F1xx_HAL_Driver/Src/stm32f1xx_hal.o
 .debug_abbrev  0x0000000000000d98      0x2ed ./Drivers/STM32F1xx_HAL_Driver/Src/stm32f1xx_hal_cortex.o
 .debug_abbrev  0x0000000000001085      0x1bb ./Drivers/STM32F1xx_HAL_Driver/Src/stm32f1xx_hal_gpio.o
 .debug_abbrev  0x0000000000001240      0x288 ./Drivers/STM32F1xx_HAL_Driver/Src/stm32f1xx_hal_i2c.o
 .debug_abbrev  0x00000000000014c8      0x2a8 ./Drivers/STM32F1xx_HAL_Driver/Src/stm32f1xx_hal_rcc.o
 .debug_abbrev  0x0000000000001770      0x25d ./Drivers/STM32F1xx_HAL_Driver/Src/stm32f1xx_hal_tim.o
 .debug_abbrev  0x00000000000019cd      0x265 ./Drivers/STM32F1xx_HAL_Driver/Src/stm32f1xx_hal_tim_ex.o
 .debug_abbrev  0x0000000000001c32      0x274 ./ugui/src/ugui.o
 .debug_abbrev  0x0000000000001ea6      0x2b0 ./ugui/src/ugui_ST7789.o

.debug_aranges  0x0000000000000000     0x1280
 .debug_aranges
                0x0000000000000000       0x40 ./Core/Src/SW3516.o
 .debug_aranges
                0x0000000000000040       0x60 ./Core/Src/lcd_progm.o
 .debug_aranges
                0x00000000000000a0       0x58 ./Core/Src/main.o
 .debug_aranges
                0x00000000000000f8       0x40 ./Core/Src/stm32f1xx_hal_msp.o
 .debug_aranges
                0x0000000000000138       0x70 ./Core/Src/stm32f1xx_it.o
 .debug_aranges
                0x00000000000001a8       0x28 ./Core/Src/system_stm32f1xx.o
 .debug_aranges
                0x00000000000001d0       0x28 ./Core/Startup/startup_stm32f103c8tx.o
 .debug_aranges
                0x00000000000001f8       0xe0 ./Drivers/STM32F1xx_HAL_Driver/Src/stm32f1xx_hal.o
 .debug_aranges
                0x00000000000002d8      0x100 ./Drivers/STM32F1xx_HAL_Driver/Src/stm32f1xx_hal_cortex.o
 .debug_aranges
                0x00000000000003d8       0x58 ./Drivers/STM32F1xx_HAL_Driver/Src/stm32f1xx_hal_gpio.o
 .debug_aranges
                0x0000000000000430      0x2a0 ./Drivers/STM32F1xx_HAL_Driver/Src/stm32f1xx_hal_i2c.o
 .debug_aranges
                0x00000000000006d0       0x90 ./Drivers/STM32F1xx_HAL_Driver/Src/stm32f1xx_hal_rcc.o
 .debug_aranges
                0x0000000000000760      0x3d0 ./Drivers/STM32F1xx_HAL_Driver/Src/stm32f1xx_hal_tim.o
 .debug_aranges
                0x0000000000000b30      0x168 ./Drivers/STM32F1xx_HAL_Driver/Src/stm32f1xx_hal_tim_ex.o
 .debug_aranges
                0x0000000000000c98      0x560 ./ugui/src/ugui.o
 .debug_aranges
                0x00000000000011f8       0x88 ./ugui/src/ugui_ST7789.o

.debug_ranges   0x0000000000000000     0x11b0
 .debug_ranges  0x0000000000000000       0x30 ./Core/Src/SW3516.o
 .debug_ranges  0x0000000000000030       0x50 ./Core/Src/lcd_progm.o
 .debug_ranges  0x0000000000000080       0x48 ./Core/Src/main.o
 .debug_ranges  0x00000000000000c8       0x30 ./Core/Src/stm32f1xx_hal_msp.o
 .debug_ranges  0x00000000000000f8       0x60 ./Core/Src/stm32f1xx_it.o
 .debug_ranges  0x0000000000000158       0x18 ./Core/Src/system_stm32f1xx.o
 .debug_ranges  0x0000000000000170       0x20 ./Core/Startup/startup_stm32f103c8tx.o
 .debug_ranges  0x0000000000000190       0xd0 ./Drivers/STM32F1xx_HAL_Driver/Src/stm32f1xx_hal.o
 .debug_ranges  0x0000000000000260       0xf0 ./Drivers/STM32F1xx_HAL_Driver/Src/stm32f1xx_hal_cortex.o
 .debug_ranges  0x0000000000000350       0x48 ./Drivers/STM32F1xx_HAL_Driver/Src/stm32f1xx_hal_gpio.o
 .debug_ranges  0x0000000000000398      0x2b8 ./Drivers/STM32F1xx_HAL_Driver/Src/stm32f1xx_hal_i2c.o
 .debug_ranges  0x0000000000000650       0x80 ./Drivers/STM32F1xx_HAL_Driver/Src/stm32f1xx_hal_rcc.o
 .debug_ranges  0x00000000000006d0      0x3c0 ./Drivers/STM32F1xx_HAL_Driver/Src/stm32f1xx_hal_tim.o
 .debug_ranges  0x0000000000000a90      0x158 ./Drivers/STM32F1xx_HAL_Driver/Src/stm32f1xx_hal_tim_ex.o
 .debug_ranges  0x0000000000000be8      0x550 ./ugui/src/ugui.o
 .debug_ranges  0x0000000000001138       0x78 ./ugui/src/ugui_ST7789.o

.debug_macro    0x0000000000000000    0x17e1b
 .debug_macro   0x0000000000000000      0x1ca ./Core/Src/SW3516.o
 .debug_macro   0x00000000000001ca      0xa6c ./Core/Src/SW3516.o
 .debug_macro   0x0000000000000c36      0x21b ./Core/Src/SW3516.o
 .debug_macro   0x0000000000000e51       0x2e ./Core/Src/SW3516.o
 .debug_macro   0x0000000000000e7f       0x22 ./Core/Src/SW3516.o
 .debug_macro   0x0000000000000ea1       0x22 ./Core/Src/SW3516.o
 .debug_macro   0x0000000000000ec3       0x8e ./Core/Src/SW3516.o
 .debug_macro   0x0000000000000f51       0x51 ./Core/Src/SW3516.o
 .debug_macro   0x0000000000000fa2      0x103 ./Core/Src/SW3516.o
 .debug_macro   0x00000000000010a5       0x6a ./Core/Src/SW3516.o
 .debug_macro   0x000000000000110f      0x1df ./Core/Src/SW3516.o
 .debug_macro   0x00000000000012ee       0x1c ./Core/Src/SW3516.o
 .debug_macro   0x000000000000130a       0x22 ./Core/Src/SW3516.o
 .debug_macro   0x000000000000132c       0xbd ./Core/Src/SW3516.o
 .debug_macro   0x00000000000013e9      0xd23 ./Core/Src/SW3516.o
 .debug_macro   0x000000000000210c     0xe09e ./Core/Src/SW3516.o
 .debug_macro   0x00000000000101aa       0x6d ./Core/Src/SW3516.o
 .debug_macro   0x0000000000010217     0x3468 ./Core/Src/SW3516.o
 .debug_macro   0x000000000001367f      0x174 ./Core/Src/SW3516.o
 .debug_macro   0x00000000000137f3       0x5c ./Core/Src/SW3516.o
 .debug_macro   0x000000000001384f      0x5be ./Core/Src/SW3516.o
 .debug_macro   0x0000000000013e0d      0x289 ./Core/Src/SW3516.o
 .debug_macro   0x0000000000014096      0x1cb ./Core/Src/SW3516.o
 .debug_macro   0x0000000000014261      0x114 ./Core/Src/SW3516.o
 .debug_macro   0x0000000000014375      0x1b2 ./Core/Src/SW3516.o
 .debug_macro   0x0000000000014527       0x27 ./Core/Src/SW3516.o
 .debug_macro   0x000000000001454e      0x136 ./Core/Src/SW3516.o
 .debug_macro   0x0000000000014684      0x1bc ./Core/Src/SW3516.o
 .debug_macro   0x0000000000014840       0x34 ./Core/Src/SW3516.o
 .debug_macro   0x0000000000014874       0x3c ./Core/Src/SW3516.o
 .debug_macro   0x00000000000148b0       0x57 ./Core/Src/SW3516.o
 .debug_macro   0x0000000000014907       0x88 ./Core/Src/SW3516.o
 .debug_macro   0x000000000001498f      0x241 ./Core/Src/SW3516.o
 .debug_macro   0x0000000000014bd0      0x287 ./Core/Src/SW3516.o
 .debug_macro   0x0000000000014e57      0x141 ./Core/Src/SW3516.o
 .debug_macro   0x0000000000014f98      0x8d1 ./Core/Src/SW3516.o
 .debug_macro   0x0000000000015869       0x83 ./Core/Src/SW3516.o
 .debug_macro   0x00000000000158ec       0xb2 ./Core/Src/SW3516.o
 .debug_macro   0x000000000001599e       0x22 ./Core/Src/SW3516.o
 .debug_macro   0x00000000000159c0       0x8e ./Core/Src/SW3516.o
 .debug_macro   0x0000000000015a4e      0x1f0 ./Core/Src/lcd_progm.o
 .debug_macro   0x0000000000015c3e       0x34 ./Core/Src/lcd_progm.o
 .debug_macro   0x0000000000015c72      0x946 ./Core/Src/lcd_progm.o
 .debug_macro   0x00000000000165b8       0x34 ./Core/Src/lcd_progm.o
 .debug_macro   0x00000000000165ec       0x28 ./Core/Src/lcd_progm.o
 .debug_macro   0x0000000000016614      0x208 ./Core/Src/main.o
 .debug_macro   0x000000000001681c      0x1b2 ./Core/Src/stm32f1xx_hal_msp.o
 .debug_macro   0x00000000000169ce      0x1bc ./Core/Src/stm32f1xx_it.o
 .debug_macro   0x0000000000016b8a      0x1a3 ./Core/Src/system_stm32f1xx.o
 .debug_macro   0x0000000000016d2d      0x1c7 ./Drivers/STM32F1xx_HAL_Driver/Src/stm32f1xx_hal.o
 .debug_macro   0x0000000000016ef4      0x1a3 ./Drivers/STM32F1xx_HAL_Driver/Src/stm32f1xx_hal_cortex.o
 .debug_macro   0x0000000000017097      0x20e ./Drivers/STM32F1xx_HAL_Driver/Src/stm32f1xx_hal_gpio.o
 .debug_macro   0x00000000000172a5      0x1ea ./Drivers/STM32F1xx_HAL_Driver/Src/stm32f1xx_hal_i2c.o
 .debug_macro   0x000000000001748f      0x1b5 ./Drivers/STM32F1xx_HAL_Driver/Src/stm32f1xx_hal_rcc.o
 .debug_macro   0x0000000000017644      0x1a4 ./Drivers/STM32F1xx_HAL_Driver/Src/stm32f1xx_hal_tim.o
 .debug_macro   0x00000000000177e8      0x1a3 ./Drivers/STM32F1xx_HAL_Driver/Src/stm32f1xx_hal_tim_ex.o
 .debug_macro   0x000000000001798b      0x1c1 ./ugui/src/ugui.o
 .debug_macro   0x0000000000017b4c       0x2e ./ugui/src/ugui.o
 .debug_macro   0x0000000000017b7a      0x1e9 ./ugui/src/ugui_ST7789.o
 .debug_macro   0x0000000000017d63       0xb8 ./ugui/src/ugui_ST7789.o

.debug_line     0x0000000000000000    0x13107
 .debug_line    0x0000000000000000      0x73a ./Core/Src/SW3516.o
 .debug_line    0x000000000000073a      0xab3 ./Core/Src/lcd_progm.o
 .debug_line    0x00000000000011ed      0x8b9 ./Core/Src/main.o
 .debug_line    0x0000000000001aa6      0x6f5 ./Core/Src/stm32f1xx_hal_msp.o
 .debug_line    0x000000000000219b      0x763 ./Core/Src/stm32f1xx_it.o
 .debug_line    0x00000000000028fe      0x6ef ./Core/Src/system_stm32f1xx.o
 .debug_line    0x0000000000002fed       0x87 ./Core/Startup/startup_stm32f103c8tx.o
 .debug_line    0x0000000000003074      0x91c ./Drivers/STM32F1xx_HAL_Driver/Src/stm32f1xx_hal.o
 .debug_line    0x0000000000003990      0xb04 ./Drivers/STM32F1xx_HAL_Driver/Src/stm32f1xx_hal_cortex.o
 .debug_line    0x0000000000004494      0x9b3 ./Drivers/STM32F1xx_HAL_Driver/Src/stm32f1xx_hal_gpio.o
 .debug_line    0x0000000000004e47     0x3a06 ./Drivers/STM32F1xx_HAL_Driver/Src/stm32f1xx_hal_i2c.o
 .debug_line    0x000000000000884d      0xd2a ./Drivers/STM32F1xx_HAL_Driver/Src/stm32f1xx_hal_rcc.o
 .debug_line    0x0000000000009577     0x32d2 ./Drivers/STM32F1xx_HAL_Driver/Src/stm32f1xx_hal_tim.o
 .debug_line    0x000000000000c849     0x1844 ./Drivers/STM32F1xx_HAL_Driver/Src/stm32f1xx_hal_tim_ex.o
 .debug_line    0x000000000000e08d     0x45bd ./ugui/src/ugui.o
 .debug_line    0x000000000001264a      0xabd ./ugui/src/ugui_ST7789.o

.debug_str      0x0000000000000000    0x89f72
 .debug_str     0x0000000000000000    0x83710 ./Core/Src/SW3516.o
                                      0x83ac5 (size before relaxing)
 .debug_str     0x0000000000083710     0x2591 ./Core/Src/lcd_progm.o
                                      0x8581b (size before relaxing)
 .debug_str     0x0000000000085ca1      0x8fc ./Core/Src/main.o
                                      0x861c9 (size before relaxing)
 .debug_str     0x000000000008659d       0xad ./Core/Src/stm32f1xx_hal_msp.o
                                      0x83d90 (size before relaxing)
 .debug_str     0x000000000008664a      0x11a ./Core/Src/stm32f1xx_it.o
                                      0x837d4 (size before relaxing)
 .debug_str     0x0000000000086764       0x7e ./Core/Src/system_stm32f1xx.o
                                      0x83003 (size before relaxing)
 .debug_str     0x00000000000867e2       0x36 ./Core/Startup/startup_stm32f103c8tx.o
                                         0x8a (size before relaxing)
 .debug_str     0x0000000000086818      0x38e ./Drivers/STM32F1xx_HAL_Driver/Src/stm32f1xx_hal.o
                                      0x83736 (size before relaxing)
 .debug_str     0x0000000000086ba6      0x294 ./Drivers/STM32F1xx_HAL_Driver/Src/stm32f1xx_hal_cortex.o
                                      0x83682 (size before relaxing)
 .debug_str     0x0000000000086e3a      0x2be ./Drivers/STM32F1xx_HAL_Driver/Src/stm32f1xx_hal_gpio.o
                                      0x83389 (size before relaxing)
 .debug_str     0x00000000000870f8      0xb65 ./Drivers/STM32F1xx_HAL_Driver/Src/stm32f1xx_hal_i2c.o
                                      0x84077 (size before relaxing)
 .debug_str     0x0000000000087c5d      0x209 ./Drivers/STM32F1xx_HAL_Driver/Src/stm32f1xx_hal_rcc.o
                                      0x83432 (size before relaxing)
 .debug_str     0x0000000000087e66      0xda8 ./Drivers/STM32F1xx_HAL_Driver/Src/stm32f1xx_hal_tim.o
                                      0x8441d (size before relaxing)
 .debug_str     0x0000000000088c0e      0x493 ./Drivers/STM32F1xx_HAL_Driver/Src/stm32f1xx_hal_tim_ex.o
                                      0x83c39 (size before relaxing)
 .debug_str     0x00000000000890a1      0xd5f ./ugui/src/ugui.o
                                      0x85cd0 (size before relaxing)
 .debug_str     0x0000000000089e00      0x172 ./ugui/src/ugui_ST7789.o
                                      0x85456 (size before relaxing)

.comment        0x0000000000000000       0x50
 .comment       0x0000000000000000       0x50 ./Core/Src/SW3516.o
                                         0x51 (size before relaxing)
 .comment       0x0000000000000050       0x51 ./Core/Src/lcd_progm.o
 .comment       0x0000000000000050       0x51 ./Core/Src/main.o
 .comment       0x0000000000000050       0x51 ./Core/Src/stm32f1xx_hal_msp.o
 .comment       0x0000000000000050       0x51 ./Core/Src/stm32f1xx_it.o
 .comment       0x0000000000000050       0x51 ./Core/Src/system_stm32f1xx.o
 .comment       0x0000000000000050       0x51 ./Drivers/STM32F1xx_HAL_Driver/Src/stm32f1xx_hal.o
 .comment       0x0000000000000050       0x51 ./Drivers/STM32F1xx_HAL_Driver/Src/stm32f1xx_hal_cortex.o
 .comment       0x0000000000000050       0x51 ./Drivers/STM32F1xx_HAL_Driver/Src/stm32f1xx_hal_gpio.o
 .comment       0x0000000000000050       0x51 ./Drivers/STM32F1xx_HAL_Driver/Src/stm32f1xx_hal_i2c.o
 .comment       0x0000000000000050       0x51 ./Drivers/STM32F1xx_HAL_Driver/Src/stm32f1xx_hal_rcc.o
 .comment       0x0000000000000050       0x51 ./Drivers/STM32F1xx_HAL_Driver/Src/stm32f1xx_hal_tim.o
 .comment       0x0000000000000050       0x51 ./Drivers/STM32F1xx_HAL_Driver/Src/stm32f1xx_hal_tim_ex.o
 .comment       0x0000000000000050       0x51 ./ugui/src/ugui.o
 .comment       0x0000000000000050       0x51 ./ugui/src/ugui_ST7789.o

.debug_frame    0x0000000000000000     0x5198
 .debug_frame   0x0000000000000000       0xcc ./Core/Src/SW3516.o
 .debug_frame   0x00000000000000cc      0x168 ./Core/Src/lcd_progm.o
 .debug_frame   0x0000000000000234      0x114 ./Core/Src/main.o
 .debug_frame   0x0000000000000348       0xc8 ./Core/Src/stm32f1xx_hal_msp.o
 .debug_frame   0x0000000000000410      0x13c ./Core/Src/stm32f1xx_it.o
 .debug_frame   0x000000000000054c       0x58 ./Core/Src/system_stm32f1xx.o
 .debug_frame   0x00000000000005a4      0x334 ./Drivers/STM32F1xx_HAL_Driver/Src/stm32f1xx_hal.o
 .debug_frame   0x00000000000008d8      0x428 ./Drivers/STM32F1xx_HAL_Driver/Src/stm32f1xx_hal_cortex.o
 .debug_frame   0x0000000000000d00      0x14c ./Drivers/STM32F1xx_HAL_Driver/Src/stm32f1xx_hal_gpio.o
 .debug_frame   0x0000000000000e4c      0xc5c ./Drivers/STM32F1xx_HAL_Driver/Src/stm32f1xx_hal_i2c.o
 .debug_frame   0x0000000000001aa8      0x21c ./Drivers/STM32F1xx_HAL_Driver/Src/stm32f1xx_hal_rcc.o
 .debug_frame   0x0000000000001cc4     0x11b8 ./Drivers/STM32F1xx_HAL_Driver/Src/stm32f1xx_hal_tim.o
 .debug_frame   0x0000000000002e7c      0x638 ./Drivers/STM32F1xx_HAL_Driver/Src/stm32f1xx_hal_tim_ex.o
 .debug_frame   0x00000000000034b4     0x191c ./ugui/src/ugui.o
 .debug_frame   0x0000000000004dd0      0x210 ./ugui/src/ugui_ST7789.o
 .debug_frame   0x0000000000004fe0       0x2c c:/st/stm32cubeide_1.10.1/stm32cubeide/plugins/com.st.stm32cube.ide.mcu.externaltools.gnu-tools-for-stm32.10.3-2021.10.win32_1.0.0.202111181127/tools/bin/../lib/gcc/arm-none-eabi/10.3.1/../../../../arm-none-eabi/lib/thumb/v7-m/nofp\libc_nano.a(lib_a-init.o)
 .debug_frame   0x000000000000500c       0x20 c:/st/stm32cubeide_1.10.1/stm32cubeide/plugins/com.st.stm32cube.ide.mcu.externaltools.gnu-tools-for-stm32.10.3-2021.10.win32_1.0.0.202111181127/tools/bin/../lib/gcc/arm-none-eabi/10.3.1/../../../../arm-none-eabi/lib/thumb/v7-m/nofp\libc_nano.a(lib_a-memset.o)
 .debug_frame   0x000000000000502c       0xac c:/st/stm32cubeide_1.10.1/stm32cubeide/plugins/com.st.stm32cube.ide.mcu.externaltools.gnu-tools-for-stm32.10.3-2021.10.win32_1.0.0.202111181127/tools/bin/../lib/gcc/arm-none-eabi/10.3.1/thumb/v7-m/nofp\libgcc.a(_arm_addsubdf3.o)
 .debug_frame   0x00000000000050d8       0x50 c:/st/stm32cubeide_1.10.1/stm32cubeide/plugins/com.st.stm32cube.ide.mcu.externaltools.gnu-tools-for-stm32.10.3-2021.10.win32_1.0.0.202111181127/tools/bin/../lib/gcc/arm-none-eabi/10.3.1/thumb/v7-m/nofp\libgcc.a(_arm_muldivdf3.o)
 .debug_frame   0x0000000000005128       0x24 c:/st/stm32cubeide_1.10.1/stm32cubeide/plugins/com.st.stm32cube.ide.mcu.externaltools.gnu-tools-for-stm32.10.3-2021.10.win32_1.0.0.202111181127/tools/bin/../lib/gcc/arm-none-eabi/10.3.1/thumb/v7-m/nofp\libgcc.a(_arm_truncdfsf2.o)
 .debug_frame   0x000000000000514c       0x4c c:/st/stm32cubeide_1.10.1/stm32cubeide/plugins/com.st.stm32cube.ide.mcu.externaltools.gnu-tools-for-stm32.10.3-2021.10.win32_1.0.0.202111181127/tools/bin/../lib/gcc/arm-none-eabi/10.3.1/thumb/v7-m/nofp\libgcc.a(_arm_addsubsf3.o)
