Archive member included to satisfy reference by file (symbol)

/opt/st/stm32cubeide_1.10.1/plugins/com.st.stm32cube.ide.mcu.externaltools.gnu-tools-for-stm32.10.3-2021.10.linux64_1.0.0.202111181127/tools/bin/../lib/gcc/arm-none-eabi/10.3.1/../../../../arm-none-eabi/lib/thumb/v7-m/nofp/libc_nano.a(lib_a-errno.o)
                              ./Core/Src/syscalls.o (__errno)
/opt/st/stm32cubeide_1.10.1/plugins/com.st.stm32cube.ide.mcu.externaltools.gnu-tools-for-stm32.10.3-2021.10.linux64_1.0.0.202111181127/tools/bin/../lib/gcc/arm-none-eabi/10.3.1/../../../../arm-none-eabi/lib/thumb/v7-m/nofp/libc_nano.a(lib_a-exit.o)
                              /opt/st/stm32cubeide_1.10.1/plugins/com.st.stm32cube.ide.mcu.externaltools.gnu-tools-for-stm32.10.3-2021.10.linux64_1.0.0.202111181127/tools/bin/../lib/gcc/arm-none-eabi/10.3.1/../../../../arm-none-eabi/lib/thumb/v7-m/nofp/crt0.o (exit)
/opt/st/stm32cubeide_1.10.1/plugins/com.st.stm32cube.ide.mcu.externaltools.gnu-tools-for-stm32.10.3-2021.10.linux64_1.0.0.202111181127/tools/bin/../lib/gcc/arm-none-eabi/10.3.1/../../../../arm-none-eabi/lib/thumb/v7-m/nofp/libc_nano.a(lib_a-impure.o)
                              /opt/st/stm32cubeide_1.10.1/plugins/com.st.stm32cube.ide.mcu.externaltools.gnu-tools-for-stm32.10.3-2021.10.linux64_1.0.0.202111181127/tools/bin/../lib/gcc/arm-none-eabi/10.3.1/../../../../arm-none-eabi/lib/thumb/v7-m/nofp/libc_nano.a(lib_a-exit.o) (_global_impure_ptr)
/opt/st/stm32cubeide_1.10.1/plugins/com.st.stm32cube.ide.mcu.externaltools.gnu-tools-for-stm32.10.3-2021.10.linux64_1.0.0.202111181127/tools/bin/../lib/gcc/arm-none-eabi/10.3.1/../../../../arm-none-eabi/lib/thumb/v7-m/nofp/libc_nano.a(lib_a-init.o)
                              /opt/st/stm32cubeide_1.10.1/plugins/com.st.stm32cube.ide.mcu.externaltools.gnu-tools-for-stm32.10.3-2021.10.linux64_1.0.0.202111181127/tools/bin/../lib/gcc/arm-none-eabi/10.3.1/../../../../arm-none-eabi/lib/thumb/v7-m/nofp/crt0.o (__libc_init_array)
/opt/st/stm32cubeide_1.10.1/plugins/com.st.stm32cube.ide.mcu.externaltools.gnu-tools-for-stm32.10.3-2021.10.linux64_1.0.0.202111181127/tools/bin/../lib/gcc/arm-none-eabi/10.3.1/../../../../arm-none-eabi/lib/thumb/v7-m/nofp/libc_nano.a(lib_a-memset.o)
                              /opt/st/stm32cubeide_1.10.1/plugins/com.st.stm32cube.ide.mcu.externaltools.gnu-tools-for-stm32.10.3-2021.10.linux64_1.0.0.202111181127/tools/bin/../lib/gcc/arm-none-eabi/10.3.1/../../../../arm-none-eabi/lib/thumb/v7-m/nofp/crt0.o (memset)
/opt/st/stm32cubeide_1.10.1/plugins/com.st.stm32cube.ide.mcu.externaltools.gnu-tools-for-stm32.10.3-2021.10.linux64_1.0.0.202111181127/tools/bin/../lib/gcc/arm-none-eabi/10.3.1/thumb/v7-m/nofp/libgcc.a(_arm_muldf3.o)
                              ./Core/Src/SW3516.o (__aeabi_dmul)
/opt/st/stm32cubeide_1.10.1/plugins/com.st.stm32cube.ide.mcu.externaltools.gnu-tools-for-stm32.10.3-2021.10.linux64_1.0.0.202111181127/tools/bin/../lib/gcc/arm-none-eabi/10.3.1/thumb/v7-m/nofp/libgcc.a(_arm_addsubdf3.o)
                              ./Core/Src/SW3516.o (__aeabi_i2d)
/opt/st/stm32cubeide_1.10.1/plugins/com.st.stm32cube.ide.mcu.externaltools.gnu-tools-for-stm32.10.3-2021.10.linux64_1.0.0.202111181127/tools/bin/../lib/gcc/arm-none-eabi/10.3.1/thumb/v7-m/nofp/libgcc.a(_arm_muldivdf3.o)
                              ./Core/Src/SW3516.o (__aeabi_ddiv)
/opt/st/stm32cubeide_1.10.1/plugins/com.st.stm32cube.ide.mcu.externaltools.gnu-tools-for-stm32.10.3-2021.10.linux64_1.0.0.202111181127/tools/bin/../lib/gcc/arm-none-eabi/10.3.1/thumb/v7-m/nofp/libgcc.a(_arm_truncdfsf2.o)
                              ./Core/Src/SW3516.o (__aeabi_d2f)
/opt/st/stm32cubeide_1.10.1/plugins/com.st.stm32cube.ide.mcu.externaltools.gnu-tools-for-stm32.10.3-2021.10.linux64_1.0.0.202111181127/tools/bin/../lib/gcc/arm-none-eabi/10.3.1/thumb/v7-m/nofp/libgcc.a(_arm_addsubsf3.o)
                              ./Core/Src/SW3516.o (__aeabi_i2f)

Discarded input sections

 .text          0x0000000000000000        0x0 /opt/st/stm32cubeide_1.10.1/plugins/com.st.stm32cube.ide.mcu.externaltools.gnu-tools-for-stm32.10.3-2021.10.linux64_1.0.0.202111181127/tools/bin/../lib/gcc/arm-none-eabi/10.3.1/thumb/v7-m/nofp/crti.o
 .data          0x0000000000000000        0x0 /opt/st/stm32cubeide_1.10.1/plugins/com.st.stm32cube.ide.mcu.externaltools.gnu-tools-for-stm32.10.3-2021.10.linux64_1.0.0.202111181127/tools/bin/../lib/gcc/arm-none-eabi/10.3.1/thumb/v7-m/nofp/crti.o
 .bss           0x0000000000000000        0x0 /opt/st/stm32cubeide_1.10.1/plugins/com.st.stm32cube.ide.mcu.externaltools.gnu-tools-for-stm32.10.3-2021.10.linux64_1.0.0.202111181127/tools/bin/../lib/gcc/arm-none-eabi/10.3.1/thumb/v7-m/nofp/crti.o
 .data          0x0000000000000000        0x4 /opt/st/stm32cubeide_1.10.1/plugins/com.st.stm32cube.ide.mcu.externaltools.gnu-tools-for-stm32.10.3-2021.10.linux64_1.0.0.202111181127/tools/bin/../lib/gcc/arm-none-eabi/10.3.1/thumb/v7-m/nofp/crtbegin.o
[...]
Memory Configuration

Name             Origin             Length             Attributes
RAM              0x0000000020000000 0x0000000000005000 xrw
FLASH            0x0000000008000000 0x0000000000010000 xr
*default*        0x0000000000000000 0xffffffffffffffff

Linker script and memory map

LOAD /opt/st/stm32cubeide_1.10.1/plugins/com.st.stm32cube.ide.mcu.externaltools.gnu-tools-for-stm32.10.3-2021.10.linux64_1.0.0.202111181127/tools/bin/../lib/gcc/arm-none-eabi/10.3.1/thumb/v7-m/nofp/crti.o
LOAD /opt/st/stm32cubeide_1.10.1/plugins/com.st.stm32cube.ide.mcu.externaltools.gnu-tools-for-stm32.10.3-2021.10.linux64_1.0.0.202111181127/tools/bin/../lib/gcc/arm-none-eabi/10.3.1/thumb/v7-m/nofp/crtbegin.o
LOAD /opt/st/stm32cubeide_1.10.1/plugins/com.st.stm32cube.ide.mcu.externaltools.gnu-tools-for-stm32.10.3-2021.10.linux64_1.0.0.202111181127/tools/bin/../lib/gcc/arm-none-eabi/10.3.1/../../../../arm-none-eabi/lib/thumb/v7-m/nofp/crt0.o
LOAD ./Core/Src/SW3516.o
LOAD ./Core/Src/lcd_progm.o
LOAD ./Core/Src/main.o
LOAD ./Core/Src/stm32f1xx_hal_msp.o
LOAD ./Core/Src/stm32f1xx_it.o
LOAD ./Core/Src/syscalls.o
LOAD ./Core/Src/sysmem.o
LOAD ./Core/Src/system_stm32f1xx.o
LOAD ./Core/Startup/startup_stm32f103c8tx.o
LOAD ./Drivers/STM32F1xx_HAL_Driver/Src/stm32f1xx_hal.o
LOAD ./Drivers/STM32F1xx_HAL_Driver/Src/stm32f1xx_hal_cortex.o
LOAD ./Drivers/STM32F1xx_HAL_Driver/Src/stm32f1xx_hal_dma.o
LOAD ./Drivers/STM32F1xx_HAL_Driver/Src/stm32f1xx_hal_exti.o
LOAD ./Drivers/STM32F1xx_HAL_Driver/Src/stm32f1xx_hal_flash.o
LOAD ./Drivers/STM32F1xx_HAL_Driver/Src/stm32f1xx_hal_flash_ex.o
LOAD ./Drivers/STM32F1xx_HAL_Driver/Src/stm32f1xx_hal_gpio.o
LOAD ./Drivers/STM32F1xx_HAL_Driver/Src/stm32f1xx_hal_gpio_ex.o
LOAD ./Drivers/STM32F1xx_HAL_Driver/Src/stm32f1xx_hal_i2c.o
LOAD ./Drivers/STM32F1xx_HAL_Driver/Src/stm32f1xx_hal_pwr.o
LOAD ./Drivers/STM32F1xx_HAL_Driver/Src/stm32f1xx_hal_rcc.o
LOAD ./Drivers/STM32F1xx_HAL_Driver/Src/stm32f1xx_hal_rcc_ex.o
LOAD ./Drivers/STM32F1xx_HAL_Driver/Src/stm32f1xx_hal_tim.o
LOAD ./Drivers/STM32F1xx_HAL_Driver/Src/stm32f1xx_hal_tim_ex.o
LOAD ./ugui/src/ugui.o
LOAD ./ugui/src/ugui_ST7789.o
START GROUP
LOAD /opt/st/stm32cubeide_1.10.1/plugins/com.st.stm32cube.ide.mcu.externaltools.gnu-tools-for-stm32.10.3-2021.10.linux64_1.0.0.202111181127/tools/bin/../lib/gcc/arm-none-eabi/10.3.1/../../../../arm-none-eabi/lib/thumb/v7-m/nofp/libc_nano.a
LOAD /opt/st/stm32cubeide_1.10.1/plugins/com.st.stm32cube.ide.mcu.externaltools.gnu-tools-for-stm32.10.3-2021.10.linux64_1.0.0.202111181127/tools/bin/../lib/gcc/arm-none-eabi/10.3.1/../../../../arm-none-eabi/lib/thumb/v7-m/nofp/libm.a
END GROUP
START GROUP
LOAD /opt/st/stm32cubeide_1.10.1/plugins/com.st.stm32cube.ide.mcu.externaltools.gnu-tools-for-stm32.10.3-2021.10.linux64_1.0.0.202111181127/tools/bin/../lib/gcc/arm-none-eabi/10.3.1/thumb/v7-m/nofp/libgcc.a
LOAD /opt/st/stm32cubeide_1.10.1/plugins/com.st.stm32cube.ide.mcu.externaltools.gnu-tools-for-stm32.10.3-2021.10.linux64_1.0.0.202111181127/tools/bin/../lib/gcc/arm-none-eabi/10.3.1/../../../../arm-none-eabi/lib/thumb/v7-m/nofp/libc_nano.a
END GROUP
START GROUP
LOAD /opt/st/stm32cubeide_1.10.1/plugins/com.st.stm32cube.ide.mcu.externaltools.gnu-tools-for-stm32.10.3-2021.10.linux64_1.0.0.202111181127/tools/bin/../lib/gcc/arm-none-eabi/10.3.1/thumb/v7-m/nofp/libgcc.a
LOAD /opt/st/stm32cubeide_1.10.1/plugins/com.st.stm32cube.ide.mcu.externaltools.gnu-tools-for-stm32.10.3-2021.10.linux64_1.0.0.202111181127/tools/bin/../lib/gcc/arm-none-eabi/10.3.1/../../../../arm-none-eabi/lib/thumb/v7-m/nofp/libc_nano.a
LOAD /opt/st/stm32cubeide_1.10.1/plugins/com.st.stm32cube.ide.mcu.externaltools.gnu-tools-for-stm32.10.3-2021.10.linux64_1.0.0.202111181127/tools/bin/../lib/gcc/arm-none-eabi/10.3.1/../../../../arm-none-eabi/lib/thumb/v7-m/nofp/libnosys.a
END GROUP
START GROUP
LOAD /opt/st/stm32cubeide_1.10.1/plugins/com.st.stm32cube.ide.mcu.externaltools.gnu-tools-for-stm32.10.3-2021.10.linux64_1.0.0.202111181127/tools/bin/../lib/gcc/arm-none-eabi/10.3.1/thumb/v7-m/nofp/libgcc.a
LOAD /opt/st/stm32cubeide_1.10.1/plugins/com.st.stm32cube.ide.mcu.externaltools.gnu-tools-for-stm32.10.3-2021.10.linux64_1.0.0.202111181127/tools/bin/../lib/gcc/arm-none-eabi/10.3.1/../../../../arm-none-eabi/lib/thumb/v7-m/nofp/libc_nano.a
LOAD /opt/st/stm32cubeide_1.10.1/plugins/com.st.stm32cube.ide.mcu.externaltools.gnu-tools-for-stm32.10.3-2021.10.linux64_1.0.0.202111181127/tools/bin/../lib/gcc/arm-none-eabi/10.3.1/../../../../arm-none-eabi/lib/thumb/v7-m/nofp/libnosys.a
END GROUP
LOAD /opt/st/stm32cubeide_1.10.1/plugins/com.st.stm32cube.ide.mcu.externaltools.gnu-tools-for-stm32.10.3-2021.10.linux64_1.0.0.202111181127/tools/bin/../lib/gcc/arm-none-eabi/10.3.1/thumb/v7-m/nofp/crtend.o
LOAD /opt/st/stm32cubeide_1.10.1/plugins/com.st.stm32cube.ide.mcu.externaltools.gnu-tools-for-stm32.10.3-2021.10.linux64_1.0.0.202111181127/tools/bin/../lib/gcc/arm-none-eabi/10.3.1/thumb/v7-m/nofp/crtn.o
                0x0000000020005000                _estack = (ORIGIN (RAM) + LENGTH (RAM))
                0x0000000000000200                _Min_Heap_Size = 0x200
                0x0000000000000400                _Min_Stack_Size = 0x400

.isr_vector     0x0000000008000000      0x10c
                0x0000000008000000                . = ALIGN (0x4)
 *(.isr_vector)
 .isr_vector    0x0000000008000000      0x10c ./Core/Startup/startup_stm32f103c8tx.o
                0x0000000008000000                g_pfnVectors
                0x000000000800010c                . = ALIGN (0x4)

.text           0x000000000800010c     0x78b8
                0x000000000800010c                . = ALIGN (0x4)
 *(.text)
 .text          0x000000000800010c       0x40 /opt/st/stm32cubeide_1.10.1/plugins/com.st.stm32cube.ide.mcu.externaltools.gnu-tools-for-stm32.10.3-2021.10.linux64_1.0.0.202111181127/tools/bin/../lib/gcc/arm-none-eabi/10.3.1/thumb/v7-m/nofp/crtbegin.o
 .text          0x000000000800014c      0x378 /opt/st/stm32cubeide_1.10.1/plugins/com.st.stm32cube.ide.mcu.externaltools.gnu-tools-for-stm32.10.3-2021.10.linux64_1.0.0.202111181127/tools/bin/../lib/gcc/arm-none-eabi/10.3.1/thumb/v7-m/nofp/libgcc.a(_arm_addsubdf3.o)
                0x000000000800014c                __aeabi_drsub
                0x0000000008000154                __aeabi_dsub
                0x0000000008000154                __subdf3
                0x0000000008000158                __adddf3
                0x0000000008000158                __aeabi_dadd
                0x00000000080003d0                __aeabi_ui2d
                0x00000000080003d0                __floatunsidf
                0x00000000080003f0                __floatsidf
                0x00000000080003f0                __aeabi_i2d
                0x0000000008000414                __extendsfdf2
                0x0000000008000414                __aeabi_f2d
                0x0000000008000458                __aeabi_ul2d
                0x0000000008000458                __floatundidf
                0x0000000008000468                __floatdidf
                0x0000000008000468                __aeabi_l2d
 .text          0x00000000080004c4      0x424 /opt/st/stm32cubeide_1.10.1/plugins/com.st.stm32cube.ide.mcu.externaltools.gnu-tools-for-stm32.10.3-2021.10.linux64_1.0.0.202111181127/tools/bin/../lib/gcc/arm-none-eabi/10.3.1/thumb/v7-m/nofp/libgcc.a(_arm_muldivdf3.o)
                0x00000000080004c4                __aeabi_dmul
                0x00000000080004c4                __muldf3
                0x0000000008000718                __aeabi_ddiv
                0x0000000008000718                __divdf3
 .text          0x00000000080008e8       0xa0 /opt/st/stm32cubeide_1.10.1/plugins/com.st.stm32cube.ide.mcu.externaltools.gnu-tools-for-stm32.10.3-2021.10.linux64_1.0.0.202111181127/tools/bin/../lib/gcc/arm-none-eabi/10.3.1/thumb/v7-m/nofp/libgcc.a(_arm_truncdfsf2.o)
                0x00000000080008e8                __aeabi_d2f
                0x00000000080008e8                __truncdfsf2
 .text          0x0000000008000988      0x21c /opt/st/stm32cubeide_1.10.1/plugins/com.st.stm32cube.ide.mcu.externaltools.gnu-tools-for-stm32.10.3-2021.10.linux64_1.0.0.202111181127/tools/bin/../lib/gcc/arm-none-eabi/10.3.1/thumb/v7-m/nofp/libgcc.a(_arm_addsubsf3.o)
                0x0000000008000988                __aeabi_frsub
                0x0000000008000990                __subsf3
                0x0000000008000990                __aeabi_fsub
                0x0000000008000994                __aeabi_fadd
                0x0000000008000994                __addsf3
                0x0000000008000af4                __aeabi_ui2f
                0x0000000008000af4                __floatunsisf
                0x0000000008000afc                __aeabi_i2f
                0x0000000008000afc                __floatsisf
                0x0000000008000b18                __floatundisf
                0x0000000008000b18                __aeabi_ul2f
                0x0000000008000b28                __floatdisf
                0x0000000008000b28                __aeabi_l2f
 *(.text*)
 .text.SW3516_init
                0x0000000008000ba4       0x30 ./Core/Src/SW3516.o
                0x0000000008000ba4                SW3516_init
 .text.read_ADC_DATA_BUFFER
                0x0000000008000bd4       0x90 ./Core/Src/SW3516.o
                0x0000000008000bd4                read_ADC_DATA_BUFFER
 .text.convert_ADC
                0x0000000008000c64      0x198 ./Core/Src/SW3516.o
                0x0000000008000c64                convert_ADC
 .text.Page_1   0x0000000008000dfc      0x208 ./Core/Src/lcd_progm.o
                0x0000000008000dfc                Page_1
 .text.Page_2   0x0000000008001004       0x54 ./Core/Src/lcd_progm.o
                0x0000000008001004                Page_2
 .text.Page_3   0x0000000008001058       0x50 ./Core/Src/lcd_progm.o
                0x0000000008001058                Page_3
 .text.Page_logo
                0x00000000080010a8       0x2c ./Core/Src/lcd_progm.o
                0x00000000080010a8                Page_logo
 .text.begin    0x00000000080010d4      0xfa4 ./Core/Src/lcd_progm.o
                0x00000000080010d4                begin
 .text.window_page_1_callback
                0x0000000008002078       0x12 ./Core/Src/lcd_progm.o
                0x0000000008002078                window_page_1_callback
 .text.window_graph_callback
                0x000000000800208a       0x12 ./Core/Src/lcd_progm.o
                0x000000000800208a                window_graph_callback
 .text.window_logo_callback
                0x000000000800209c       0x12 ./Core/Src/lcd_progm.o
                0x000000000800209c                window_logo_callback
 .text.window_page_2_callback
                0x00000000080020ae       0x12 ./Core/Src/lcd_progm.o
                0x00000000080020ae                window_page_2_callback
 .text.main     0x00000000080020c0       0x90 ./Core/Src/main.o
                0x00000000080020c0                main
 .text.SystemClock_Config
                0x0000000008002150       0x8a ./Core/Src/main.o
                0x0000000008002150                SystemClock_Config
 *fill*         0x00000000080021da        0x2 
 .text.MX_I2C1_Init
                0x00000000080021dc       0x5c ./Core/Src/main.o
 .text.MX_TIM2_Init
                0x0000000008002238       0x9c ./Core/Src/main.o
 .text.MX_GPIO_Init
                0x00000000080022d4      0x148 ./Core/Src/main.o
 .text.HAL_GPIO_EXTI_Callback
                0x000000000800241c       0x14 ./Core/Src/main.o
                0x000000000800241c                HAL_GPIO_EXTI_Callback
 .text.HAL_TIM_PeriodElapsedCallback
                0x0000000008002430       0x1c ./Core/Src/main.o
                0x0000000008002430                HAL_TIM_PeriodElapsedCallback
 .text.Error_Handler
                0x000000000800244c        0xa ./Core/Src/main.o
                0x000000000800244c                Error_Handler
 *fill*         0x0000000008002456        0x2 
 .text.HAL_MspInit
                0x0000000008002458       0x44 ./Core/Src/stm32f1xx_hal_msp.o
                0x0000000008002458                HAL_MspInit
 .text.HAL_I2C_MspInit
                0x000000000800249c       0x7c ./Core/Src/stm32f1xx_hal_msp.o
                0x000000000800249c                HAL_I2C_MspInit
 .text.HAL_TIM_Base_MspInit
                0x0000000008002518       0x48 ./Core/Src/stm32f1xx_hal_msp.o
                0x0000000008002518                HAL_TIM_Base_MspInit
 .text.NMI_Handler
                0x0000000008002560        0x6 ./Core/Src/stm32f1xx_it.o
                0x0000000008002560                NMI_Handler
 .text.HardFault_Handler
                0x0000000008002566        0x6 ./Core/Src/stm32f1xx_it.o
                0x0000000008002566                HardFault_Handler
 .text.MemManage_Handler
                0x000000000800256c        0x6 ./Core/Src/stm32f1xx_it.o
                0x000000000800256c                MemManage_Handler
 .text.BusFault_Handler
                0x0000000008002572        0x6 ./Core/Src/stm32f1xx_it.o
                0x0000000008002572                BusFault_Handler
 .text.UsageFault_Handler
                0x0000000008002578        0x6 ./Core/Src/stm32f1xx_it.o
                0x0000000008002578                UsageFault_Handler
 .text.SVC_Handler
                0x000000000800257e        0xc ./Core/Src/stm32f1xx_it.o
                0x000000000800257e                SVC_Handler
 .text.DebugMon_Handler
                0x000000000800258a        0xc ./Core/Src/stm32f1xx_it.o
                0x000000000800258a                DebugMon_Handler
 .text.PendSV_Handler
                0x0000000008002596        0xc ./Core/Src/stm32f1xx_it.o
                0x0000000008002596                PendSV_Handler
 .text.SysTick_Handler
                0x00000000080025a2        0xc ./Core/Src/stm32f1xx_it.o
                0x00000000080025a2                SysTick_Handler
 *fill*         0x00000000080025ae        0x2 
 .text.TIM2_IRQHandler
                0x00000000080025b0       0x14 ./Core/Src/stm32f1xx_it.o
                0x00000000080025b0                TIM2_IRQHandler
 .text.EXTI15_10_IRQHandler
                0x00000000080025c4       0x10 ./Core/Src/stm32f1xx_it.o
                0x00000000080025c4                EXTI15_10_IRQHandler
 .text.SystemInit
                0x00000000080025d4        0xc ./Core/Src/system_stm32f1xx.o
                0x00000000080025d4                SystemInit
 .text.Reset_Handler
                0x00000000080025e0       0x48 ./Core/Startup/startup_stm32f103c8tx.o
                0x00000000080025e0                Reset_Handler
 .text.Default_Handler
                0x0000000008002628        0x2 ./Core/Startup/startup_stm32f103c8tx.o
                0x0000000008002628                RTC_Alarm_IRQHandler
                0x0000000008002628                EXTI2_IRQHandler
                0x0000000008002628                TIM1_CC_IRQHandler
                0x0000000008002628                PVD_IRQHandler
                0x0000000008002628                EXTI3_IRQHandler
                0x0000000008002628                EXTI0_IRQHandler
                0x0000000008002628                I2C2_EV_IRQHandler
                0x0000000008002628                ADC1_2_IRQHandler
                0x0000000008002628                SPI1_IRQHandler
                0x0000000008002628                TAMPER_IRQHandler
                0x0000000008002628                DMA1_Channel4_IRQHandler
                0x0000000008002628                USART3_IRQHandler
                0x0000000008002628                RTC_IRQHandler
                0x0000000008002628                DMA1_Channel7_IRQHandler
                0x0000000008002628                CAN1_RX1_IRQHandler
                0x0000000008002628                TIM4_IRQHandler
                0x0000000008002628                I2C1_EV_IRQHandler
                0x0000000008002628                DMA1_Channel6_IRQHandler
                0x0000000008002628                TIM3_IRQHandler
                0x0000000008002628                RCC_IRQHandler
                0x0000000008002628                TIM1_TRG_COM_IRQHandler
                0x0000000008002628                DMA1_Channel1_IRQHandler
                0x0000000008002628                Default_Handler
                0x0000000008002628                EXTI9_5_IRQHandler
                0x0000000008002628                SPI2_IRQHandler
                0x0000000008002628                DMA1_Channel5_IRQHandler
                0x0000000008002628                EXTI4_IRQHandler
                0x0000000008002628                USB_LP_CAN1_RX0_IRQHandler
                0x0000000008002628                USB_HP_CAN1_TX_IRQHandler
                0x0000000008002628                DMA1_Channel3_IRQHandler
                0x0000000008002628                TIM1_UP_IRQHandler
                0x0000000008002628                WWDG_IRQHandler
                0x0000000008002628                TIM1_BRK_IRQHandler
                0x0000000008002628                EXTI1_IRQHandler
                0x0000000008002628                USART2_IRQHandler
                0x0000000008002628                I2C2_ER_IRQHandler
                0x0000000008002628                DMA1_Channel2_IRQHandler
                0x0000000008002628                CAN1_SCE_IRQHandler
                0x0000000008002628                FLASH_IRQHandler
                0x0000000008002628                USART1_IRQHandler
                0x0000000008002628                I2C1_ER_IRQHandler
                0x0000000008002628                USBWakeUp_IRQHandler
 *fill*         0x000000000800262a        0x2 
 .text.HAL_Init
                0x000000000800262c       0x2c ./Drivers/STM32F1xx_HAL_Driver/Src/stm32f1xx_hal.o
                0x000000000800262c                HAL_Init
 .text.HAL_InitTick
                0x0000000008002658       0x60 ./Drivers/STM32F1xx_HAL_Driver/Src/stm32f1xx_hal.o
                0x0000000008002658                HAL_InitTick
 .text.HAL_IncTick
                0x00000000080026b8       0x24 ./Drivers/STM32F1xx_HAL_Driver/Src/stm32f1xx_hal.o
                0x00000000080026b8                HAL_IncTick
 .text.HAL_GetTick
                0x00000000080026dc       0x14 ./Drivers/STM32F1xx_HAL_Driver/Src/stm32f1xx_hal.o
                0x00000000080026dc                HAL_GetTick
 .text.HAL_Delay
                0x00000000080026f0       0x48 ./Drivers/STM32F1xx_HAL_Driver/Src/stm32f1xx_hal.o
                0x00000000080026f0                HAL_Delay
 .text.__NVIC_SetPriorityGrouping
                0x0000000008002738       0x48 ./Drivers/STM32F1xx_HAL_Driver/Src/stm32f1xx_hal_cortex.o
 .text.__NVIC_GetPriorityGrouping
                0x0000000008002780       0x1c ./Drivers/STM32F1xx_HAL_Driver/Src/stm32f1xx_hal_cortex.o
 .text.__NVIC_EnableIRQ
                0x000000000800279c       0x38 ./Drivers/STM32F1xx_HAL_Driver/Src/stm32f1xx_hal_cortex.o
 .text.__NVIC_SetPriority
                0x00000000080027d4       0x54 ./Drivers/STM32F1xx_HAL_Driver/Src/stm32f1xx_hal_cortex.o
 .text.NVIC_EncodePriority
                0x0000000008002828       0x64 ./Drivers/STM32F1xx_HAL_Driver/Src/stm32f1xx_hal_cortex.o
 .text.SysTick_Config
                0x000000000800288c       0x44 ./Drivers/STM32F1xx_HAL_Driver/Src/stm32f1xx_hal_cortex.o
 .text.HAL_NVIC_SetPriorityGrouping
                0x00000000080028d0       0x16 ./Drivers/STM32F1xx_HAL_Driver/Src/stm32f1xx_hal_cortex.o
                0x00000000080028d0                HAL_NVIC_SetPriorityGrouping
 .text.HAL_NVIC_SetPriority
                0x00000000080028e6       0x38 ./Drivers/STM32F1xx_HAL_Driver/Src/stm32f1xx_hal_cortex.o
                0x00000000080028e6                HAL_NVIC_SetPriority
 .text.HAL_NVIC_EnableIRQ
                0x000000000800291e       0x1c ./Drivers/STM32F1xx_HAL_Driver/Src/stm32f1xx_hal_cortex.o
                0x000000000800291e                HAL_NVIC_EnableIRQ
 .text.HAL_SYSTICK_Config
                0x000000000800293a       0x18 ./Drivers/STM32F1xx_HAL_Driver/Src/stm32f1xx_hal_cortex.o
                0x000000000800293a                HAL_SYSTICK_Config
 *fill*         0x0000000008002952        0x2 
 .text.HAL_GPIO_Init
                0x0000000008002954      0x308 ./Drivers/STM32F1xx_HAL_Driver/Src/stm32f1xx_hal_gpio.o
                0x0000000008002954                HAL_GPIO_Init
 .text.HAL_GPIO_WritePin
                0x0000000008002c5c       0x30 ./Drivers/STM32F1xx_HAL_Driver/Src/stm32f1xx_hal_gpio.o
                0x0000000008002c5c                HAL_GPIO_WritePin
 .text.HAL_GPIO_EXTI_IRQHandler
                0x0000000008002c8c       0x30 ./Drivers/STM32F1xx_HAL_Driver/Src/stm32f1xx_hal_gpio.o
                0x0000000008002c8c                HAL_GPIO_EXTI_IRQHandler
 .text.HAL_I2C_Init
                0x0000000008002cbc      0x288 ./Drivers/STM32F1xx_HAL_Driver/Src/stm32f1xx_hal_i2c.o
                0x0000000008002cbc                HAL_I2C_Init
 .text.HAL_I2C_Mem_Write
                0x0000000008002f44      0x1f4 ./Drivers/STM32F1xx_HAL_Driver/Src/stm32f1xx_hal_i2c.o
                0x0000000008002f44                HAL_I2C_Mem_Write
 .text.HAL_I2C_Mem_Read
                0x0000000008003138      0x4d0 ./Drivers/STM32F1xx_HAL_Driver/Src/stm32f1xx_hal_i2c.o
                0x0000000008003138                HAL_I2C_Mem_Read
 .text.I2C_RequestMemoryWrite
                0x0000000008003608      0x12c ./Drivers/STM32F1xx_HAL_Driver/Src/stm32f1xx_hal_i2c.o
 .text.I2C_RequestMemoryRead
                0x0000000008003734      0x1d0 ./Drivers/STM32F1xx_HAL_Driver/Src/stm32f1xx_hal_i2c.o
 .text.I2C_WaitOnFlagUntilTimeout
                0x0000000008003904       0xae ./Drivers/STM32F1xx_HAL_Driver/Src/stm32f1xx_hal_i2c.o
 .text.I2C_WaitOnMasterAddressFlagUntilTimeout
                0x00000000080039b2       0xfe ./Drivers/STM32F1xx_HAL_Driver/Src/stm32f1xx_hal_i2c.o
 .text.I2C_WaitOnTXEFlagUntilTimeout
                0x0000000008003ab0       0x82 ./Drivers/STM32F1xx_HAL_Driver/Src/stm32f1xx_hal_i2c.o
 .text.I2C_WaitOnBTFFlagUntilTimeout
                0x0000000008003b32       0x82 ./Drivers/STM32F1xx_HAL_Driver/Src/stm32f1xx_hal_i2c.o
 .text.I2C_WaitOnRXNEFlagUntilTimeout
                0x0000000008003bb4       0xac ./Drivers/STM32F1xx_HAL_Driver/Src/stm32f1xx_hal_i2c.o
 .text.I2C_IsAcknowledgeFailed
                0x0000000008003c60       0x5c ./Drivers/STM32F1xx_HAL_Driver/Src/stm32f1xx_hal_i2c.o
 .text.HAL_RCC_OscConfig
                0x0000000008003cbc      0x504 ./Drivers/STM32F1xx_HAL_Driver/Src/stm32f1xx_hal_rcc.o
                0x0000000008003cbc                HAL_RCC_OscConfig
 .text.HAL_RCC_ClockConfig
                0x00000000080041c0      0x1d4 ./Drivers/STM32F1xx_HAL_Driver/Src/stm32f1xx_hal_rcc.o
                0x00000000080041c0                HAL_RCC_ClockConfig
 .text.HAL_RCC_GetSysClockFreq
                0x0000000008004394       0xbc ./Drivers/STM32F1xx_HAL_Driver/Src/stm32f1xx_hal_rcc.o
                0x0000000008004394                HAL_RCC_GetSysClockFreq
 .text.HAL_RCC_GetHCLKFreq
                0x0000000008004450       0x14 ./Drivers/STM32F1xx_HAL_Driver/Src/stm32f1xx_hal_rcc.o
                0x0000000008004450                HAL_RCC_GetHCLKFreq
 .text.HAL_RCC_GetPCLK1Freq
                0x0000000008004464       0x28 ./Drivers/STM32F1xx_HAL_Driver/Src/stm32f1xx_hal_rcc.o
                0x0000000008004464                HAL_RCC_GetPCLK1Freq
 .text.RCC_Delay
                0x000000000800448c       0x3c ./Drivers/STM32F1xx_HAL_Driver/Src/stm32f1xx_hal_rcc.o
 .text.HAL_TIM_Base_Init
                0x00000000080044c8       0x9e ./Drivers/STM32F1xx_HAL_Driver/Src/stm32f1xx_hal_tim.o
                0x00000000080044c8                HAL_TIM_Base_Init
 *fill*         0x0000000008004566        0x2 
 .text.HAL_TIM_Base_Start_IT
                0x0000000008004568       0xa4 ./Drivers/STM32F1xx_HAL_Driver/Src/stm32f1xx_hal_tim.o
                0x0000000008004568                HAL_TIM_Base_Start_IT
 .text.HAL_TIM_IRQHandler
                0x000000000800460c      0x210 ./Drivers/STM32F1xx_HAL_Driver/Src/stm32f1xx_hal_tim.o
                0x000000000800460c                HAL_TIM_IRQHandler
 .text.HAL_TIM_ConfigClockSource
                0x000000000800481c      0x188 ./Drivers/STM32F1xx_HAL_Driver/Src/stm32f1xx_hal_tim.o
                0x000000000800481c                HAL_TIM_ConfigClockSource
 .text.HAL_TIM_OC_DelayElapsedCallback
                0x00000000080049a4       0x12 ./Drivers/STM32F1xx_HAL_Driver/Src/stm32f1xx_hal_tim.o
                0x00000000080049a4                HAL_TIM_OC_DelayElapsedCallback
 .text.HAL_TIM_IC_CaptureCallback
                0x00000000080049b6       0x12 ./Drivers/STM32F1xx_HAL_Driver/Src/stm32f1xx_hal_tim.o
                0x00000000080049b6                HAL_TIM_IC_CaptureCallback
 .text.HAL_TIM_PWM_PulseFinishedCallback
                0x00000000080049c8       0x12 ./Drivers/STM32F1xx_HAL_Driver/Src/stm32f1xx_hal_tim.o
                0x00000000080049c8                HAL_TIM_PWM_PulseFinishedCallback
 .text.HAL_TIM_TriggerCallback
                0x00000000080049da       0x12 ./Drivers/STM32F1xx_HAL_Driver/Src/stm32f1xx_hal_tim.o
                0x00000000080049da                HAL_TIM_TriggerCallback
 .text.TIM_Base_SetConfig
                0x00000000080049ec       0xc4 ./Drivers/STM32F1xx_HAL_Driver/Src/stm32f1xx_hal_tim.o
                0x00000000080049ec                TIM_Base_SetConfig
 .text.TIM_TI1_ConfigInputStage
                0x0000000008004ab0       0x5c ./Drivers/STM32F1xx_HAL_Driver/Src/stm32f1xx_hal_tim.o
 .text.TIM_TI2_ConfigInputStage
                0x0000000008004b0c       0x5e ./Drivers/STM32F1xx_HAL_Driver/Src/stm32f1xx_hal_tim.o
 .text.TIM_ITRx_SetConfig
                0x0000000008004b6a       0x34 ./Drivers/STM32F1xx_HAL_Driver/Src/stm32f1xx_hal_tim.o
 .text.TIM_ETR_SetConfig
                0x0000000008004b9e       0x3e ./Drivers/STM32F1xx_HAL_Driver/Src/stm32f1xx_hal_tim.o
                0x0000000008004b9e                TIM_ETR_SetConfig
 .text.HAL_TIMEx_MasterConfigSynchronization
                0x0000000008004bdc       0xbc ./Drivers/STM32F1xx_HAL_Driver/Src/stm32f1xx_hal_tim_ex.o
                0x0000000008004bdc                HAL_TIMEx_MasterConfigSynchronization
 .text.HAL_TIMEx_CommutCallback
                0x0000000008004c98       0x12 ./Drivers/STM32F1xx_HAL_Driver/Src/stm32f1xx_hal_tim_ex.o
                0x0000000008004c98                HAL_TIMEx_CommutCallback
 .text.HAL_TIMEx_BreakCallback
                0x0000000008004caa       0x12 ./Drivers/STM32F1xx_HAL_Driver/Src/stm32f1xx_hal_tim_ex.o
                0x0000000008004caa                HAL_TIMEx_BreakCallback
 .text.UG_Init  0x0000000008004cbc      0x12c ./ugui/src/ugui.o
                0x0000000008004cbc                UG_Init
 .text.UG_FillFrame
                0x0000000008004de8       0xe0 ./ugui/src/ugui.o
                0x0000000008004de8                UG_FillFrame
 .text.UG_DrawCircle
                0x0000000008004ec8      0x1bc ./ugui/src/ugui.o
                0x0000000008004ec8                UG_DrawCircle
 .text.UG_FillCircle
                0x0000000008005084      0x1b2 ./ugui/src/ugui.o
                0x0000000008005084                UG_FillCircle
 *fill*         0x0000000008005236        0x2 
 .text.UG_DrawLine
                0x0000000008005238      0x1b8 ./ugui/src/ugui.o
                0x0000000008005238                UG_DrawLine
 .text.UG_GetXDim
                0x00000000080053f0       0x18 ./ugui/src/ugui.o
                0x00000000080053f0                UG_GetXDim
 .text.UG_GetYDim
                0x0000000008005408       0x18 ./ugui/src/ugui.o
                0x0000000008005408                UG_GetYDim
 .text._UG_PutChar
                0x0000000008005420      0x514 ./ugui/src/ugui.o
                0x0000000008005420                _UG_PutChar
 .text._UG_PutText
                0x0000000008005934      0x284 ./ugui/src/ugui.o
                0x0000000008005934                _UG_PutText
 .text._UG_GetFreeObject
                0x0000000008005bb8       0x58 ./ugui/src/ugui.o
                0x0000000008005bb8                _UG_GetFreeObject
 .text._UG_SearchObject
                0x0000000008005c10       0x74 ./ugui/src/ugui.o
                0x0000000008005c10                _UG_SearchObject
 .text._UG_ProcessTouchData
                0x0000000008005c84      0x17c ./ugui/src/ugui.o
                0x0000000008005c84                _UG_ProcessTouchData
 .text._UG_UpdateObjects
                0x0000000008005e00       0x92 ./ugui/src/ugui.o
                0x0000000008005e00                _UG_UpdateObjects
 *fill*         0x0000000008005e92        0x2 
 .text._UG_HandleEvents
                0x0000000008005e94       0x98 ./ugui/src/ugui.o
                0x0000000008005e94                _UG_HandleEvents
 .text._UG_DrawObjectFrame
                0x0000000008005f2c      0x242 ./ugui/src/ugui.o
                0x0000000008005f2c                _UG_DrawObjectFrame
 .text._UG_SendObjectPrerenderEvent
                0x000000000800616e       0x36 ./ugui/src/ugui.o
                0x000000000800616e                _UG_SendObjectPrerenderEvent
 .text._UG_SendObjectPostrenderEvent
                0x00000000080061a4       0x36 ./ugui/src/ugui.o
                0x00000000080061a4                _UG_SendObjectPostrenderEvent
 *fill*         0x00000000080061da        0x2 
 .text.UG_DriverRegister
                0x00000000080061dc       0x44 ./ugui/src/ugui.o
                0x00000000080061dc                UG_DriverRegister
 .text.UG_Update
                0x0000000008006220      0x170 ./ugui/src/ugui.o
                0x0000000008006220                UG_Update
 .text.UG_DrawBMP
                0x0000000008006390       0x88 ./ugui/src/ugui.o
                0x0000000008006390                UG_DrawBMP
 .text.UG_WindowCreate
                0x0000000008006418      0x120 ./ugui/src/ugui.o
                0x0000000008006418                UG_WindowCreate
 .text.UG_WindowShow
                0x0000000008006538       0x48 ./ugui/src/ugui.o
                0x0000000008006538                UG_WindowShow
 .text.UG_WindowSetBackColor
                0x0000000008006580       0x44 ./ugui/src/ugui.o
                0x0000000008006580                UG_WindowSetBackColor
 .text.UG_WindowSetTitleTextColor
                0x00000000080065c4       0x44 ./ugui/src/ugui.o
                0x00000000080065c4                UG_WindowSetTitleTextColor
 .text.UG_WindowSetTitleColor
                0x0000000008006608       0x44 ./ugui/src/ugui.o
                0x0000000008006608                UG_WindowSetTitleColor
 .text.UG_WindowSetTitleText
                0x000000000800664c       0x42 ./ugui/src/ugui.o
                0x000000000800664c                UG_WindowSetTitleText
 .text.UG_WindowSetTitleTextFont
                0x000000000800668e       0x76 ./ugui/src/ugui.o
                0x000000000800668e                UG_WindowSetTitleTextFont
 .text.UG_WindowSetTitleTextAlignment
                0x0000000008006704       0x46 ./ugui/src/ugui.o
                0x0000000008006704                UG_WindowSetTitleTextAlignment
 .text.UG_WindowSetStyle
                0x000000000800674a       0x8e ./ugui/src/ugui.o
                0x000000000800674a                UG_WindowSetStyle
 .text.UG_WindowGetArea
                0x00000000080067d8       0xd4 ./ugui/src/ugui.o
                0x00000000080067d8                UG_WindowGetArea
 .text._UG_WindowDrawTitle
                0x00000000080068ac      0x154 ./ugui/src/ugui.o
                0x00000000080068ac                _UG_WindowDrawTitle
 .text._UG_WindowUpdate
                0x0000000008006a00      0x17c ./ugui/src/ugui.o
                0x0000000008006a00                _UG_WindowUpdate
 .text.UG_TextboxCreate
                0x0000000008006b7c      0x100 ./ugui/src/ugui.o
                0x0000000008006b7c                UG_TextboxCreate
 .text.UG_TextboxShow
                0x0000000008006c7c       0x50 ./ugui/src/ugui.o
                0x0000000008006c7c                UG_TextboxShow
 .text.UG_TextboxSetForeColor
                0x0000000008006ccc       0x56 ./ugui/src/ugui.o
                0x0000000008006ccc                UG_TextboxSetForeColor
 .text.UG_TextboxSetBackColor
                0x0000000008006d22       0x56 ./ugui/src/ugui.o
                0x0000000008006d22                UG_TextboxSetBackColor
 .text.UG_TextboxSetText
                0x0000000008006d78       0x54 ./ugui/src/ugui.o
                0x0000000008006d78                UG_TextboxSetText
 .text.UG_TextboxSetFont
                0x0000000008006dcc       0x54 ./ugui/src/ugui.o
                0x0000000008006dcc                UG_TextboxSetFont
 .text.UG_TextboxSetAlignment
                0x0000000008006e20       0x56 ./ugui/src/ugui.o
                0x0000000008006e20                UG_TextboxSetAlignment
 .text._UG_TextboxUpdate
                0x0000000008006e76      0x1a4 ./ugui/src/ugui.o
                0x0000000008006e76                _UG_TextboxUpdate
 *fill*         0x000000000800701a        0x2 
 .text.UG_ImageCreate
                0x000000000800701c       0xbc ./ugui/src/ugui.o
                0x000000000800701c                UG_ImageCreate
 .text.UG_ImageSetBMP
                0x00000000080070d8       0x5a ./ugui/src/ugui.o
                0x00000000080070d8                UG_ImageSetBMP
 .text._UG_ImageUpdate
                0x0000000008007132      0x150 ./ugui/src/ugui.o
                0x0000000008007132                _UG_ImageUpdate
 *fill*         0x0000000008007282        0x2 
 .text.parallelWriteDC0
                0x0000000008007284       0x54 ./ugui/src/ugui_ST7789.o
                0x0000000008007284                parallelWriteDC0
 .text.parallelWriteDC1
                0x00000000080072d8       0x54 ./ugui/src/ugui_ST7789.o
                0x00000000080072d8                parallelWriteDC1
 .text.parallelMultiWriteDC1
                0x000000000800732c       0x36 ./ugui/src/ugui_ST7789.o
                0x000000000800732c                parallelMultiWriteDC1
 .text.Display_WriteCommand
                0x0000000008007362       0x1a ./ugui/src/ugui_ST7789.o
                0x0000000008007362                Display_WriteCommand
 .text.Display_WriteMultiData
                0x000000000800737c       0x1e ./ugui/src/ugui_ST7789.o
                0x000000000800737c                Display_WriteMultiData
 *fill*         0x000000000800739a        0x2 
 .text.Display_Init
                0x000000000800739c      0x1fc ./ugui/src/ugui_ST7789.o
                0x000000000800739c                Display_Init
 .text.Display_WindowSet
                0x0000000008007598       0x72 ./ugui/src/ugui_ST7789.o
                0x0000000008007598                Display_WindowSet
 .text.Display_PSet
                0x000000000800760a       0x7a ./ugui/src/ugui_ST7789.o
                0x000000000800760a                Display_PSet
 .text.HW_FillFrame
                0x0000000008007684       0xda ./ugui/src/ugui_ST7789.o
                0x0000000008007684                HW_FillFrame
 .text.HW_DrawLine
                0x000000000800775e       0xb0 ./ugui/src/ugui_ST7789.o
                0x000000000800775e                HW_DrawLine
 .text.HW_DrawImage
                0x000000000800780e      0x144 ./ugui/src/ugui_ST7789.o
                0x000000000800780e                HW_DrawImage
 *fill*         0x0000000008007952        0x2 
 .text.__libc_init_array
                0x0000000008007954       0x48 /opt/st/stm32cubeide_1.10.1/plugins/com.st.stm32cube.ide.mcu.externaltools.gnu-tools-for-stm32.10.3-2021.10.linux64_1.0.0.202111181127/tools/bin/../lib/gcc/arm-none-eabi/10.3.1/../../../../arm-none-eabi/lib/thumb/v7-m/nofp/libc_nano.a(lib_a-init.o)
                0x0000000008007954                __libc_init_array
 .text.memset   0x000000000800799c       0x10 /opt/st/stm32cubeide_1.10.1/plugins/com.st.stm32cube.ide.mcu.externaltools.gnu-tools-for-stm32.10.3-2021.10.linux64_1.0.0.202111181127/tools/bin/../lib/gcc/arm-none-eabi/10.3.1/../../../../arm-none-eabi/lib/thumb/v7-m/nofp/libc_nano.a(lib_a-memset.o)
                0x000000000800799c                memset
 *(.glue_7)
 .glue_7        0x00000000080079ac        0x0 linker stubs
 *(.glue_7t)
 .glue_7t       0x00000000080079ac        0x0 linker stubs
 *(.eh_frame)
 .eh_frame      0x00000000080079ac        0x0 /opt/st/stm32cubeide_1.10.1/plugins/com.st.stm32cube.ide.mcu.externaltools.gnu-tools-for-stm32.10.3-2021.10.linux64_1.0.0.202111181127/tools/bin/../lib/gcc/arm-none-eabi/10.3.1/thumb/v7-m/nofp/crtbegin.o
 *(.init)
 .init          0x00000000080079ac        0x4 /opt/st/stm32cubeide_1.10.1/plugins/com.st.stm32cube.ide.mcu.externaltools.gnu-tools-for-stm32.10.3-2021.10.linux64_1.0.0.202111181127/tools/bin/../lib/gcc/arm-none-eabi/10.3.1/thumb/v7-m/nofp/crti.o
                0x00000000080079ac                _init
 .init          0x00000000080079b0        0x8 /opt/st/stm32cubeide_1.10.1/plugins/com.st.stm32cube.ide.mcu.externaltools.gnu-tools-for-stm32.10.3-2021.10.linux64_1.0.0.202111181127/tools/bin/../lib/gcc/arm-none-eabi/10.3.1/thumb/v7-m/nofp/crtn.o
 *(.fini)
 .fini          0x00000000080079b8        0x4 /opt/st/stm32cubeide_1.10.1/plugins/com.st.stm32cube.ide.mcu.externaltools.gnu-tools-for-stm32.10.3-2021.10.linux64_1.0.0.202111181127/tools/bin/../lib/gcc/arm-none-eabi/10.3.1/thumb/v7-m/nofp/crti.o
                0x00000000080079b8                _fini
 .fini          0x00000000080079bc        0x8 /opt/st/stm32cubeide_1.10.1/plugins/com.st.stm32cube.ide.mcu.externaltools.gnu-tools-for-stm32.10.3-2021.10.linux64_1.0.0.202111181127/tools/bin/../lib/gcc/arm-none-eabi/10.3.1/thumb/v7-m/nofp/crtn.o
                0x00000000080079c4                . = ALIGN (0x4)
                0x00000000080079c4                _etext = .

.vfp11_veneer   0x00000000080079c4        0x0
 .vfp11_veneer  0x00000000080079c4        0x0 linker stubs

.v4_bx          0x00000000080079c4        0x0
 .v4_bx         0x00000000080079c4        0x0 linker stubs

.iplt           0x00000000080079c4        0x0
 .iplt          0x00000000080079c4        0x0 /opt/st/stm32cubeide_1.10.1/plugins/com.st.stm32cube.ide.mcu.externaltools.gnu-tools-for-stm32.10.3-2021.10.linux64_1.0.0.202111181127/tools/bin/../lib/gcc/arm-none-eabi/10.3.1/thumb/v7-m/nofp/crtbegin.o

.rodata         0x00000000080079c4     0x6abc
                0x00000000080079c4                . = ALIGN (0x4)
 *(.rodata)
 .rodata        0x00000000080079c4      0x11a ./Core/Src/lcd_progm.o
 *fill*         0x0000000008007ade        0x2 
 .rodata        0x0000000008007ae0       0x10 ./Drivers/STM32F1xx_HAL_Driver/Src/stm32f1xx_hal_rcc.o
 *(.rodata*)
 .rodata.logo_FNIRSI
                0x0000000008007af0        0xc ./Core/Src/lcd_progm.o
                0x0000000008007af0                logo_FNIRSI
 .rodata.LOGO_Image
                0x0000000008007afc     0x1a40 ./Core/Src/lcd_progm.o
                0x0000000008007afc                LOGO_Image
 .rodata.AHBPrescTable
                0x000000000800953c       0x10 ./Core/Src/system_stm32f1xx.o
                0x000000000800953c                AHBPrescTable
 .rodata.APBPrescTable
                0x000000000800954c        0x8 ./Core/Src/system_stm32f1xx.o
                0x000000000800954c                APBPrescTable
 .rodata.font_10x16
                0x0000000008009554      0xfe0 ./ugui/src/ugui.o
                0x0000000008009554                font_10x16
 .rodata.font_12x20
                0x000000000800a534     0x13d8 ./ugui/src/ugui.o
                0x000000000800a534                font_12x20
 .rodata.font_24x40
                0x000000000800b90c     0x2b20 ./ugui/src/ugui.o
                0x000000000800b90c                font_24x40
 .rodata.FONT_10X16
                0x000000000800e42c       0x14 ./ugui/src/ugui.o
                0x000000000800e42c                FONT_10X16
 .rodata.FONT_12X20
                0x000000000800e440       0x14 ./ugui/src/ugui.o
                0x000000000800e440                FONT_12X20
 .rodata.FONT_24X40
                0x000000000800e454       0x14 ./ugui/src/ugui.o
                0x000000000800e454                FONT_24X40
 .rodata.pal_window
                0x000000000800e468       0x18 ./ugui/src/ugui.o
                0x000000000800e468                pal_window
                0x000000000800e480                . = ALIGN (0x4)

.rel.dyn        0x000000000800e480        0x0
 .rel.iplt      0x000000000800e480        0x0 /opt/st/stm32cubeide_1.10.1/plugins/com.st.stm32cube.ide.mcu.externaltools.gnu-tools-for-stm32.10.3-2021.10.linux64_1.0.0.202111181127/tools/bin/../lib/gcc/arm-none-eabi/10.3.1/thumb/v7-m/nofp/crtbegin.o

.ARM.extab      0x000000000800e480        0x0
                0x000000000800e480                . = ALIGN (0x4)
 *(.ARM.extab* .gnu.linkonce.armextab.*)
                0x000000000800e480                . = ALIGN (0x4)

.ARM            0x000000000800e480        0x0
                0x000000000800e480                . = ALIGN (0x4)
                0x000000000800e480                __exidx_start = .
 *(.ARM.exidx*)
                0x000000000800e480                __exidx_end = .
                0x000000000800e480                . = ALIGN (0x4)

.preinit_array  0x000000000800e480        0x0
                0x000000000800e480                . = ALIGN (0x4)
                0x000000000800e480                PROVIDE (__preinit_array_start = .)
 *(.preinit_array*)
                0x000000000800e480                PROVIDE (__preinit_array_end = .)
                0x000000000800e480                . = ALIGN (0x4)

.init_array     0x000000000800e480        0x4
                0x000000000800e480                . = ALIGN (0x4)
                0x000000000800e480                PROVIDE (__init_array_start = .)
 *(SORT_BY_NAME(.init_array.*))
 *(.init_array*)
 .init_array    0x000000000800e480        0x4 /opt/st/stm32cubeide_1.10.1/plugins/com.st.stm32cube.ide.mcu.externaltools.gnu-tools-for-stm32.10.3-2021.10.linux64_1.0.0.202111181127/tools/bin/../lib/gcc/arm-none-eabi/10.3.1/thumb/v7-m/nofp/crtbegin.o
                0x000000000800e484                PROVIDE (__init_array_end = .)
                0x000000000800e484                . = ALIGN (0x4)

.fini_array     0x000000000800e484        0x4
                0x000000000800e484                . = ALIGN (0x4)
                [!provide]                        PROVIDE (__fini_array_start = .)
 *(SORT_BY_NAME(.fini_array.*))
 *(.fini_array*)
 .fini_array    0x000000000800e484        0x4 /opt/st/stm32cubeide_1.10.1/plugins/com.st.stm32cube.ide.mcu.externaltools.gnu-tools-for-stm32.10.3-2021.10.linux64_1.0.0.202111181127/tools/bin/../lib/gcc/arm-none-eabi/10.3.1/thumb/v7-m/nofp/crtbegin.o
                [!provide]                        PROVIDE (__fini_array_end = .)
                0x000000000800e488                . = ALIGN (0x4)
                0x000000000800e488                _sidata = LOADADDR (.data)

.data           0x0000000020000000       0x14 load address 0x000000000800e488
                0x0000000020000000                . = ALIGN (0x4)
                0x0000000020000000                _sdata = .
 *(.data)
 *(.data*)
 .data.vin_buffer_enable
                0x0000000020000000        0x1 ./Core/Src/SW3516.o
                0x0000000020000000                vin_buffer_enable
 .data.vout_buffer_enable
                0x0000000020000001        0x1 ./Core/Src/SW3516.o
                0x0000000020000001                vout_buffer_enable
 .data.iout1_buffer_enable
                0x0000000020000002        0x1 ./Core/Src/SW3516.o
                0x0000000020000002                iout1_buffer_enable
 .data.iout2_buffer_enable
                0x0000000020000003        0x1 ./Core/Src/SW3516.o
                0x0000000020000003                iout2_buffer_enable
 .data.temp_buffer_enable
                0x0000000020000004        0x1 ./Core/Src/SW3516.o
                0x0000000020000004                temp_buffer_enable
 .data.Vinenable
                0x0000000020000005        0x1 ./Core/Src/SW3516.o
                0x0000000020000005                Vinenable
 *fill*         0x0000000020000006        0x2 
 .data.SystemCoreClock
                0x0000000020000008        0x4 ./Core/Src/system_stm32f1xx.o
                0x0000000020000008                SystemCoreClock
 .data.uwTickPrio
                0x000000002000000c        0x4 ./Drivers/STM32F1xx_HAL_Driver/Src/stm32f1xx_hal.o
                0x000000002000000c                uwTickPrio
 .data.uwTickFreq
                0x0000000020000010        0x1 ./Drivers/STM32F1xx_HAL_Driver/Src/stm32f1xx_hal.o
                0x0000000020000010                uwTickFreq
 *(.RamFunc)
 *(.RamFunc*)
                0x0000000020000014                . = ALIGN (0x4)
 *fill*         0x0000000020000011        0x3 
                0x0000000020000014                _edata = .

.igot.plt       0x0000000020000014        0x0 load address 0x000000000800e49c
 .igot.plt      0x0000000020000014        0x0 /opt/st/stm32cubeide_1.10.1/plugins/com.st.stm32cube.ide.mcu.externaltools.gnu-tools-for-stm32.10.3-2021.10.linux64_1.0.0.202111181127/tools/bin/../lib/gcc/arm-none-eabi/10.3.1/thumb/v7-m/nofp/crtbegin.o
                0x0000000020000014                . = ALIGN (0x4)

.bss            0x0000000020000014      0xf64 load address 0x000000000800e49c
                0x0000000020000014                _sbss = .
                0x0000000020000014                __bss_start__ = _sbss
 *(.bss)
 .bss           0x0000000020000014       0x1c /opt/st/stm32cubeide_1.10.1/plugins/com.st.stm32cube.ide.mcu.externaltools.gnu-tools-for-stm32.10.3-2021.10.linux64_1.0.0.202111181127/tools/bin/../lib/gcc/arm-none-eabi/10.3.1/thumb/v7-m/nofp/crtbegin.o
 *(.bss*)
 .bss.reg_value
                0x0000000020000030        0x1 ./Core/Src/SW3516.o
                0x0000000020000030                reg_value
 *fill*         0x0000000020000031        0x3 
 .bss.current_ADC
                0x0000000020000034        0xa ./Core/Src/SW3516.o
                0x0000000020000034                current_ADC
 *fill*         0x000000002000003e        0x2 
 .bss.previous  0x0000000020000040       0x1c ./Core/Src/SW3516.o
                0x0000000020000040                previous
 .bss.current   0x000000002000005c       0x1c ./Core/Src/SW3516.o
                0x000000002000005c                current
 .bss.window_page_1
                0x0000000020000078       0x34 ./Core/Src/lcd_progm.o
                0x0000000020000078                window_page_1
 .bss.current_V_graphic_page_1
                0x00000000200000ac       0x14 ./Core/Src/lcd_progm.o
                0x00000000200000ac                current_V_graphic_page_1
 .bss.current_V_graphic_page_2
                0x00000000200000c0       0x14 ./Core/Src/lcd_progm.o
                0x00000000200000c0                current_V_graphic_page_2
 .bss.current_V2_graphic
                0x00000000200000d4       0x14 ./Core/Src/lcd_progm.o
                0x00000000200000d4                current_V2_graphic
 .bss.current_CV_graphic
                0x00000000200000e8       0x14 ./Core/Src/lcd_progm.o
                0x00000000200000e8                current_CV_graphic
 .bss.current_I_graphic_page_1
                0x00000000200000fc       0x14 ./Core/Src/lcd_progm.o
                0x00000000200000fc                current_I_graphic_page_1
 .bss.current_I_graphic_page_2
                0x0000000020000110       0x14 ./Core/Src/lcd_progm.o
                0x0000000020000110                current_I_graphic_page_2
 .bss.current_I2_graphic
                0x0000000020000124       0x14 ./Core/Src/lcd_progm.o
                0x0000000020000124                current_I2_graphic
 .bss.current_CC_graphic
                0x0000000020000138       0x14 ./Core/Src/lcd_progm.o
                0x0000000020000138                current_CC_graphic
 .bss.current_W_graphic
                0x000000002000014c       0x14 ./Core/Src/lcd_progm.o
                0x000000002000014c                current_W_graphic
 .bss.current_W2_graphic
                0x0000000020000160       0x14 ./Core/Src/lcd_progm.o
                0x0000000020000160                current_W2_graphic
 .bss.current_CW_graphic
                0x0000000020000174       0x14 ./Core/Src/lcd_progm.o
                0x0000000020000174                current_CW_graphic
 .bss.WD_graphic
                0x0000000020000188       0x14 ./Core/Src/lcd_progm.o
                0x0000000020000188                WD_graphic
 .bss.website_graphic
                0x000000002000019c       0x14 ./Core/Src/lcd_progm.o
                0x000000002000019c                website_graphic
 .bss.window_page_2
                0x00000000200001b0       0x34 ./Core/Src/lcd_progm.o
                0x00000000200001b0                window_page_2
 .bss.obj_buff_window_page_2
                0x00000000200001e4      0x280 ./Core/Src/lcd_progm.o
                0x00000000200001e4                obj_buff_window_page_2
 .bss.dummy_text_1
                0x0000000020000464       0x14 ./Core/Src/lcd_progm.o
                0x0000000020000464                dummy_text_1
 .bss.dummy_text_2
                0x0000000020000478       0x14 ./Core/Src/lcd_progm.o
                0x0000000020000478                dummy_text_2
 .bss.dummy_text_3
                0x000000002000048c       0x14 ./Core/Src/lcd_progm.o
                0x000000002000048c                dummy_text_3
 .bss.dummy_text_4
                0x00000000200004a0       0x14 ./Core/Src/lcd_progm.o
                0x00000000200004a0                dummy_text_4
 .bss.dummy_text_5
                0x00000000200004b4       0x14 ./Core/Src/lcd_progm.o
                0x00000000200004b4                dummy_text_5
 .bss.dummy_text_6
                0x00000000200004c8       0x14 ./Core/Src/lcd_progm.o
                0x00000000200004c8                dummy_text_6
 .bss.dummy_text_7
                0x00000000200004dc       0x14 ./Core/Src/lcd_progm.o
                0x00000000200004dc                dummy_text_7
 .bss.dummy_text_8
                0x00000000200004f0       0x14 ./Core/Src/lcd_progm.o
                0x00000000200004f0                dummy_text_8
 .bss.dummy_text_9
                0x0000000020000504       0x14 ./Core/Src/lcd_progm.o
                0x0000000020000504                dummy_text_9
 .bss.dummy_text_10
                0x0000000020000518       0x14 ./Core/Src/lcd_progm.o
                0x0000000020000518                dummy_text_10
 .bss.dummy_text_11
                0x000000002000052c       0x14 ./Core/Src/lcd_progm.o
                0x000000002000052c                dummy_text_11
 .bss.temp_graphic
                0x0000000020000540       0x14 ./Core/Src/lcd_progm.o
                0x0000000020000540                temp_graphic
 .bss.current_T_graphic
                0x0000000020000554       0x14 ./Core/Src/lcd_progm.o
                0x0000000020000554                current_T_graphic
 .bss.USBC_graphic
                0x0000000020000568       0x14 ./Core/Src/lcd_progm.o
                0x0000000020000568                USBC_graphic
 .bss.USBB_graphic
                0x000000002000057c       0x14 ./Core/Src/lcd_progm.o
                0x000000002000057c                USBB_graphic
 .bss.set_V_graphic_page_1
                0x0000000020000590       0x14 ./Core/Src/lcd_progm.o
                0x0000000020000590                set_V_graphic_page_1
 .bss.set_V_graphic_page_2
                0x00000000200005a4       0x14 ./Core/Src/lcd_progm.o
                0x00000000200005a4                set_V_graphic_page_2
 .bss.set_I_graphic_page_1
                0x00000000200005b8       0x14 ./Core/Src/lcd_progm.o
                0x00000000200005b8                set_I_graphic_page_1
 .bss.set_I_graphic_page_2
                0x00000000200005cc       0x14 ./Core/Src/lcd_progm.o
                0x00000000200005cc                set_I_graphic_page_2
 .bss.set_V_graphic_value_page_1
                0x00000000200005e0       0x14 ./Core/Src/lcd_progm.o
                0x00000000200005e0                set_V_graphic_value_page_1
 .bss.set_V_graphic_value_page_2
                0x00000000200005f4       0x14 ./Core/Src/lcd_progm.o
                0x00000000200005f4                set_V_graphic_value_page_2
 .bss.set_I_graphic_value_page_1
                0x0000000020000608       0x14 ./Core/Src/lcd_progm.o
                0x0000000020000608                set_I_graphic_value_page_1
 .bss.set_I_graphic_value_page_2
                0x000000002000061c       0x14 ./Core/Src/lcd_progm.o
                0x000000002000061c                set_I_graphic_value_page_2
 .bss.obj_buff_window_page_1
                0x0000000020000630      0x280 ./Core/Src/lcd_progm.o
                0x0000000020000630                obj_buff_window_page_1
 .bss.window_graph
                0x00000000200008b0       0x34 ./Core/Src/lcd_progm.o
                0x00000000200008b0                window_graph
 .bss.OK_graphic
                0x00000000200008e4       0x14 ./Core/Src/lcd_progm.o
                0x00000000200008e4                OK_graphic
 .bss.CV_graphic
                0x00000000200008f8       0x14 ./Core/Src/lcd_progm.o
                0x00000000200008f8                CV_graphic
 .bss.CC_graphic
                0x000000002000090c       0x14 ./Core/Src/lcd_progm.o
                0x000000002000090c                CC_graphic
 .bss.obj_buff_window_graph
                0x0000000020000920      0x280 ./Core/Src/lcd_progm.o
                0x0000000020000920                obj_buff_window_graph
 .bss.LOGO      0x0000000020000ba0       0x34 ./Core/Src/lcd_progm.o
                0x0000000020000ba0                LOGO
 .bss.obj_buff_window_logo
                0x0000000020000bd4      0x280 ./Core/Src/lcd_progm.o
                0x0000000020000bd4                obj_buff_window_logo
 .bss.image_1   0x0000000020000e54        0x8 ./Core/Src/lcd_progm.o
                0x0000000020000e54                image_1
 .bss.hi2c1     0x0000000020000e5c       0x54 ./Core/Src/main.o
                0x0000000020000e5c                hi2c1
 .bss.htim2     0x0000000020000eb0       0x48 ./Core/Src/main.o
                0x0000000020000eb0                htim2
 .bss.read_sw3516_flag
                0x0000000020000ef8        0x1 ./Core/Src/main.o
                0x0000000020000ef8                read_sw3516_flag
 *fill*         0x0000000020000ef9        0x3 
 .bss.uwTick    0x0000000020000efc        0x4 ./Drivers/STM32F1xx_HAL_Driver/Src/stm32f1xx_hal.o
                0x0000000020000efc                uwTick
 .bss.gui       0x0000000020000f00        0x4 ./ugui/src/ugui.o
 .bss.msg.0     0x0000000020000f04        0x8 ./ugui/src/ugui.o
 .bss.guiST7735
                0x0000000020000f0c       0x6c ./ugui/src/ugui_ST7789.o
                0x0000000020000f0c                guiST7735
 *(COMMON)
                0x0000000020000f78                . = ALIGN (0x4)
                0x0000000020000f78                _ebss = .
                0x0000000020000f78                __bss_end__ = _ebss

._user_heap_stack
                0x0000000020000f78      0x600 load address 0x000000000800e49c
                0x0000000020000f78                . = ALIGN (0x8)
                [!provide]                        PROVIDE (end = .)
                0x0000000020000f78                PROVIDE (_end = .)
                0x0000000020001178                . = (. + _Min_Heap_Size)
 *fill*         0x0000000020000f78      0x200 
                0x0000000020001578                . = (. + _Min_Stack_Size)
 *fill*         0x0000000020001178      0x400 
                0x0000000020001578                . = ALIGN (0x8)

/DISCARD/
 libc.a(*)
 libm.a(*)
 libgcc.a(*)

.ARM.attributes
                0x0000000000000000       0x29
 *(.ARM.attributes)
 .ARM.attributes
                0x0000000000000000       0x1d /opt/st/stm32cubeide_1.10.1/plugins/com.st.stm32cube.ide.mcu.externaltools.gnu-tools-for-stm32.10.3-2021.10.linux64_1.0.0.202111181127/tools/bin/../lib/gcc/arm-none-eabi/10.3.1/thumb/v7-m/nofp/crti.o
 .ARM.attributes
                0x000000000000001d       0x2d /opt/st/stm32cubeide_1.10.1/plugins/com.st.stm32cube.ide.mcu.externaltools.gnu-tools-for-stm32.10.3-2021.10.linux64_1.0.0.202111181127/tools/bin/../lib/gcc/arm-none-eabi/10.3.1/thumb/v7-m/nofp/crtbegin.o
 .ARM.attributes
                0x000000000000004a       0x2d ./Core/Src/SW3516.o
 .ARM.attributes
                0x0000000000000077       0x2d ./Core/Src/lcd_progm.o
 .ARM.attributes
                0x00000000000000a4       0x2d ./Core/Src/main.o
 .ARM.attributes
                0x00000000000000d1       0x2d ./Core/Src/stm32f1xx_hal_msp.o
 .ARM.attributes
                0x00000000000000fe       0x2d ./Core/Src/stm32f1xx_it.o
 .ARM.attributes
                0x000000000000012b       0x2d ./Core/Src/system_stm32f1xx.o
 .ARM.attributes
                0x0000000000000158       0x21 ./Core/Startup/startup_stm32f103c8tx.o
 .ARM.attributes
                0x0000000000000179       0x2d ./Drivers/STM32F1xx_HAL_Driver/Src/stm32f1xx_hal.o
 .ARM.attributes
                0x00000000000001a6       0x2d ./Drivers/STM32F1xx_HAL_Driver/Src/stm32f1xx_hal_cortex.o
 .ARM.attributes
                0x00000000000001d3       0x2d ./Drivers/STM32F1xx_HAL_Driver/Src/stm32f1xx_hal_gpio.o
 .ARM.attributes
                0x0000000000000200       0x2d ./Drivers/STM32F1xx_HAL_Driver/Src/stm32f1xx_hal_i2c.o
 .ARM.attributes
                0x000000000000022d       0x2d ./Drivers/STM32F1xx_HAL_Driver/Src/stm32f1xx_hal_rcc.o
 .ARM.attributes
                0x000000000000025a       0x2d ./Drivers/STM32F1xx_HAL_Driver/Src/stm32f1xx_hal_tim.o
 .ARM.attributes
                0x0000000000000287       0x2d ./Drivers/STM32F1xx_HAL_Driver/Src/stm32f1xx_hal_tim_ex.o
 .ARM.attributes
                0x00000000000002b4       0x2d ./ugui/src/ugui.o
 .ARM.attributes
                0x00000000000002e1       0x2d ./ugui/src/ugui_ST7789.o
 .ARM.attributes
                0x000000000000030e       0x2d /opt/st/stm32cubeide_1.10.1/plugins/com.st.stm32cube.ide.mcu.externaltools.gnu-tools-for-stm32.10.3-2021.10.linux64_1.0.0.202111181127/tools/bin/../lib/gcc/arm-none-eabi/10.3.1/../../../../arm-none-eabi/lib/thumb/v7-m/nofp/libc_nano.a(lib_a-init.o)
 .ARM.attributes
                0x000000000000033b       0x2d /opt/st/stm32cubeide_1.10.1/plugins/com.st.stm32cube.ide.mcu.externaltools.gnu-tools-for-stm32.10.3-2021.10.linux64_1.0.0.202111181127/tools/bin/../lib/gcc/arm-none-eabi/10.3.1/../../../../arm-none-eabi/lib/thumb/v7-m/nofp/libc_nano.a(lib_a-memset.o)
 .ARM.attributes
                0x0000000000000368       0x1d /opt/st/stm32cubeide_1.10.1/plugins/com.st.stm32cube.ide.mcu.externaltools.gnu-tools-for-stm32.10.3-2021.10.linux64_1.0.0.202111181127/tools/bin/../lib/gcc/arm-none-eabi/10.3.1/thumb/v7-m/nofp/libgcc.a(_arm_addsubdf3.o)
 .ARM.attributes
                0x0000000000000385       0x1d /opt/st/stm32cubeide_1.10.1/plugins/com.st.stm32cube.ide.mcu.externaltools.gnu-tools-for-stm32.10.3-2021.10.linux64_1.0.0.202111181127/tools/bin/../lib/gcc/arm-none-eabi/10.3.1/thumb/v7-m/nofp/libgcc.a(_arm_muldivdf3.o)
 .ARM.attributes
                0x00000000000003a2       0x1d /opt/st/stm32cubeide_1.10.1/plugins/com.st.stm32cube.ide.mcu.externaltools.gnu-tools-for-stm32.10.3-2021.10.linux64_1.0.0.202111181127/tools/bin/../lib/gcc/arm-none-eabi/10.3.1/thumb/v7-m/nofp/libgcc.a(_arm_truncdfsf2.o)
 .ARM.attributes
                0x00000000000003bf       0x1d /opt/st/stm32cubeide_1.10.1/plugins/com.st.stm32cube.ide.mcu.externaltools.gnu-tools-for-stm32.10.3-2021.10.linux64_1.0.0.202111181127/tools/bin/../lib/gcc/arm-none-eabi/10.3.1/thumb/v7-m/nofp/libgcc.a(_arm_addsubsf3.o)
 .ARM.attributes
                0x00000000000003dc       0x1d /opt/st/stm32cubeide_1.10.1/plugins/com.st.stm32cube.ide.mcu.externaltools.gnu-tools-for-stm32.10.3-2021.10.linux64_1.0.0.202111181127/tools/bin/../lib/gcc/arm-none-eabi/10.3.1/thumb/v7-m/nofp/crtn.o
OUTPUT(lcd_program.elf elf32-littlearm)
LOAD linker stubs
LOAD /opt/st/stm32cubeide_1.10.1/plugins/com.st.stm32cube.ide.mcu.externaltools.gnu-tools-for-stm32.10.3-2021.10.linux64_1.0.0.202111181127/tools/bin/../lib/gcc/arm-none-eabi/10.3.1/../../../../arm-none-eabi/lib/thumb/v7-m/nofp/libc.a
LOAD /opt/st/stm32cubeide_1.10.1/plugins/com.st.stm32cube.ide.mcu.externaltools.gnu-tools-for-stm32.10.3-2021.10.linux64_1.0.0.202111181127/tools/bin/../lib/gcc/arm-none-eabi/10.3.1/../../../../arm-none-eabi/lib/thumb/v7-m/nofp/libm.a
LOAD /opt/st/stm32cubeide_1.10.1/plugins/com.st.stm32cube.ide.mcu.externaltools.gnu-tools-for-stm32.10.3-2021.10.linux64_1.0.0.202111181127/tools/bin/../lib/gcc/arm-none-eabi/10.3.1/thumb/v7-m/nofp/libgcc.a

.debug_info     0x0000000000000000    0x11bc5
 .debug_info    0x0000000000000000      0x925 ./Core/Src/SW3516.o
 .debug_info    0x0000000000000925      0xffb ./Core/Src/lcd_progm.o
 .debug_info    0x0000000000001920     0x11de ./Core/Src/main.o
 .debug_info    0x0000000000002afe      0xd6b ./Core/Src/stm32f1xx_hal_msp.o
 .debug_info    0x0000000000003869      0x726 ./Core/Src/stm32f1xx_it.o
 .debug_info    0x0000000000003f8f      0x23d ./Core/Src/system_stm32f1xx.o
 .debug_info    0x00000000000041cc       0x22 ./Core/Startup/startup_stm32f103c8tx.o
 .debug_info    0x00000000000041ee      0x734 ./Drivers/STM32F1xx_HAL_Driver/Src/stm32f1xx_hal.o
 .debug_info    0x0000000000004922      0xb20 ./Drivers/STM32F1xx_HAL_Driver/Src/stm32f1xx_hal_cortex.o
 .debug_info    0x0000000000005442      0x615 ./Drivers/STM32F1xx_HAL_Driver/Src/stm32f1xx_hal_gpio.o
 .debug_info    0x0000000000005a57     0x2734 ./Drivers/STM32F1xx_HAL_Driver/Src/stm32f1xx_hal_i2c.o
 .debug_info    0x000000000000818b      0x860 ./Drivers/STM32F1xx_HAL_Driver/Src/stm32f1xx_hal_rcc.o
 .debug_info    0x00000000000089eb     0x29de ./Drivers/STM32F1xx_HAL_Driver/Src/stm32f1xx_hal_tim.o
 .debug_info    0x000000000000b3c9     0x1513 ./Drivers/STM32F1xx_HAL_Driver/Src/stm32f1xx_hal_tim_ex.o
 .debug_info    0x000000000000c8dc     0x46d0 ./ugui/src/ugui.o
 .debug_info    0x0000000000010fac      0xc19 ./ugui/src/ugui_ST7789.o

.debug_abbrev   0x0000000000000000     0x213a
 .debug_abbrev  0x0000000000000000      0x19b ./Core/Src/SW3516.o
 .debug_abbrev  0x000000000000019b      0x236 ./Core/Src/lcd_progm.o
 .debug_abbrev  0x00000000000003d1      0x305 ./Core/Src/main.o
 .debug_abbrev  0x00000000000006d6      0x1c5 ./Core/Src/stm32f1xx_hal_msp.o
 .debug_abbrev  0x000000000000089b      0x199 ./Core/Src/stm32f1xx_it.o
 .debug_abbrev  0x0000000000000a34      0x13b ./Core/Src/system_stm32f1xx.o
 .debug_abbrev  0x0000000000000b6f       0x12 ./Core/Startup/startup_stm32f103c8tx.o
 .debug_abbrev  0x0000000000000b81      0x1fb ./Drivers/STM32F1xx_HAL_Driver/Src/stm32f1xx_hal.o
 .debug_abbrev  0x0000000000000d7c      0x2ed ./Drivers/STM32F1xx_HAL_Driver/Src/stm32f1xx_hal_cortex.o
 .debug_abbrev  0x0000000000001069      0x1bb ./Drivers/STM32F1xx_HAL_Driver/Src/stm32f1xx_hal_gpio.o
 .debug_abbrev  0x0000000000001224      0x288 ./Drivers/STM32F1xx_HAL_Driver/Src/stm32f1xx_hal_i2c.o
 .debug_abbrev  0x00000000000014ac      0x2a8 ./Drivers/STM32F1xx_HAL_Driver/Src/stm32f1xx_hal_rcc.o
 .debug_abbrev  0x0000000000001754      0x25d ./Drivers/STM32F1xx_HAL_Driver/Src/stm32f1xx_hal_tim.o
 .debug_abbrev  0x00000000000019b1      0x265 ./Drivers/STM32F1xx_HAL_Driver/Src/stm32f1xx_hal_tim_ex.o
 .debug_abbrev  0x0000000000001c16      0x274 ./ugui/src/ugui.o
 .debug_abbrev  0x0000000000001e8a      0x2b0 ./ugui/src/ugui_ST7789.o

.debug_aranges  0x0000000000000000     0x1280
 .debug_aranges
                0x0000000000000000       0x40 ./Core/Src/SW3516.o
 .debug_aranges
                0x0000000000000040       0x60 ./Core/Src/lcd_progm.o
 .debug_aranges
                0x00000000000000a0       0x58 ./Core/Src/main.o
 .debug_aranges
                0x00000000000000f8       0x40 ./Core/Src/stm32f1xx_hal_msp.o
 .debug_aranges
                0x0000000000000138       0x70 ./Core/Src/stm32f1xx_it.o
 .debug_aranges
                0x00000000000001a8       0x28 ./Core/Src/system_stm32f1xx.o
 .debug_aranges
                0x00000000000001d0       0x28 ./Core/Startup/startup_stm32f103c8tx.o
 .debug_aranges
                0x00000000000001f8       0xe0 ./Drivers/STM32F1xx_HAL_Driver/Src/stm32f1xx_hal.o
 .debug_aranges
                0x00000000000002d8      0x100 ./Drivers/STM32F1xx_HAL_Driver/Src/stm32f1xx_hal_cortex.o
 .debug_aranges
                0x00000000000003d8       0x58 ./Drivers/STM32F1xx_HAL_Driver/Src/stm32f1xx_hal_gpio.o
 .debug_aranges
                0x0000000000000430      0x2a0 ./Drivers/STM32F1xx_HAL_Driver/Src/stm32f1xx_hal_i2c.o
 .debug_aranges
                0x00000000000006d0       0x90 ./Drivers/STM32F1xx_HAL_Driver/Src/stm32f1xx_hal_rcc.o
 .debug_aranges
                0x0000000000000760      0x3d0 ./Drivers/STM32F1xx_HAL_Driver/Src/stm32f1xx_hal_tim.o
 .debug_aranges
                0x0000000000000b30      0x168 ./Drivers/STM32F1xx_HAL_Driver/Src/stm32f1xx_hal_tim_ex.o
 .debug_aranges
                0x0000000000000c98      0x560 ./ugui/src/ugui.o
 .debug_aranges
                0x00000000000011f8       0x88 ./ugui/src/ugui_ST7789.o

.debug_ranges   0x0000000000000000     0x11b0
 .debug_ranges  0x0000000000000000       0x30 ./Core/Src/SW3516.o
 .debug_ranges  0x0000000000000030       0x50 ./Core/Src/lcd_progm.o
 .debug_ranges  0x0000000000000080       0x48 ./Core/Src/main.o
 .debug_ranges  0x00000000000000c8       0x30 ./Core/Src/stm32f1xx_hal_msp.o
 .debug_ranges  0x00000000000000f8       0x60 ./Core/Src/stm32f1xx_it.o
 .debug_ranges  0x0000000000000158       0x18 ./Core/Src/system_stm32f1xx.o
 .debug_ranges  0x0000000000000170       0x20 ./Core/Startup/startup_stm32f103c8tx.o
 .debug_ranges  0x0000000000000190       0xd0 ./Drivers/STM32F1xx_HAL_Driver/Src/stm32f1xx_hal.o
 .debug_ranges  0x0000000000000260       0xf0 ./Drivers/STM32F1xx_HAL_Driver/Src/stm32f1xx_hal_cortex.o
 .debug_ranges  0x0000000000000350       0x48 ./Drivers/STM32F1xx_HAL_Driver/Src/stm32f1xx_hal_gpio.o
 .debug_ranges  0x0000000000000398      0x2b8 ./Drivers/STM32F1xx_HAL_Driver/Src/stm32f1xx_hal_i2c.o
 .debug_ranges  0x0000000000000650       0x80 ./Drivers/STM32F1xx_HAL_Driver/Src/stm32f1xx_hal_rcc.o
 .debug_ranges  0x00000000000006d0      0x3c0 ./Drivers/STM32F1xx_HAL_Driver/Src/stm32f1xx_hal_tim.o
 .debug_ranges  0x0000000000000a90      0x158 ./Drivers/STM32F1xx_HAL_Driver/Src/stm32f1xx_hal_tim_ex.o
 .debug_ranges  0x0000000000000be8      0x550 ./ugui/src/ugui.o
 .debug_ranges  0x0000000000001138       0x78 ./ugui/src/ugui_ST7789.o

.debug_macro    0x0000000000000000    0x17e1b
 .debug_macro   0x0000000000000000      0x1ca ./Core/Src/SW3516.o
 .debug_macro   0x00000000000001ca      0xa6c ./Core/Src/SW3516.o
 .debug_macro   0x0000000000000c36      0x21b ./Core/Src/SW3516.o
 .debug_macro   0x0000000000000e51       0x2e ./Core/Src/SW3516.o
 .debug_macro   0x0000000000000e7f       0x22 ./Core/Src/SW3516.o
 .debug_macro   0x0000000000000ea1       0x22 ./Core/Src/SW3516.o
 .debug_macro   0x0000000000000ec3       0x8e ./Core/Src/SW3516.o
 .debug_macro   0x0000000000000f51       0x51 ./Core/Src/SW3516.o
 .debug_macro   0x0000000000000fa2      0x103 ./Core/Src/SW3516.o
 .debug_macro   0x00000000000010a5       0x6a ./Core/Src/SW3516.o
 .debug_macro   0x000000000000110f      0x1df ./Core/Src/SW3516.o
 .debug_macro   0x00000000000012ee       0x1c ./Core/Src/SW3516.o
 .debug_macro   0x000000000000130a       0x22 ./Core/Src/SW3516.o
 .debug_macro   0x000000000000132c       0xbd ./Core/Src/SW3516.o
 .debug_macro   0x00000000000013e9      0xd23 ./Core/Src/SW3516.o
 .debug_macro   0x000000000000210c     0xe09e ./Core/Src/SW3516.o
 .debug_macro   0x00000000000101aa       0x6d ./Core/Src/SW3516.o
 .debug_macro   0x0000000000010217     0x3468 ./Core/Src/SW3516.o
 .debug_macro   0x000000000001367f      0x174 ./Core/Src/SW3516.o
 .debug_macro   0x00000000000137f3       0x5c ./Core/Src/SW3516.o
 .debug_macro   0x000000000001384f      0x5be ./Core/Src/SW3516.o
 .debug_macro   0x0000000000013e0d      0x289 ./Core/Src/SW3516.o
 .debug_macro   0x0000000000014096      0x1cb ./Core/Src/SW3516.o
 .debug_macro   0x0000000000014261      0x114 ./Core/Src/SW3516.o
 .debug_macro   0x0000000000014375      0x1b2 ./Core/Src/SW3516.o
 .debug_macro   0x0000000000014527       0x27 ./Core/Src/SW3516.o
 .debug_macro   0x000000000001454e      0x136 ./Core/Src/SW3516.o
 .debug_macro   0x0000000000014684      0x1bc ./Core/Src/SW3516.o
 .debug_macro   0x0000000000014840       0x34 ./Core/Src/SW3516.o
 .debug_macro   0x0000000000014874       0x3c ./Core/Src/SW3516.o
 .debug_macro   0x00000000000148b0       0x57 ./Core/Src/SW3516.o
 .debug_macro   0x0000000000014907       0x88 ./Core/Src/SW3516.o
 .debug_macro   0x000000000001498f      0x241 ./Core/Src/SW3516.o
 .debug_macro   0x0000000000014bd0      0x287 ./Core/Src/SW3516.o
 .debug_macro   0x0000000000014e57      0x141 ./Core/Src/SW3516.o
 .debug_macro   0x0000000000014f98      0x8d1 ./Core/Src/SW3516.o
 .debug_macro   0x0000000000015869       0x83 ./Core/Src/SW3516.o
 .debug_macro   0x00000000000158ec       0xb2 ./Core/Src/SW3516.o
 .debug_macro   0x000000000001599e       0x22 ./Core/Src/SW3516.o
 .debug_macro   0x00000000000159c0       0x8e ./Core/Src/SW3516.o
 .debug_macro   0x0000000000015a4e      0x1f0 ./Core/Src/lcd_progm.o
 .debug_macro   0x0000000000015c3e       0x34 ./Core/Src/lcd_progm.o
 .debug_macro   0x0000000000015c72      0x946 ./Core/Src/lcd_progm.o
 .debug_macro   0x00000000000165b8       0x34 ./Core/Src/lcd_progm.o
 .debug_macro   0x00000000000165ec       0x28 ./Core/Src/lcd_progm.o
 .debug_macro   0x0000000000016614      0x208 ./Core/Src/main.o
 .debug_macro   0x000000000001681c      0x1b2 ./Core/Src/stm32f1xx_hal_msp.o
 .debug_macro   0x00000000000169ce      0x1bc ./Core/Src/stm32f1xx_it.o
 .debug_macro   0x0000000000016b8a      0x1a3 ./Core/Src/system_stm32f1xx.o
 .debug_macro   0x0000000000016d2d      0x1c7 ./Drivers/STM32F1xx_HAL_Driver/Src/stm32f1xx_hal.o
 .debug_macro   0x0000000000016ef4      0x1a3 ./Drivers/STM32F1xx_HAL_Driver/Src/stm32f1xx_hal_cortex.o
 .debug_macro   0x0000000000017097      0x20e ./Drivers/STM32F1xx_HAL_Driver/Src/stm32f1xx_hal_gpio.o
 .debug_macro   0x00000000000172a5      0x1ea ./Drivers/STM32F1xx_HAL_Driver/Src/stm32f1xx_hal_i2c.o
 .debug_macro   0x000000000001748f      0x1b5 ./Drivers/STM32F1xx_HAL_Driver/Src/stm32f1xx_hal_rcc.o
 .debug_macro   0x0000000000017644      0x1a4 ./Drivers/STM32F1xx_HAL_Driver/Src/stm32f1xx_hal_tim.o
 .debug_macro   0x00000000000177e8      0x1a3 ./Drivers/STM32F1xx_HAL_Driver/Src/stm32f1xx_hal_tim_ex.o
 .debug_macro   0x000000000001798b      0x1c1 ./ugui/src/ugui.o
 .debug_macro   0x0000000000017b4c       0x2e ./ugui/src/ugui.o
 .debug_macro   0x0000000000017b7a      0x1e9 ./ugui/src/ugui_ST7789.o
 .debug_macro   0x0000000000017d63       0xb8 ./ugui/src/ugui_ST7789.o

.debug_line     0x0000000000000000    0x12e6d
 .debug_line    0x0000000000000000      0x716 ./Core/Src/SW3516.o
 .debug_line    0x0000000000000716      0xa70 ./Core/Src/lcd_progm.o
 .debug_line    0x0000000000001186      0x874 ./Core/Src/main.o
 .debug_line    0x00000000000019fa      0x6d1 ./Core/Src/stm32f1xx_hal_msp.o
 .debug_line    0x00000000000020cb      0x73f ./Core/Src/stm32f1xx_it.o
 .debug_line    0x000000000000280a      0x6cb ./Core/Src/system_stm32f1xx.o
 .debug_line    0x0000000000002ed5       0x87 ./Core/Startup/startup_stm32f103c8tx.o
 .debug_line    0x0000000000002f5c      0x8f8 ./Drivers/STM32F1xx_HAL_Driver/Src/stm32f1xx_hal.o
 .debug_line    0x0000000000003854      0xae0 ./Drivers/STM32F1xx_HAL_Driver/Src/stm32f1xx_hal_cortex.o
 .debug_line    0x0000000000004334      0x98f ./Drivers/STM32F1xx_HAL_Driver/Src/stm32f1xx_hal_gpio.o
 .debug_line    0x0000000000004cc3     0x39e2 ./Drivers/STM32F1xx_HAL_Driver/Src/stm32f1xx_hal_i2c.o
 .debug_line    0x00000000000086a5      0xd06 ./Drivers/STM32F1xx_HAL_Driver/Src/stm32f1xx_hal_rcc.o
 .debug_line    0x00000000000093ab     0x32ae ./Drivers/STM32F1xx_HAL_Driver/Src/stm32f1xx_hal_tim.o
 .debug_line    0x000000000000c659     0x1820 ./Drivers/STM32F1xx_HAL_Driver/Src/stm32f1xx_hal_tim_ex.o
 .debug_line    0x000000000000de79     0x457a ./ugui/src/ugui.o
 .debug_line    0x00000000000123f3      0xa7a ./ugui/src/ugui_ST7789.o

.debug_str      0x0000000000000000    0x89f4d
 .debug_str     0x0000000000000000    0x836f1 ./Core/Src/SW3516.o
                                      0x83aa6 (size before relaxing)
 .debug_str     0x00000000000836f1     0x2591 ./Core/Src/lcd_progm.o
                                      0x857fc (size before relaxing)
 .debug_str     0x0000000000085c82      0x8e3 ./Core/Src/main.o
                                      0x86194 (size before relaxing)
 .debug_str     0x0000000000086565       0xad ./Core/Src/stm32f1xx_hal_msp.o
                                      0x83d71 (size before relaxing)
 .debug_str     0x0000000000086612      0x11a ./Core/Src/stm32f1xx_it.o
                                      0x837b5 (size before relaxing)
 .debug_str     0x000000000008672c       0x7e ./Core/Src/system_stm32f1xx.o
                                      0x82fe4 (size before relaxing)
 .debug_str     0x00000000000867aa       0x36 ./Core/Startup/startup_stm32f103c8tx.o
                                         0x6b (size before relaxing)
 .debug_str     0x00000000000867e0      0x38e ./Drivers/STM32F1xx_HAL_Driver/Src/stm32f1xx_hal.o
                                      0x83717 (size before relaxing)
 .debug_str     0x0000000000086b6e      0x294 ./Drivers/STM32F1xx_HAL_Driver/Src/stm32f1xx_hal_cortex.o
                                      0x83663 (size before relaxing)
 .debug_str     0x0000000000086e02      0x2d1 ./Drivers/STM32F1xx_HAL_Driver/Src/stm32f1xx_hal_gpio.o
                                      0x8336a (size before relaxing)
 .debug_str     0x00000000000870d3      0xb65 ./Drivers/STM32F1xx_HAL_Driver/Src/stm32f1xx_hal_i2c.o
                                      0x84058 (size before relaxing)
 .debug_str     0x0000000000087c38      0x209 ./Drivers/STM32F1xx_HAL_Driver/Src/stm32f1xx_hal_rcc.o
                                      0x83413 (size before relaxing)
 .debug_str     0x0000000000087e41      0xda8 ./Drivers/STM32F1xx_HAL_Driver/Src/stm32f1xx_hal_tim.o
                                      0x843fe (size before relaxing)
 .debug_str     0x0000000000088be9      0x493 ./Drivers/STM32F1xx_HAL_Driver/Src/stm32f1xx_hal_tim_ex.o
                                      0x83c1a (size before relaxing)
 .debug_str     0x000000000008907c      0xd5f ./ugui/src/ugui.o
                                      0x85cb1 (size before relaxing)
 .debug_str     0x0000000000089ddb      0x172 ./ugui/src/ugui_ST7789.o
                                      0x85437 (size before relaxing)

.comment        0x0000000000000000       0x50
 .comment       0x0000000000000000       0x50 ./Core/Src/SW3516.o
                                         0x51 (size before relaxing)
 .comment       0x0000000000000050       0x51 ./Core/Src/lcd_progm.o
 .comment       0x0000000000000050       0x51 ./Core/Src/main.o
 .comment       0x0000000000000050       0x51 ./Core/Src/stm32f1xx_hal_msp.o
 .comment       0x0000000000000050       0x51 ./Core/Src/stm32f1xx_it.o
 .comment       0x0000000000000050       0x51 ./Core/Src/system_stm32f1xx.o
 .comment       0x0000000000000050       0x51 ./Drivers/STM32F1xx_HAL_Driver/Src/stm32f1xx_hal.o
 .comment       0x0000000000000050       0x51 ./Drivers/STM32F1xx_HAL_Driver/Src/stm32f1xx_hal_cortex.o
 .comment       0x0000000000000050       0x51 ./Drivers/STM32F1xx_HAL_Driver/Src/stm32f1xx_hal_gpio.o
 .comment       0x0000000000000050       0x51 ./Drivers/STM32F1xx_HAL_Driver/Src/stm32f1xx_hal_i2c.o
 .comment       0x0000000000000050       0x51 ./Drivers/STM32F1xx_HAL_Driver/Src/stm32f1xx_hal_rcc.o
 .comment       0x0000000000000050       0x51 ./Drivers/STM32F1xx_HAL_Driver/Src/stm32f1xx_hal_tim.o
 .comment       0x0000000000000050       0x51 ./Drivers/STM32F1xx_HAL_Driver/Src/stm32f1xx_hal_tim_ex.o
 .comment       0x0000000000000050       0x51 ./ugui/src/ugui.o
 .comment       0x0000000000000050       0x51 ./ugui/src/ugui_ST7789.o

.debug_frame    0x0000000000000000     0x51a8
 .debug_frame   0x0000000000000000       0xcc ./Core/Src/SW3516.o
 .debug_frame   0x00000000000000cc      0x168 ./Core/Src/lcd_progm.o
 .debug_frame   0x0000000000000234      0x124 ./Core/Src/main.o
 .debug_frame   0x0000000000000358       0xc8 ./Core/Src/stm32f1xx_hal_msp.o
 .debug_frame   0x0000000000000420      0x13c ./Core/Src/stm32f1xx_it.o
 .debug_frame   0x000000000000055c       0x58 ./Core/Src/system_stm32f1xx.o
 .debug_frame   0x00000000000005b4      0x334 ./Drivers/STM32F1xx_HAL_Driver/Src/stm32f1xx_hal.o
 .debug_frame   0x00000000000008e8      0x428 ./Drivers/STM32F1xx_HAL_Driver/Src/stm32f1xx_hal_cortex.o
 .debug_frame   0x0000000000000d10      0x14c ./Drivers/STM32F1xx_HAL_Driver/Src/stm32f1xx_hal_gpio.o
 .debug_frame   0x0000000000000e5c      0xc5c ./Drivers/STM32F1xx_HAL_Driver/Src/stm32f1xx_hal_i2c.o
 .debug_frame   0x0000000000001ab8      0x21c ./Drivers/STM32F1xx_HAL_Driver/Src/stm32f1xx_hal_rcc.o
 .debug_frame   0x0000000000001cd4     0x11b8 ./Drivers/STM32F1xx_HAL_Driver/Src/stm32f1xx_hal_tim.o
 .debug_frame   0x0000000000002e8c      0x638 ./Drivers/STM32F1xx_HAL_Driver/Src/stm32f1xx_hal_tim_ex.o
 .debug_frame   0x00000000000034c4     0x191c ./ugui/src/ugui.o
 .debug_frame   0x0000000000004de0      0x210 ./ugui/src/ugui_ST7789.o
 .debug_frame   0x0000000000004ff0       0x2c /opt/st/stm32cubeide_1.10.1/plugins/com.st.stm32cube.ide.mcu.externaltools.gnu-tools-for-stm32.10.3-2021.10.linux64_1.0.0.202111181127/tools/bin/../lib/gcc/arm-none-eabi/10.3.1/../../../../arm-none-eabi/lib/thumb/v7-m/nofp/libc_nano.a(lib_a-init.o)
 .debug_frame   0x000000000000501c       0x20 /opt/st/stm32cubeide_1.10.1/plugins/com.st.stm32cube.ide.mcu.externaltools.gnu-tools-for-stm32.10.3-2021.10.linux64_1.0.0.202111181127/tools/bin/../lib/gcc/arm-none-eabi/10.3.1/../../../../arm-none-eabi/lib/thumb/v7-m/nofp/libc_nano.a(lib_a-memset.o)
 .debug_frame   0x000000000000503c       0xac /opt/st/stm32cubeide_1.10.1/plugins/com.st.stm32cube.ide.mcu.externaltools.gnu-tools-for-stm32.10.3-2021.10.linux64_1.0.0.202111181127/tools/bin/../lib/gcc/arm-none-eabi/10.3.1/thumb/v7-m/nofp/libgcc.a(_arm_addsubdf3.o)
 .debug_frame   0x00000000000050e8       0x50 /opt/st/stm32cubeide_1.10.1/plugins/com.st.stm32cube.ide.mcu.externaltools.gnu-tools-for-stm32.10.3-2021.10.linux64_1.0.0.202111181127/tools/bin/../lib/gcc/arm-none-eabi/10.3.1/thumb/v7-m/nofp/libgcc.a(_arm_muldivdf3.o)
 .debug_frame   0x0000000000005138       0x24 /opt/st/stm32cubeide_1.10.1/plugins/com.st.stm32cube.ide.mcu.externaltools.gnu-tools-for-stm32.10.3-2021.10.linux64_1.0.0.202111181127/tools/bin/../lib/gcc/arm-none-eabi/10.3.1/thumb/v7-m/nofp/libgcc.a(_arm_truncdfsf2.o)
 .debug_frame   0x000000000000515c       0x4c /opt/st/stm32cubeide_1.10.1/plugins/com.st.stm32cube.ide.mcu.externaltools.gnu-tools-for-stm32.10.3-2021.10.linux64_1.0.0.202111181127/tools/bin/../lib/gcc/arm-none-eabi/10.3.1/thumb/v7-m/nofp/libgcc.a(_arm_addsubsf3.o)
